Archive member included to satisfy reference by file (symbol)

../Alarm_bsp//libhal_bsp.a(alt_load.o)
                              ../Alarm_bsp//obj/HAL/src/crt0.o (alt_load)
../Alarm_bsp//libhal_bsp.a(alt_main.o)
                              ../Alarm_bsp//obj/HAL/src/crt0.o (alt_main)
../Alarm_bsp//libhal_bsp.a(alt_usleep.o)
                              obj/default/hello_world_small.o (usleep)
../Alarm_bsp//libhal_bsp.a(alt_sys_init.o)
                              ../Alarm_bsp//libhal_bsp.a(alt_main.o) (alt_irq_init)
../Alarm_bsp//libhal_bsp.a(altera_up_avalon_rs232.o)
                              ../Alarm_bsp//libhal_bsp.a(alt_sys_init.o) (alt_up_rs232_read_fd)
../Alarm_bsp//libhal_bsp.a(alt_busy_sleep.o)
                              ../Alarm_bsp//libhal_bsp.a(alt_usleep.o) (alt_busy_sleep)
../Alarm_bsp//libhal_bsp.a(alt_dcache_flush_all.o)
                              ../Alarm_bsp//libhal_bsp.a(alt_load.o) (alt_dcache_flush_all)
../Alarm_bsp//libhal_bsp.a(alt_dev.o)
                              ../Alarm_bsp//libhal_bsp.a(alt_sys_init.o) (alt_dev_list)
../Alarm_bsp//libhal_bsp.a(alt_dev_llist_insert.o)
                              ../Alarm_bsp//libhal_bsp.a(alt_sys_init.o) (alt_dev_llist_insert)
../Alarm_bsp//libhal_bsp.a(alt_errno.o)
                              ../Alarm_bsp//libhal_bsp.a(alt_dev_llist_insert.o) (alt_errno)
../Alarm_bsp//libhal_bsp.a(alt_find_dev.o)
                              ../Alarm_bsp//libhal_bsp.a(altera_up_avalon_rs232.o) (alt_find_dev)
../Alarm_bsp//libhal_bsp.a(alt_icache_flush_all.o)
                              ../Alarm_bsp//libhal_bsp.a(alt_load.o) (alt_icache_flush_all)
../Alarm_bsp//libhal_bsp.a(altera_nios2_gen2_irq.o)
                              ../Alarm_bsp//libhal_bsp.a(alt_sys_init.o) (altera_nios2_gen2_irq_init)
/home/chris/intelFPGA_lite/18.1/nios2eds/bin/gnu/H-x86_64-pc-linux-gnu/bin/../lib/gcc/nios2-elf/5.3.0/../../../../../H-x86_64-pc-linux-gnu/nios2-elf/lib/mno-hw-mul/libsmallc.a(lib_a-int_errno.o)
                              ../Alarm_bsp//libhal_bsp.a(alt_dev_llist_insert.o) (errno)
/home/chris/intelFPGA_lite/18.1/nios2eds/bin/gnu/H-x86_64-pc-linux-gnu/bin/../lib/gcc/nios2-elf/5.3.0/../../../../../H-x86_64-pc-linux-gnu/nios2-elf/lib/mno-hw-mul/libsmallc.a(lib_a-memcmp.o)
                              ../Alarm_bsp//libhal_bsp.a(alt_find_dev.o) (memcmp)
/home/chris/intelFPGA_lite/18.1/nios2eds/bin/gnu/H-x86_64-pc-linux-gnu/bin/../lib/gcc/nios2-elf/5.3.0/../../../../../H-x86_64-pc-linux-gnu/nios2-elf/lib/mno-hw-mul/libsmallc.a(lib_a-strlen.o)
                              ../Alarm_bsp//libhal_bsp.a(alt_find_dev.o) (strlen)
/home/chris/intelFPGA_lite/18.1/nios2eds/bin/gnu/H-x86_64-pc-linux-gnu/bin/../lib/gcc/nios2-elf/5.3.0/mno-hw-mul/libgcc.a(lib2-divmod.o)
                              ../Alarm_bsp//libhal_bsp.a(alt_busy_sleep.o) (__udivsi3)
/home/chris/intelFPGA_lite/18.1/nios2eds/bin/gnu/H-x86_64-pc-linux-gnu/bin/../lib/gcc/nios2-elf/5.3.0/mno-hw-mul/libgcc.a(lib2-mul.o)
                              ../Alarm_bsp//libhal_bsp.a(alt_busy_sleep.o) (__mulsi3)

Allocating common symbols
Common symbol       size              file

alarmTime           0x14              obj/default/hello_world_small.o
errno               0x4               /home/chris/intelFPGA_lite/18.1/nios2eds/bin/gnu/H-x86_64-pc-linux-gnu/bin/../lib/gcc/nios2-elf/5.3.0/../../../../../H-x86_64-pc-linux-gnu/nios2-elf/lib/mno-hw-mul/libsmallc.a(lib_a-int_errno.o)
actualTime          0x14              obj/default/hello_world_small.o

Memory Configuration

Name             Origin             Length             Attributes
reset            0x0000000000020000 0x0000000000000020
ROM              0x0000000000020020 0x0000000000013fe0
RAM              0x0000000000040000 0x0000000000008000
*default*        0x0000000000000000 0xffffffffffffffff

Linker script and memory map

LOAD ../Alarm_bsp//obj/HAL/src/crt0.o
LOAD obj/default/hello_world_small.o
LOAD /home/chris/intelFPGA_lite/18.1/nios2eds/bin/gnu/H-x86_64-pc-linux-gnu/bin/../lib/gcc/nios2-elf/5.3.0/../../../../../H-x86_64-pc-linux-gnu/nios2-elf/lib/mno-hw-mul/libstdc++.a
LOAD /home/chris/intelFPGA_lite/18.1/nios2eds/bin/gnu/H-x86_64-pc-linux-gnu/bin/../lib/gcc/nios2-elf/5.3.0/../../../../../H-x86_64-pc-linux-gnu/nios2-elf/lib/mno-hw-mul/libm.a
LOAD /home/chris/intelFPGA_lite/18.1/nios2eds/bin/gnu/H-x86_64-pc-linux-gnu/bin/../lib/gcc/nios2-elf/5.3.0/mno-hw-mul/libgcc.a
START GROUP
LOAD /home/chris/intelFPGA_lite/18.1/nios2eds/bin/gnu/H-x86_64-pc-linux-gnu/bin/../lib/gcc/nios2-elf/5.3.0/../../../../../H-x86_64-pc-linux-gnu/nios2-elf/lib/mno-hw-mul/libsmallc.a
LOAD /home/chris/intelFPGA_lite/18.1/nios2eds/bin/gnu/H-x86_64-pc-linux-gnu/bin/../lib/gcc/nios2-elf/5.3.0/mno-hw-mul/libgcc.a
LOAD ../Alarm_bsp//libhal_bsp.a
LOAD /home/chris/intelFPGA_lite/18.1/nios2eds/bin/gnu/H-x86_64-pc-linux-gnu/bin/../lib/gcc/nios2-elf/5.3.0/../../../../../H-x86_64-pc-linux-gnu/nios2-elf/lib/mno-hw-mul/libm.a
END GROUP
LOAD /home/chris/intelFPGA_lite/18.1/nios2eds/bin/gnu/H-x86_64-pc-linux-gnu/bin/../lib/gcc/nios2-elf/5.3.0/mno-hw-mul/libgcc.a
                0x0000000000020000                __alt_mem_ROM = 0x20000
                0x0000000000040000                __alt_mem_RAM = 0x40000

.entry          0x0000000000020000       0x20
 *(.entry)
 .entry         0x0000000000020000       0x20 ../Alarm_bsp//obj/HAL/src/crt0.o
                0x0000000000020000                __reset
                0x000000000002000c                _exit

.exceptions     0x0000000000020020        0x0
                0x0000000000020020                PROVIDE (__ram_exceptions_start, ABSOLUTE (.))
                0x0000000000020020                . = ALIGN (0x20)
 *(.irq)
 *(.exceptions.entry.label)
 *(.exceptions.entry.user)
 *(.exceptions.entry.ecc_fatal)
 *(.exceptions.entry)
 *(.exceptions.irqtest.user)
 *(.exceptions.irqtest)
 *(.exceptions.irqhandler.user)
 *(.exceptions.irqhandler)
 *(.exceptions.irqreturn.user)
 *(.exceptions.irqreturn)
 *(.exceptions.notirq.label)
 *(.exceptions.notirq.user)
 *(.exceptions.notirq)
 *(.exceptions.soft.user)
 *(.exceptions.soft)
 *(.exceptions.unknown.user)
 *(.exceptions.unknown)
 *(.exceptions.exit.label)
 *(.exceptions.exit.user)
 *(.exceptions.exit)
 *(.exceptions)
                0x0000000000020020                PROVIDE (__ram_exceptions_end, ABSOLUTE (.))
                0x0000000000020020                PROVIDE (__flash_exceptions_start, LOADADDR (.exceptions))

.text           0x0000000000020020      0xb70
                [!provide]                        PROVIDE (stext, ABSOLUTE (.))
 *(.interp)
 *(.hash)
 *(.dynsym)
 *(.dynstr)
 *(.gnu.version)
 *(.gnu.version_d)
 *(.gnu.version_r)
 *(.rel.init)
 *(.rela.init)
 *(.rel.text .rel.text.* .rel.gnu.linkonce.t.*)
 *(.rela.text .rela.text.* .rela.gnu.linkonce.t.*)
 *(.rel.fini)
 *(.rela.fini)
 *(.rel.rodata .rel.rodata.* .rel.gnu.linkonce.r.*)
 *(.rela.rodata .rela.rodata.* .rela.gnu.linkonce.r.*)
 *(.rel.data .rel.data.* .rel.gnu.linkonce.d.*)
 *(.rela.data .rela.data.* .rela.gnu.linkonce.d.*)
 *(.rel.tdata .rel.tdata.* .rel.gnu.linkonce.td.*)
 *(.rela.tdata .rela.tdata.* .rela.gnu.linkonce.td.*)
 *(.rel.tbss .rel.tbss.* .rel.gnu.linkonce.tb.*)
 *(.rela.tbss .rela.tbss.* .rela.gnu.linkonce.tb.*)
 *(.rel.ctors)
 *(.rela.ctors)
 *(.rel.dtors)
 *(.rela.dtors)
 *(.rel.got)
 *(.rela.got)
 *(.rel.sdata .rel.sdata.* .rel.gnu.linkonce.s.*)
 *(.rela.sdata .rela.sdata.* .rela.gnu.linkonce.s.*)
 *(.rel.sbss .rel.sbss.* .rel.gnu.linkonce.sb.*)
 *(.rela.sbss .rela.sbss.* .rela.gnu.linkonce.sb.*)
 *(.rel.sdata2 .rel.sdata2.* .rel.gnu.linkonce.s2.*)
 *(.rela.sdata2 .rela.sdata2.* .rela.gnu.linkonce.s2.*)
 *(.rel.sbss2 .rel.sbss2.* .rel.gnu.linkonce.sb2.*)
 *(.rela.sbss2 .rela.sbss2.* .rela.gnu.linkonce.sb2.*)
 *(.rel.bss .rel.bss.* .rel.gnu.linkonce.b.*)
 *(.rela.bss .rela.bss.* .rela.gnu.linkonce.b.*)
 *(.rel.plt)
 *(.rela.plt)
 *(.rel.dyn)
 *(.init)
 *(.plt)
 *(.text .stub .text.* .gnu.linkonce.t.*)
 .text          0x0000000000020020       0x3c ../Alarm_bsp//obj/HAL/src/crt0.o
                0x0000000000020020                _start
 .text          0x000000000002005c      0x214 obj/default/hello_world_small.o
                0x000000000002005c                ToHexa
                0x0000000000020084                EncodeHexa
                0x00000000000200c4                UpdateTime
                0x00000000000201a0                UpdateTimeDisplays
                0x0000000000020250                LedsUpdate
 .text.startup  0x0000000000020270      0x2d8 obj/default/hello_world_small.o
                0x0000000000020270                main
 .text          0x0000000000020548       0xe0 ../Alarm_bsp//libhal_bsp.a(alt_load.o)
                0x0000000000020548                alt_load
 .text          0x0000000000020628       0x2c ../Alarm_bsp//libhal_bsp.a(alt_main.o)
                0x0000000000020628                alt_main
 .text          0x0000000000020654        0x4 ../Alarm_bsp//libhal_bsp.a(alt_usleep.o)
                0x0000000000020654                usleep
 .text          0x0000000000020658       0x30 ../Alarm_bsp//libhal_bsp.a(alt_sys_init.o)
                0x0000000000020658                alt_irq_init
                0x0000000000020678                alt_sys_init
 .text          0x0000000000020688      0x160 ../Alarm_bsp//libhal_bsp.a(altera_up_avalon_rs232.o)
                0x0000000000020688                alt_up_rs232_enable_read_interrupt
                0x00000000000206a0                alt_up_rs232_disable_read_interrupt
                0x00000000000206bc                alt_up_rs232_get_used_space_in_read_FIFO
                0x00000000000206cc                alt_up_rs232_get_available_space_in_write_FIFO
                0x00000000000206dc                alt_up_rs232_check_parity
                0x00000000000206e8                alt_up_rs232_write_data
                0x00000000000206fc                alt_up_rs232_read_data
                0x0000000000020748                alt_up_rs232_read_fd
                0x00000000000207b8                alt_up_rs232_write_fd
                0x00000000000207e0                alt_up_rs232_open_dev
 .text          0x00000000000207e8       0x88 ../Alarm_bsp//libhal_bsp.a(alt_busy_sleep.o)
                0x00000000000207e8                alt_busy_sleep
 .text          0x0000000000020870        0x4 ../Alarm_bsp//libhal_bsp.a(alt_dcache_flush_all.o)
                0x0000000000020870                alt_dcache_flush_all
 .text          0x0000000000020874        0x8 ../Alarm_bsp//libhal_bsp.a(alt_dev.o)
 .text          0x000000000002087c       0x6c ../Alarm_bsp//libhal_bsp.a(alt_dev_llist_insert.o)
                0x000000000002087c                alt_dev_llist_insert
 .text          0x00000000000208e8        0x0 ../Alarm_bsp//libhal_bsp.a(alt_errno.o)
 .text          0x00000000000208e8       0x74 ../Alarm_bsp//libhal_bsp.a(alt_find_dev.o)
                0x00000000000208e8                alt_find_dev
 .text          0x000000000002095c        0x4 ../Alarm_bsp//libhal_bsp.a(alt_icache_flush_all.o)
                0x000000000002095c                alt_icache_flush_all
 .text          0x0000000000020960        0x8 ../Alarm_bsp//libhal_bsp.a(altera_nios2_gen2_irq.o)
                0x0000000000020960                altera_nios2_gen2_irq_init
 .text          0x0000000000020968        0x0 /home/chris/intelFPGA_lite/18.1/nios2eds/bin/gnu/H-x86_64-pc-linux-gnu/bin/../lib/gcc/nios2-elf/5.3.0/../../../../../H-x86_64-pc-linux-gnu/nios2-elf/lib/mno-hw-mul/libsmallc.a(lib_a-int_errno.o)
 .text          0x0000000000020968        0x0 /home/chris/intelFPGA_lite/18.1/nios2eds/bin/gnu/H-x86_64-pc-linux-gnu/bin/../lib/gcc/nios2-elf/5.3.0/../../../../../H-x86_64-pc-linux-gnu/nios2-elf/lib/mno-hw-mul/libsmallc.a(lib_a-memcmp.o)
 .text.memcmp   0x0000000000020968       0x30 /home/chris/intelFPGA_lite/18.1/nios2eds/bin/gnu/H-x86_64-pc-linux-gnu/bin/../lib/gcc/nios2-elf/5.3.0/../../../../../H-x86_64-pc-linux-gnu/nios2-elf/lib/mno-hw-mul/libsmallc.a(lib_a-memcmp.o)
                0x0000000000020968                memcmp
 .text          0x0000000000020998        0x0 /home/chris/intelFPGA_lite/18.1/nios2eds/bin/gnu/H-x86_64-pc-linux-gnu/bin/../lib/gcc/nios2-elf/5.3.0/../../../../../H-x86_64-pc-linux-gnu/nios2-elf/lib/mno-hw-mul/libsmallc.a(lib_a-strlen.o)
 .text.strlen   0x0000000000020998       0x1c /home/chris/intelFPGA_lite/18.1/nios2eds/bin/gnu/H-x86_64-pc-linux-gnu/bin/../lib/gcc/nios2-elf/5.3.0/../../../../../H-x86_64-pc-linux-gnu/nios2-elf/lib/mno-hw-mul/libsmallc.a(lib_a-strlen.o)
                0x0000000000020998                strlen
 .text          0x00000000000209b4      0x1b4 /home/chris/intelFPGA_lite/18.1/nios2eds/bin/gnu/H-x86_64-pc-linux-gnu/bin/../lib/gcc/nios2-elf/5.3.0/mno-hw-mul/libgcc.a(lib2-divmod.o)
                0x00000000000209b4                __divsi3
                0x0000000000020a38                __modsi3
                0x0000000000020aac                __udivsi3
                0x0000000000020b10                __umodsi3
 .text          0x0000000000020b68       0x28 /home/chris/intelFPGA_lite/18.1/nios2eds/bin/gnu/H-x86_64-pc-linux-gnu/bin/../lib/gcc/nios2-elf/5.3.0/mno-hw-mul/libgcc.a(lib2-mul.o)
                0x0000000000020b68                __mulsi3
 *(.gnu.warning.*)
 *(.fini)
                [!provide]                        PROVIDE (__etext, ABSOLUTE (.))
                [!provide]                        PROVIDE (_etext, ABSOLUTE (.))
                [!provide]                        PROVIDE (etext, ABSOLUTE (.))
 *(.eh_frame_hdr)
                0x0000000000020b90                . = ALIGN (0x4)
                [!provide]                        PROVIDE (__preinit_array_start, ABSOLUTE (.))
 *(.preinit_array)
                [!provide]                        PROVIDE (__preinit_array_end, ABSOLUTE (.))
                [!provide]                        PROVIDE (__init_array_start, ABSOLUTE (.))
 *(.init_array)
                [!provide]                        PROVIDE (__init_array_end, ABSOLUTE (.))
                [!provide]                        PROVIDE (__fini_array_start, ABSOLUTE (.))
 *(.fini_array)
                [!provide]                        PROVIDE (__fini_array_end, ABSOLUTE (.))
 *(.eh_frame)
 *(.gcc_except_table .gcc_except_table.*)
 *(.dynamic)
                [!provide]                        PROVIDE (__CTOR_LIST__, ABSOLUTE (.))
 *(.ctors)
 *(SORT(.ctors.*))
                [!provide]                        PROVIDE (__CTOR_END__, ABSOLUTE (.))
                [!provide]                        PROVIDE (__DTOR_LIST__, ABSOLUTE (.))
 *(.dtors)
 *(SORT(.dtors.*))
                [!provide]                        PROVIDE (__DTOR_END__, ABSOLUTE (.))
 *(.jcr)
                0x0000000000020b90                . = ALIGN (0x4)

.rodata         0x0000000000040000       0x24 load address 0x0000000000020b90
                0x0000000000040000                PROVIDE (__ram_rodata_start, ABSOLUTE (.))
                0x0000000000040000                . = ALIGN (0x4)
 *(.rodata .rodata.* .gnu.linkonce.r.*)
 .rodata        0x0000000000040000        0xc obj/default/hello_world_small.o
 .rodata.str1.4
                0x000000000004000c        0xa ../Alarm_bsp//libhal_bsp.a(alt_sys_init.o)
 *fill*         0x0000000000040016        0x2 
 .rodata.str1.4
                0x0000000000040018        0xc ../Alarm_bsp//libhal_bsp.a(alt_dev.o)
                                          0xa (size before relaxing)
 *(.rodata1)
                0x0000000000040024                . = ALIGN (0x4)
                0x0000000000040024                PROVIDE (__ram_rodata_end, ABSOLUTE (.))
                0x0000000000020b90                PROVIDE (__flash_rodata_start, LOADADDR (.rodata))

.rwdata         0x0000000000040024       0xc8 load address 0x0000000000020bb4
                0x0000000000040024                PROVIDE (__ram_rwdata_start, ABSOLUTE (.))
                0x0000000000040024                . = ALIGN (0x4)
 *(.got.plt)
 *(.got)
 *(.data1)
 *(.data .data.* .gnu.linkonce.d.*)
 .data          0x0000000000040024        0x0 ../Alarm_bsp//obj/HAL/src/crt0.o
 .data          0x0000000000040024        0x0 obj/default/hello_world_small.o
 .data          0x0000000000040024        0x0 ../Alarm_bsp//libhal_bsp.a(alt_load.o)
 .data          0x0000000000040024        0x0 ../Alarm_bsp//libhal_bsp.a(alt_main.o)
 .data          0x0000000000040024        0x0 ../Alarm_bsp//libhal_bsp.a(alt_usleep.o)
 .data          0x0000000000040024       0x2c ../Alarm_bsp//libhal_bsp.a(alt_sys_init.o)
 .data          0x0000000000040050        0x0 ../Alarm_bsp//libhal_bsp.a(altera_up_avalon_rs232.o)
 .data          0x0000000000040050        0x0 ../Alarm_bsp//libhal_bsp.a(alt_busy_sleep.o)
 .data          0x0000000000040050        0x0 ../Alarm_bsp//libhal_bsp.a(alt_dcache_flush_all.o)
 .data          0x0000000000040050       0x58 ../Alarm_bsp//libhal_bsp.a(alt_dev.o)
                0x0000000000040050                alt_fd_list
                0x0000000000040080                alt_dev_null
 .data          0x00000000000400a8        0x0 ../Alarm_bsp//libhal_bsp.a(alt_dev_llist_insert.o)
 .data          0x00000000000400a8        0x0 ../Alarm_bsp//libhal_bsp.a(alt_errno.o)
 .data          0x00000000000400a8        0x0 ../Alarm_bsp//libhal_bsp.a(alt_find_dev.o)
 .data          0x00000000000400a8        0x0 ../Alarm_bsp//libhal_bsp.a(alt_icache_flush_all.o)
 .data          0x00000000000400a8        0x0 ../Alarm_bsp//libhal_bsp.a(altera_nios2_gen2_irq.o)
 .data          0x00000000000400a8        0x0 /home/chris/intelFPGA_lite/18.1/nios2eds/bin/gnu/H-x86_64-pc-linux-gnu/bin/../lib/gcc/nios2-elf/5.3.0/../../../../../H-x86_64-pc-linux-gnu/nios2-elf/lib/mno-hw-mul/libsmallc.a(lib_a-int_errno.o)
 .data          0x00000000000400a8        0x0 /home/chris/intelFPGA_lite/18.1/nios2eds/bin/gnu/H-x86_64-pc-linux-gnu/bin/../lib/gcc/nios2-elf/5.3.0/../../../../../H-x86_64-pc-linux-gnu/nios2-elf/lib/mno-hw-mul/libsmallc.a(lib_a-memcmp.o)
 .data          0x00000000000400a8        0x0 /home/chris/intelFPGA_lite/18.1/nios2eds/bin/gnu/H-x86_64-pc-linux-gnu/bin/../lib/gcc/nios2-elf/5.3.0/../../../../../H-x86_64-pc-linux-gnu/nios2-elf/lib/mno-hw-mul/libsmallc.a(lib_a-strlen.o)
 .data          0x00000000000400a8        0x0 /home/chris/intelFPGA_lite/18.1/nios2eds/bin/gnu/H-x86_64-pc-linux-gnu/bin/../lib/gcc/nios2-elf/5.3.0/mno-hw-mul/libgcc.a(lib2-divmod.o)
 .data          0x00000000000400a8        0x0 /home/chris/intelFPGA_lite/18.1/nios2eds/bin/gnu/H-x86_64-pc-linux-gnu/bin/../lib/gcc/nios2-elf/5.3.0/mno-hw-mul/libgcc.a(lib2-mul.o)
                0x00000000000480a8                _gp = ABSOLUTE ((. + 0x8000))
                [!provide]                        PROVIDE (gp, _gp)
 *(.rwdata .rwdata.*)
 *(.sdata .sdata.* .gnu.linkonce.s.*)
 .sdata         0x00000000000400a8       0x28 obj/default/hello_world_small.o
                0x00000000000400a8                ledsOn
                0x00000000000400ac                ledsValue
                0x00000000000400b0                timerCoreStatus
                0x00000000000400b4                leds
                0x00000000000400b8                gpioOut
                0x00000000000400bc                buttons
                0x00000000000400c0                switches
                0x00000000000400c4                hours
                0x00000000000400c8                minutes
                0x00000000000400cc                seconds
 .sdata         0x00000000000400d0        0x4 ../Alarm_bsp//libhal_bsp.a(alt_sys_init.o)
                0x00000000000400d0                JTAG
 .sdata         0x00000000000400d4       0x14 ../Alarm_bsp//libhal_bsp.a(alt_dev.o)
                0x00000000000400d4                alt_max_fd
                0x00000000000400d8                alt_dev_list
                0x00000000000400e0                alt_fs_list
 .sdata         0x00000000000400e8        0x4 ../Alarm_bsp//libhal_bsp.a(alt_errno.o)
                0x00000000000400e8                alt_errno
 *(.sdata2 .sdata2.* .gnu.linkonce.s2.*)
                0x00000000000400ec                . = ALIGN (0x4)
                0x00000000000400ec                _edata = ABSOLUTE (.)
                [!provide]                        PROVIDE (edata, ABSOLUTE (.))
                0x00000000000400ec                PROVIDE (__ram_rwdata_end, ABSOLUTE (.))
                0x0000000000020bb4                PROVIDE (__flash_rwdata_start, LOADADDR (.rwdata))

.bss            0x00000000000400ec       0x40 load address 0x0000000000020c7c
                0x00000000000400ec                __bss_start = ABSOLUTE (.)
                [!provide]                        PROVIDE (__sbss_start, ABSOLUTE (.))
                [!provide]                        PROVIDE (___sbss_start, ABSOLUTE (.))
 *(.dynsbss)
 *(.sbss .sbss.* .gnu.linkonce.sb.*)
 .sbss          0x00000000000400ec        0x7 obj/default/hello_world_small.o
                0x00000000000400ec                counter
                0x00000000000400f0                alarmStatus
                0x00000000000400f1                settingAlarm
                0x00000000000400f2                switchingAlarm
 *fill*         0x00000000000400f3        0x1 
 .sbss          0x00000000000400f4        0xc ../Alarm_bsp//libhal_bsp.a(alt_main.o)
                0x00000000000400f4                alt_envp
                0x00000000000400f8                alt_argv
                0x00000000000400fc                alt_argc
 .sbss          0x0000000000040100        0x4 /home/chris/intelFPGA_lite/18.1/nios2eds/bin/gnu/H-x86_64-pc-linux-gnu/bin/../lib/gcc/nios2-elf/5.3.0/../../../../../H-x86_64-pc-linux-gnu/nios2-elf/lib/mno-hw-mul/libsmallc.a(lib_a-int_errno.o)
                0x0000000000040100                errno
 *(.sbss2 .sbss2.* .gnu.linkonce.sb2.*)
 *(.scommon)
                [!provide]                        PROVIDE (__sbss_end, ABSOLUTE (.))
                [!provide]                        PROVIDE (___sbss_end, ABSOLUTE (.))
 *(.dynbss)
 *(.bss .bss.* .gnu.linkonce.b.*)
 .bss           0x0000000000040104        0x0 ../Alarm_bsp//obj/HAL/src/crt0.o
 .bss           0x0000000000040104        0x0 obj/default/hello_world_small.o
 .bss           0x0000000000040104        0x0 ../Alarm_bsp//libhal_bsp.a(alt_load.o)
 .bss           0x0000000000040104        0x0 ../Alarm_bsp//libhal_bsp.a(alt_main.o)
 .bss           0x0000000000040104        0x0 ../Alarm_bsp//libhal_bsp.a(alt_usleep.o)
 .bss           0x0000000000040104        0x0 ../Alarm_bsp//libhal_bsp.a(alt_sys_init.o)
 .bss           0x0000000000040104        0x0 ../Alarm_bsp//libhal_bsp.a(altera_up_avalon_rs232.o)
 .bss           0x0000000000040104        0x0 ../Alarm_bsp//libhal_bsp.a(alt_busy_sleep.o)
 .bss           0x0000000000040104        0x0 ../Alarm_bsp//libhal_bsp.a(alt_dcache_flush_all.o)
 .bss           0x0000000000040104        0x0 ../Alarm_bsp//libhal_bsp.a(alt_dev.o)
 .bss           0x0000000000040104        0x0 ../Alarm_bsp//libhal_bsp.a(alt_dev_llist_insert.o)
 .bss           0x0000000000040104        0x0 ../Alarm_bsp//libhal_bsp.a(alt_errno.o)
 .bss           0x0000000000040104        0x0 ../Alarm_bsp//libhal_bsp.a(alt_find_dev.o)
 .bss           0x0000000000040104        0x0 ../Alarm_bsp//libhal_bsp.a(alt_icache_flush_all.o)
 .bss           0x0000000000040104        0x0 ../Alarm_bsp//libhal_bsp.a(altera_nios2_gen2_irq.o)
 .bss           0x0000000000040104        0x0 /home/chris/intelFPGA_lite/18.1/nios2eds/bin/gnu/H-x86_64-pc-linux-gnu/bin/../lib/gcc/nios2-elf/5.3.0/../../../../../H-x86_64-pc-linux-gnu/nios2-elf/lib/mno-hw-mul/libsmallc.a(lib_a-int_errno.o)
 .bss           0x0000000000040104        0x0 /home/chris/intelFPGA_lite/18.1/nios2eds/bin/gnu/H-x86_64-pc-linux-gnu/bin/../lib/gcc/nios2-elf/5.3.0/../../../../../H-x86_64-pc-linux-gnu/nios2-elf/lib/mno-hw-mul/libsmallc.a(lib_a-memcmp.o)
 .bss           0x0000000000040104        0x0 /home/chris/intelFPGA_lite/18.1/nios2eds/bin/gnu/H-x86_64-pc-linux-gnu/bin/../lib/gcc/nios2-elf/5.3.0/../../../../../H-x86_64-pc-linux-gnu/nios2-elf/lib/mno-hw-mul/libsmallc.a(lib_a-strlen.o)
 .bss           0x0000000000040104        0x0 /home/chris/intelFPGA_lite/18.1/nios2eds/bin/gnu/H-x86_64-pc-linux-gnu/bin/../lib/gcc/nios2-elf/5.3.0/mno-hw-mul/libgcc.a(lib2-divmod.o)
 .bss           0x0000000000040104        0x0 /home/chris/intelFPGA_lite/18.1/nios2eds/bin/gnu/H-x86_64-pc-linux-gnu/bin/../lib/gcc/nios2-elf/5.3.0/mno-hw-mul/libgcc.a(lib2-mul.o)
 *(COMMON)
 COMMON         0x0000000000040104       0x28 obj/default/hello_world_small.o
                0x0000000000040104                alarmTime
                0x0000000000040118                actualTime
                0x000000000004012c                . = ALIGN (0x4)
                0x000000000004012c                __bss_end = ABSOLUTE (.)

.ROM            0x0000000000020c7c        0x0
                [!provide]                        PROVIDE (_alt_partition_ROM_start, ABSOLUTE (.))
 *(.ROM .ROM. ROM.*)
                0x0000000000020c7c                . = ALIGN (0x4)
                [!provide]                        PROVIDE (_alt_partition_ROM_end, ABSOLUTE (.))
                [!provide]                        PROVIDE (_alt_partition_ROM_load_addr, LOADADDR (.ROM))

.RAM            0x000000000004012c        0x0 load address 0x0000000000020c7c
                [!provide]                        PROVIDE (_alt_partition_RAM_start, ABSOLUTE (.))
 *(.RAM .RAM. RAM.*)
                0x000000000004012c                . = ALIGN (0x4)
                [!provide]                        PROVIDE (_alt_partition_RAM_end, ABSOLUTE (.))
                0x000000000004012c                _end = ABSOLUTE (.)
                0x000000000004012c                end = ABSOLUTE (.)
                0x000000000004012c                __alt_stack_base = ABSOLUTE (.)
                [!provide]                        PROVIDE (_alt_partition_RAM_load_addr, LOADADDR (.RAM))

.stab
 *(.stab)

.stabstr
 *(.stabstr)

.stab.excl
 *(.stab.excl)

.stab.exclstr
 *(.stab.exclstr)

.stab.index
 *(.stab.index)

.stab.indexstr
 *(.stab.indexstr)

.comment        0x0000000000000000       0x23
 *(.comment)
 .comment       0x0000000000000000       0x23 obj/default/hello_world_small.o
                                         0x24 (size before relaxing)
 .comment       0x0000000000000023       0x24 ../Alarm_bsp//libhal_bsp.a(alt_load.o)
 .comment       0x0000000000000023       0x24 ../Alarm_bsp//libhal_bsp.a(alt_main.o)
 .comment       0x0000000000000023       0x24 ../Alarm_bsp//libhal_bsp.a(alt_usleep.o)
 .comment       0x0000000000000023       0x24 ../Alarm_bsp//libhal_bsp.a(alt_sys_init.o)
 .comment       0x0000000000000023       0x24 ../Alarm_bsp//libhal_bsp.a(altera_up_avalon_rs232.o)
 .comment       0x0000000000000023       0x24 ../Alarm_bsp//libhal_bsp.a(alt_busy_sleep.o)
 .comment       0x0000000000000023       0x24 ../Alarm_bsp//libhal_bsp.a(alt_dcache_flush_all.o)
 .comment       0x0000000000000023       0x24 ../Alarm_bsp//libhal_bsp.a(alt_dev.o)
 .comment       0x0000000000000023       0x24 ../Alarm_bsp//libhal_bsp.a(alt_dev_llist_insert.o)
 .comment       0x0000000000000023       0x24 ../Alarm_bsp//libhal_bsp.a(alt_errno.o)
 .comment       0x0000000000000023       0x24 ../Alarm_bsp//libhal_bsp.a(alt_find_dev.o)
 .comment       0x0000000000000023       0x24 ../Alarm_bsp//libhal_bsp.a(alt_icache_flush_all.o)
 .comment       0x0000000000000023       0x24 ../Alarm_bsp//libhal_bsp.a(altera_nios2_gen2_irq.o)
 .comment       0x0000000000000023       0x24 /home/chris/intelFPGA_lite/18.1/nios2eds/bin/gnu/H-x86_64-pc-linux-gnu/bin/../lib/gcc/nios2-elf/5.3.0/../../../../../H-x86_64-pc-linux-gnu/nios2-elf/lib/mno-hw-mul/libsmallc.a(lib_a-int_errno.o)
 .comment       0x0000000000000023       0x24 /home/chris/intelFPGA_lite/18.1/nios2eds/bin/gnu/H-x86_64-pc-linux-gnu/bin/../lib/gcc/nios2-elf/5.3.0/../../../../../H-x86_64-pc-linux-gnu/nios2-elf/lib/mno-hw-mul/libsmallc.a(lib_a-memcmp.o)
 .comment       0x0000000000000023       0x24 /home/chris/intelFPGA_lite/18.1/nios2eds/bin/gnu/H-x86_64-pc-linux-gnu/bin/../lib/gcc/nios2-elf/5.3.0/../../../../../H-x86_64-pc-linux-gnu/nios2-elf/lib/mno-hw-mul/libsmallc.a(lib_a-strlen.o)
 .comment       0x0000000000000023       0x24 /home/chris/intelFPGA_lite/18.1/nios2eds/bin/gnu/H-x86_64-pc-linux-gnu/bin/../lib/gcc/nios2-elf/5.3.0/mno-hw-mul/libgcc.a(lib2-divmod.o)
 .comment       0x0000000000000023       0x24 /home/chris/intelFPGA_lite/18.1/nios2eds/bin/gnu/H-x86_64-pc-linux-gnu/bin/../lib/gcc/nios2-elf/5.3.0/mno-hw-mul/libgcc.a(lib2-mul.o)

.debug
 *(.debug)

.line
 *(.line)

.debug_srcinfo
 *(.debug_srcinfo)

.debug_sfnames
 *(.debug_sfnames)

.debug_aranges  0x0000000000000000      0x280
 *(.debug_aranges)
 .debug_aranges
                0x0000000000000000       0x28 ../Alarm_bsp//obj/HAL/src/crt0.o
 .debug_aranges
                0x0000000000000028       0x28 obj/default/hello_world_small.o
 .debug_aranges
                0x0000000000000050       0x20 ../Alarm_bsp//libhal_bsp.a(alt_load.o)
 .debug_aranges
                0x0000000000000070       0x20 ../Alarm_bsp//libhal_bsp.a(alt_main.o)
 .debug_aranges
                0x0000000000000090       0x20 ../Alarm_bsp//libhal_bsp.a(alt_usleep.o)
 .debug_aranges
                0x00000000000000b0       0x20 ../Alarm_bsp//libhal_bsp.a(alt_sys_init.o)
 .debug_aranges
                0x00000000000000d0       0x20 ../Alarm_bsp//libhal_bsp.a(altera_up_avalon_rs232.o)
 .debug_aranges
                0x00000000000000f0       0x20 ../Alarm_bsp//libhal_bsp.a(alt_busy_sleep.o)
 .debug_aranges
                0x0000000000000110       0x20 ../Alarm_bsp//libhal_bsp.a(alt_dcache_flush_all.o)
 .debug_aranges
                0x0000000000000130       0x20 ../Alarm_bsp//libhal_bsp.a(alt_dev.o)
 .debug_aranges
                0x0000000000000150       0x20 ../Alarm_bsp//libhal_bsp.a(alt_dev_llist_insert.o)
 .debug_aranges
                0x0000000000000170       0x18 ../Alarm_bsp//libhal_bsp.a(alt_errno.o)
 .debug_aranges
                0x0000000000000188       0x20 ../Alarm_bsp//libhal_bsp.a(alt_find_dev.o)
 .debug_aranges
                0x00000000000001a8       0x20 ../Alarm_bsp//libhal_bsp.a(alt_icache_flush_all.o)
 .debug_aranges
                0x00000000000001c8       0x20 ../Alarm_bsp//libhal_bsp.a(altera_nios2_gen2_irq.o)
 .debug_aranges
                0x00000000000001e8       0x18 /home/chris/intelFPGA_lite/18.1/nios2eds/bin/gnu/H-x86_64-pc-linux-gnu/bin/../lib/gcc/nios2-elf/5.3.0/../../../../../H-x86_64-pc-linux-gnu/nios2-elf/lib/mno-hw-mul/libsmallc.a(lib_a-int_errno.o)
 .debug_aranges
                0x0000000000000200       0x20 /home/chris/intelFPGA_lite/18.1/nios2eds/bin/gnu/H-x86_64-pc-linux-gnu/bin/../lib/gcc/nios2-elf/5.3.0/../../../../../H-x86_64-pc-linux-gnu/nios2-elf/lib/mno-hw-mul/libsmallc.a(lib_a-memcmp.o)
 .debug_aranges
                0x0000000000000220       0x20 /home/chris/intelFPGA_lite/18.1/nios2eds/bin/gnu/H-x86_64-pc-linux-gnu/bin/../lib/gcc/nios2-elf/5.3.0/../../../../../H-x86_64-pc-linux-gnu/nios2-elf/lib/mno-hw-mul/libsmallc.a(lib_a-strlen.o)
 .debug_aranges
                0x0000000000000240       0x20 /home/chris/intelFPGA_lite/18.1/nios2eds/bin/gnu/H-x86_64-pc-linux-gnu/bin/../lib/gcc/nios2-elf/5.3.0/mno-hw-mul/libgcc.a(lib2-divmod.o)
 .debug_aranges
                0x0000000000000260       0x20 /home/chris/intelFPGA_lite/18.1/nios2eds/bin/gnu/H-x86_64-pc-linux-gnu/bin/../lib/gcc/nios2-elf/5.3.0/mno-hw-mul/libgcc.a(lib2-mul.o)

.debug_pubnames
 *(.debug_pubnames)

.debug_info     0x0000000000000000     0x264a
 *(.debug_info .gnu.linkonce.wi.*)
 .debug_info    0x0000000000000000       0x93 ../Alarm_bsp//obj/HAL/src/crt0.o
 .debug_info    0x0000000000000093      0x4aa obj/default/hello_world_small.o
 .debug_info    0x000000000000053d      0x1c9 ../Alarm_bsp//libhal_bsp.a(alt_load.o)
 .debug_info    0x0000000000000706      0x18f ../Alarm_bsp//libhal_bsp.a(alt_main.o)
 .debug_info    0x0000000000000895       0xd1 ../Alarm_bsp//libhal_bsp.a(alt_usleep.o)
 .debug_info    0x0000000000000966      0x459 ../Alarm_bsp//libhal_bsp.a(alt_sys_init.o)
 .debug_info    0x0000000000000dbf      0x5f7 ../Alarm_bsp//libhal_bsp.a(altera_up_avalon_rs232.o)
 .debug_info    0x00000000000013b6       0xd8 ../Alarm_bsp//libhal_bsp.a(alt_busy_sleep.o)
 .debug_info    0x000000000000148e       0x92 ../Alarm_bsp//libhal_bsp.a(alt_dcache_flush_all.o)
 .debug_info    0x0000000000001520      0x499 ../Alarm_bsp//libhal_bsp.a(alt_dev.o)
 .debug_info    0x00000000000019b9      0x1b3 ../Alarm_bsp//libhal_bsp.a(alt_dev_llist_insert.o)
 .debug_info    0x0000000000001b6c       0xa6 ../Alarm_bsp//libhal_bsp.a(alt_errno.o)
 .debug_info    0x0000000000001c12      0x32d ../Alarm_bsp//libhal_bsp.a(alt_find_dev.o)
 .debug_info    0x0000000000001f3f       0x92 ../Alarm_bsp//libhal_bsp.a(alt_icache_flush_all.o)
 .debug_info    0x0000000000001fd1       0xb8 ../Alarm_bsp//libhal_bsp.a(altera_nios2_gen2_irq.o)
 .debug_info    0x0000000000002089       0x8a /home/chris/intelFPGA_lite/18.1/nios2eds/bin/gnu/H-x86_64-pc-linux-gnu/bin/../lib/gcc/nios2-elf/5.3.0/../../../../../H-x86_64-pc-linux-gnu/nios2-elf/lib/mno-hw-mul/libsmallc.a(lib_a-int_errno.o)
 .debug_info    0x0000000000002113       0xf4 /home/chris/intelFPGA_lite/18.1/nios2eds/bin/gnu/H-x86_64-pc-linux-gnu/bin/../lib/gcc/nios2-elf/5.3.0/../../../../../H-x86_64-pc-linux-gnu/nios2-elf/lib/mno-hw-mul/libsmallc.a(lib_a-memcmp.o)
 .debug_info    0x0000000000002207       0xc9 /home/chris/intelFPGA_lite/18.1/nios2eds/bin/gnu/H-x86_64-pc-linux-gnu/bin/../lib/gcc/nios2-elf/5.3.0/../../../../../H-x86_64-pc-linux-gnu/nios2-elf/lib/mno-hw-mul/libsmallc.a(lib_a-strlen.o)
 .debug_info    0x00000000000022d0      0x2c6 /home/chris/intelFPGA_lite/18.1/nios2eds/bin/gnu/H-x86_64-pc-linux-gnu/bin/../lib/gcc/nios2-elf/5.3.0/mno-hw-mul/libgcc.a(lib2-divmod.o)
 .debug_info    0x0000000000002596       0xb4 /home/chris/intelFPGA_lite/18.1/nios2eds/bin/gnu/H-x86_64-pc-linux-gnu/bin/../lib/gcc/nios2-elf/5.3.0/mno-hw-mul/libgcc.a(lib2-mul.o)

.debug_abbrev   0x0000000000000000      0xf3b
 *(.debug_abbrev)
 .debug_abbrev  0x0000000000000000       0x12 ../Alarm_bsp//obj/HAL/src/crt0.o
 .debug_abbrev  0x0000000000000012      0x1cc obj/default/hello_world_small.o
 .debug_abbrev  0x00000000000001de       0xd8 ../Alarm_bsp//libhal_bsp.a(alt_load.o)
 .debug_abbrev  0x00000000000002b6       0xf5 ../Alarm_bsp//libhal_bsp.a(alt_main.o)
 .debug_abbrev  0x00000000000003ab       0x8d ../Alarm_bsp//libhal_bsp.a(alt_usleep.o)
 .debug_abbrev  0x0000000000000438      0x1a5 ../Alarm_bsp//libhal_bsp.a(alt_sys_init.o)
 .debug_abbrev  0x00000000000005dd      0x1c0 ../Alarm_bsp//libhal_bsp.a(altera_up_avalon_rs232.o)
 .debug_abbrev  0x000000000000079d       0x8d ../Alarm_bsp//libhal_bsp.a(alt_busy_sleep.o)
 .debug_abbrev  0x000000000000082a       0x42 ../Alarm_bsp//libhal_bsp.a(alt_dcache_flush_all.o)
 .debug_abbrev  0x000000000000086c       0xd9 ../Alarm_bsp//libhal_bsp.a(alt_dev.o)
 .debug_abbrev  0x0000000000000945      0x11c ../Alarm_bsp//libhal_bsp.a(alt_dev_llist_insert.o)
 .debug_abbrev  0x0000000000000a61       0x5a ../Alarm_bsp//libhal_bsp.a(alt_errno.o)
 .debug_abbrev  0x0000000000000abb      0x125 ../Alarm_bsp//libhal_bsp.a(alt_find_dev.o)
 .debug_abbrev  0x0000000000000be0       0x42 ../Alarm_bsp//libhal_bsp.a(alt_icache_flush_all.o)
 .debug_abbrev  0x0000000000000c22       0x67 ../Alarm_bsp//libhal_bsp.a(altera_nios2_gen2_irq.o)
 .debug_abbrev  0x0000000000000c89       0x37 /home/chris/intelFPGA_lite/18.1/nios2eds/bin/gnu/H-x86_64-pc-linux-gnu/bin/../lib/gcc/nios2-elf/5.3.0/../../../../../H-x86_64-pc-linux-gnu/nios2-elf/lib/mno-hw-mul/libsmallc.a(lib_a-int_errno.o)
 .debug_abbrev  0x0000000000000cc0       0x7f /home/chris/intelFPGA_lite/18.1/nios2eds/bin/gnu/H-x86_64-pc-linux-gnu/bin/../lib/gcc/nios2-elf/5.3.0/../../../../../H-x86_64-pc-linux-gnu/nios2-elf/lib/mno-hw-mul/libsmallc.a(lib_a-memcmp.o)
 .debug_abbrev  0x0000000000000d3f       0x7f /home/chris/intelFPGA_lite/18.1/nios2eds/bin/gnu/H-x86_64-pc-linux-gnu/bin/../lib/gcc/nios2-elf/5.3.0/../../../../../H-x86_64-pc-linux-gnu/nios2-elf/lib/mno-hw-mul/libsmallc.a(lib_a-strlen.o)
 .debug_abbrev  0x0000000000000dbe      0x10e /home/chris/intelFPGA_lite/18.1/nios2eds/bin/gnu/H-x86_64-pc-linux-gnu/bin/../lib/gcc/nios2-elf/5.3.0/mno-hw-mul/libgcc.a(lib2-divmod.o)
 .debug_abbrev  0x0000000000000ecc       0x6f /home/chris/intelFPGA_lite/18.1/nios2eds/bin/gnu/H-x86_64-pc-linux-gnu/bin/../lib/gcc/nios2-elf/5.3.0/mno-hw-mul/libgcc.a(lib2-mul.o)

.debug_line     0x0000000000000000     0x10e0
 *(.debug_line)
 .debug_line    0x0000000000000000       0x66 ../Alarm_bsp//obj/HAL/src/crt0.o
 .debug_line    0x0000000000000066      0x1d3 obj/default/hello_world_small.o
 .debug_line    0x0000000000000239       0xa4 ../Alarm_bsp//libhal_bsp.a(alt_load.o)
 .debug_line    0x00000000000002dd       0xea ../Alarm_bsp//libhal_bsp.a(alt_main.o)
 .debug_line    0x00000000000003c7       0xdd ../Alarm_bsp//libhal_bsp.a(alt_usleep.o)
 .debug_line    0x00000000000004a4      0x16a ../Alarm_bsp//libhal_bsp.a(alt_sys_init.o)
 .debug_line    0x000000000000060e      0x113 ../Alarm_bsp//libhal_bsp.a(altera_up_avalon_rs232.o)
 .debug_line    0x0000000000000721       0xb5 ../Alarm_bsp//libhal_bsp.a(alt_busy_sleep.o)
 .debug_line    0x00000000000007d6       0x4e ../Alarm_bsp//libhal_bsp.a(alt_dcache_flush_all.o)
 .debug_line    0x0000000000000824      0x104 ../Alarm_bsp//libhal_bsp.a(alt_dev.o)
 .debug_line    0x0000000000000928       0xd8 ../Alarm_bsp//libhal_bsp.a(alt_dev_llist_insert.o)
 .debug_line    0x0000000000000a00       0x51 ../Alarm_bsp//libhal_bsp.a(alt_errno.o)
 .debug_line    0x0000000000000a51      0x115 ../Alarm_bsp//libhal_bsp.a(alt_find_dev.o)
 .debug_line    0x0000000000000b66       0x4e ../Alarm_bsp//libhal_bsp.a(alt_icache_flush_all.o)
 .debug_line    0x0000000000000bb4       0x8c ../Alarm_bsp//libhal_bsp.a(altera_nios2_gen2_irq.o)
 .debug_line    0x0000000000000c40       0x5f /home/chris/intelFPGA_lite/18.1/nios2eds/bin/gnu/H-x86_64-pc-linux-gnu/bin/../lib/gcc/nios2-elf/5.3.0/../../../../../H-x86_64-pc-linux-gnu/nios2-elf/lib/mno-hw-mul/libsmallc.a(lib_a-int_errno.o)
 .debug_line    0x0000000000000c9f      0x160 /home/chris/intelFPGA_lite/18.1/nios2eds/bin/gnu/H-x86_64-pc-linux-gnu/bin/../lib/gcc/nios2-elf/5.3.0/../../../../../H-x86_64-pc-linux-gnu/nios2-elf/lib/mno-hw-mul/libsmallc.a(lib_a-memcmp.o)
 .debug_line    0x0000000000000dff      0x15c /home/chris/intelFPGA_lite/18.1/nios2eds/bin/gnu/H-x86_64-pc-linux-gnu/bin/../lib/gcc/nios2-elf/5.3.0/../../../../../H-x86_64-pc-linux-gnu/nios2-elf/lib/mno-hw-mul/libsmallc.a(lib_a-strlen.o)
 .debug_line    0x0000000000000f5b      0x105 /home/chris/intelFPGA_lite/18.1/nios2eds/bin/gnu/H-x86_64-pc-linux-gnu/bin/../lib/gcc/nios2-elf/5.3.0/mno-hw-mul/libgcc.a(lib2-divmod.o)
 .debug_line    0x0000000000001060       0x80 /home/chris/intelFPGA_lite/18.1/nios2eds/bin/gnu/H-x86_64-pc-linux-gnu/bin/../lib/gcc/nios2-elf/5.3.0/mno-hw-mul/libgcc.a(lib2-mul.o)

.debug_frame    0x0000000000000000      0x41c
 *(.debug_frame)
 .debug_frame   0x0000000000000000       0xb8 obj/default/hello_world_small.o
 .debug_frame   0x00000000000000b8       0x30 ../Alarm_bsp//libhal_bsp.a(alt_load.o)
 .debug_frame   0x00000000000000e8       0x2c ../Alarm_bsp//libhal_bsp.a(alt_main.o)
 .debug_frame   0x0000000000000114       0x20 ../Alarm_bsp//libhal_bsp.a(alt_usleep.o)
 .debug_frame   0x0000000000000134       0x3c ../Alarm_bsp//libhal_bsp.a(alt_sys_init.o)
 .debug_frame   0x0000000000000170       0xe4 ../Alarm_bsp//libhal_bsp.a(altera_up_avalon_rs232.o)
 .debug_frame   0x0000000000000254       0x30 ../Alarm_bsp//libhal_bsp.a(alt_busy_sleep.o)
 .debug_frame   0x0000000000000284       0x20 ../Alarm_bsp//libhal_bsp.a(alt_dcache_flush_all.o)
 .debug_frame   0x00000000000002a4       0x20 ../Alarm_bsp//libhal_bsp.a(alt_dev.o)
 .debug_frame   0x00000000000002c4       0x2c ../Alarm_bsp//libhal_bsp.a(alt_dev_llist_insert.o)
 .debug_frame   0x00000000000002f0       0x3c ../Alarm_bsp//libhal_bsp.a(alt_find_dev.o)
 .debug_frame   0x000000000000032c       0x20 ../Alarm_bsp//libhal_bsp.a(alt_icache_flush_all.o)
 .debug_frame   0x000000000000034c       0x20 ../Alarm_bsp//libhal_bsp.a(altera_nios2_gen2_irq.o)
 .debug_frame   0x000000000000036c       0x20 /home/chris/intelFPGA_lite/18.1/nios2eds/bin/gnu/H-x86_64-pc-linux-gnu/bin/../lib/gcc/nios2-elf/5.3.0/../../../../../H-x86_64-pc-linux-gnu/nios2-elf/lib/mno-hw-mul/libsmallc.a(lib_a-memcmp.o)
 .debug_frame   0x000000000000038c       0x20 /home/chris/intelFPGA_lite/18.1/nios2eds/bin/gnu/H-x86_64-pc-linux-gnu/bin/../lib/gcc/nios2-elf/5.3.0/../../../../../H-x86_64-pc-linux-gnu/nios2-elf/lib/mno-hw-mul/libsmallc.a(lib_a-strlen.o)
 .debug_frame   0x00000000000003ac       0x50 /home/chris/intelFPGA_lite/18.1/nios2eds/bin/gnu/H-x86_64-pc-linux-gnu/bin/../lib/gcc/nios2-elf/5.3.0/mno-hw-mul/libgcc.a(lib2-divmod.o)
 .debug_frame   0x00000000000003fc       0x20 /home/chris/intelFPGA_lite/18.1/nios2eds/bin/gnu/H-x86_64-pc-linux-gnu/bin/../lib/gcc/nios2-elf/5.3.0/mno-hw-mul/libgcc.a(lib2-mul.o)

.debug_str      0x0000000000000000      0xe80
 *(.debug_str)
 .debug_str     0x0000000000000000      0x2e2 obj/default/hello_world_small.o
                                        0x325 (size before relaxing)
 .debug_str     0x00000000000002e2      0x172 ../Alarm_bsp//libhal_bsp.a(alt_load.o)
                                        0x261 (size before relaxing)
 .debug_str     0x0000000000000454       0x8f ../Alarm_bsp//libhal_bsp.a(alt_main.o)
                                        0x203 (size before relaxing)
 .debug_str     0x00000000000004e3       0x2f ../Alarm_bsp//libhal_bsp.a(alt_usleep.o)
                                        0x17c (size before relaxing)
 .debug_str     0x0000000000000512      0x181 ../Alarm_bsp//libhal_bsp.a(alt_sys_init.o)
                                        0x351 (size before relaxing)
 .debug_str     0x0000000000000693      0x195 ../Alarm_bsp//libhal_bsp.a(altera_up_avalon_rs232.o)
                                        0x39e (size before relaxing)
 .debug_str     0x0000000000000828       0x33 ../Alarm_bsp//libhal_bsp.a(alt_busy_sleep.o)
                                        0x190 (size before relaxing)
 .debug_str     0x000000000000085b       0x1f ../Alarm_bsp//libhal_bsp.a(alt_dcache_flush_all.o)
                                        0x17a (size before relaxing)
 .debug_str     0x000000000000087a      0x12c ../Alarm_bsp//libhal_bsp.a(alt_dev.o)
                                        0x32a (size before relaxing)
 .debug_str     0x00000000000009a6       0x4e ../Alarm_bsp//libhal_bsp.a(alt_dev_llist_insert.o)
                                        0x1f1 (size before relaxing)
 .debug_str     0x00000000000009f4       0x14 ../Alarm_bsp//libhal_bsp.a(alt_errno.o)
                                        0x16a (size before relaxing)
 .debug_str     0x0000000000000a08       0x25 ../Alarm_bsp//libhal_bsp.a(alt_find_dev.o)
                                        0x21f (size before relaxing)
 .debug_str     0x0000000000000a2d       0x1f ../Alarm_bsp//libhal_bsp.a(alt_icache_flush_all.o)
                                        0x17a (size before relaxing)
 .debug_str     0x0000000000000a4c       0x20 ../Alarm_bsp//libhal_bsp.a(altera_nios2_gen2_irq.o)
                                        0x1aa (size before relaxing)
 .debug_str     0x0000000000000a6c      0x135 /home/chris/intelFPGA_lite/18.1/nios2eds/bin/gnu/H-x86_64-pc-linux-gnu/bin/../lib/gcc/nios2-elf/5.3.0/../../../../../H-x86_64-pc-linux-gnu/nios2-elf/lib/mno-hw-mul/libsmallc.a(lib_a-int_errno.o)
                                        0x1d9 (size before relaxing)
 .debug_str     0x0000000000000ba1       0xda /home/chris/intelFPGA_lite/18.1/nios2eds/bin/gnu/H-x86_64-pc-linux-gnu/bin/../lib/gcc/nios2-elf/5.3.0/../../../../../H-x86_64-pc-linux-gnu/nios2-elf/lib/mno-hw-mul/libsmallc.a(lib_a-memcmp.o)
                                        0x1e0 (size before relaxing)
 .debug_str     0x0000000000000c7b       0x3d /home/chris/intelFPGA_lite/18.1/nios2eds/bin/gnu/H-x86_64-pc-linux-gnu/bin/../lib/gcc/nios2-elf/5.3.0/../../../../../H-x86_64-pc-linux-gnu/nios2-elf/lib/mno-hw-mul/libsmallc.a(lib_a-strlen.o)
                                        0x1e6 (size before relaxing)
 .debug_str     0x0000000000000cb8      0x188 /home/chris/intelFPGA_lite/18.1/nios2eds/bin/gnu/H-x86_64-pc-linux-gnu/bin/../lib/gcc/nios2-elf/5.3.0/mno-hw-mul/libgcc.a(lib2-divmod.o)
                                        0x1d3 (size before relaxing)
 .debug_str     0x0000000000000e40       0x40 /home/chris/intelFPGA_lite/18.1/nios2eds/bin/gnu/H-x86_64-pc-linux-gnu/bin/../lib/gcc/nios2-elf/5.3.0/mno-hw-mul/libgcc.a(lib2-mul.o)
                                        0x194 (size before relaxing)

.debug_loc      0x0000000000000000      0xb27
 *(.debug_loc)
 .debug_loc     0x0000000000000000       0x9c obj/default/hello_world_small.o
 .debug_loc     0x000000000000009c       0x21 ../Alarm_bsp//libhal_bsp.a(alt_usleep.o)
 .debug_loc     0x00000000000000bd       0x21 ../Alarm_bsp//libhal_bsp.a(alt_sys_init.o)
 .debug_loc     0x00000000000000de      0x2d3 ../Alarm_bsp//libhal_bsp.a(altera_up_avalon_rs232.o)
 .debug_loc     0x00000000000003b1       0x67 ../Alarm_bsp//libhal_bsp.a(alt_busy_sleep.o)
 .debug_loc     0x0000000000000418       0x7e ../Alarm_bsp//libhal_bsp.a(alt_dev_llist_insert.o)
 .debug_loc     0x0000000000000496       0x7e ../Alarm_bsp//libhal_bsp.a(alt_find_dev.o)
 .debug_loc     0x0000000000000514       0x94 /home/chris/intelFPGA_lite/18.1/nios2eds/bin/gnu/H-x86_64-pc-linux-gnu/bin/../lib/gcc/nios2-elf/5.3.0/../../../../../H-x86_64-pc-linux-gnu/nios2-elf/lib/mno-hw-mul/libsmallc.a(lib_a-memcmp.o)
 .debug_loc     0x00000000000005a8       0x1e /home/chris/intelFPGA_lite/18.1/nios2eds/bin/gnu/H-x86_64-pc-linux-gnu/bin/../lib/gcc/nios2-elf/5.3.0/../../../../../H-x86_64-pc-linux-gnu/nios2-elf/lib/mno-hw-mul/libsmallc.a(lib_a-strlen.o)
 .debug_loc     0x00000000000005c6      0x4ce /home/chris/intelFPGA_lite/18.1/nios2eds/bin/gnu/H-x86_64-pc-linux-gnu/bin/../lib/gcc/nios2-elf/5.3.0/mno-hw-mul/libgcc.a(lib2-divmod.o)
 .debug_loc     0x0000000000000a94       0x93 /home/chris/intelFPGA_lite/18.1/nios2eds/bin/gnu/H-x86_64-pc-linux-gnu/bin/../lib/gcc/nios2-elf/5.3.0/mno-hw-mul/libgcc.a(lib2-mul.o)

.debug_macinfo
 *(.debug_macinfo)

.debug_weaknames
 *(.debug_weaknames)

.debug_funcnames
 *(.debug_funcnames)

.debug_typenames
 *(.debug_typenames)

.debug_varnames
 *(.debug_varnames)

.debug_alt_sim_info
                0x0000000000000000       0x40
 *(.debug_alt_sim_info)
 .debug_alt_sim_info
                0x0000000000000000       0x10 ../Alarm_bsp//obj/HAL/src/crt0.o
 .debug_alt_sim_info
                0x0000000000000010       0x30 ../Alarm_bsp//libhal_bsp.a(alt_busy_sleep.o)
                0x0000000000048000                __alt_data_end = 0x48000
                0x0000000000048000                PROVIDE (__alt_stack_pointer, __alt_data_end)
                [!provide]                        PROVIDE (__alt_stack_limit, __alt_stack_base)
                [!provide]                        PROVIDE (__alt_heap_start, end)
                [!provide]                        PROVIDE (__alt_heap_limit, 0x48000)
OUTPUT(Alarm.elf elf32-littlenios2)

.debug_ranges   0x0000000000000000      0x150
 .debug_ranges  0x0000000000000000       0x20 ../Alarm_bsp//obj/HAL/src/crt0.o
 .debug_ranges  0x0000000000000020       0x30 obj/default/hello_world_small.o
 .debug_ranges  0x0000000000000050       0x48 ../Alarm_bsp//libhal_bsp.a(alt_load.o)
 .debug_ranges  0x0000000000000098       0x18 ../Alarm_bsp//libhal_bsp.a(alt_sys_init.o)
 .debug_ranges  0x00000000000000b0       0x20 ../Alarm_bsp//libhal_bsp.a(alt_dev_llist_insert.o)
 .debug_ranges  0x00000000000000d0       0x10 /home/chris/intelFPGA_lite/18.1/nios2eds/bin/gnu/H-x86_64-pc-linux-gnu/bin/../lib/gcc/nios2-elf/5.3.0/../../../../../H-x86_64-pc-linux-gnu/nios2-elf/lib/mno-hw-mul/libsmallc.a(lib_a-memcmp.o)
 .debug_ranges  0x00000000000000e0       0x10 /home/chris/intelFPGA_lite/18.1/nios2eds/bin/gnu/H-x86_64-pc-linux-gnu/bin/../lib/gcc/nios2-elf/5.3.0/../../../../../H-x86_64-pc-linux-gnu/nios2-elf/lib/mno-hw-mul/libsmallc.a(lib_a-strlen.o)
 .debug_ranges  0x00000000000000f0       0x60 /home/chris/intelFPGA_lite/18.1/nios2eds/bin/gnu/H-x86_64-pc-linux-gnu/bin/../lib/gcc/nios2-elf/5.3.0/mno-hw-mul/libgcc.a(lib2-divmod.o)
