Archive member included to satisfy reference by file (symbol)

../Alarma_bsp//libhal_bsp.a(alt_load.o)
                              ../Alarma_bsp//obj/HAL/src/crt0.o (alt_load)
../Alarma_bsp//libhal_bsp.a(alt_main.o)
                              ../Alarma_bsp//obj/HAL/src/crt0.o (alt_main)
../Alarma_bsp//libhal_bsp.a(alt_putstr.o)
                              obj/default/hello_world_small.o (alt_putstr)
../Alarma_bsp//libhal_bsp.a(alt_sys_init.o)
                              ../Alarma_bsp//libhal_bsp.a(alt_main.o) (alt_irq_init)
../Alarma_bsp//libhal_bsp.a(altera_avalon_uart_write.o)
                              ../Alarma_bsp//libhal_bsp.a(alt_putstr.o) (altera_avalon_uart_write)
../Alarma_bsp//libhal_bsp.a(alt_dcache_flush_all.o)
                              ../Alarma_bsp//libhal_bsp.a(alt_load.o) (alt_dcache_flush_all)
../Alarma_bsp//libhal_bsp.a(alt_errno.o)
                              ../Alarma_bsp//libhal_bsp.a(altera_avalon_uart_write.o) (alt_errno)
../Alarma_bsp//libhal_bsp.a(alt_icache_flush_all.o)
                              ../Alarma_bsp//libhal_bsp.a(alt_load.o) (alt_icache_flush_all)
../Alarma_bsp//libhal_bsp.a(altera_nios2_gen2_irq.o)
                              ../Alarma_bsp//libhal_bsp.a(alt_sys_init.o) (altera_nios2_gen2_irq_init)
/home/erick/opt/intelFPGA_lite/18.1/nios2eds/bin/gnu/H-x86_64-pc-linux-gnu/bin/../lib/gcc/nios2-elf/5.3.0/../../../../../H-x86_64-pc-linux-gnu/nios2-elf/lib/mno-hw-mul/libsmallc.a(lib_a-int_errno.o)
                              ../Alarma_bsp//libhal_bsp.a(altera_avalon_uart_write.o) (errno)
/home/erick/opt/intelFPGA_lite/18.1/nios2eds/bin/gnu/H-x86_64-pc-linux-gnu/bin/../lib/gcc/nios2-elf/5.3.0/../../../../../H-x86_64-pc-linux-gnu/nios2-elf/lib/mno-hw-mul/libsmallc.a(lib_a-strlen.o)
                              ../Alarma_bsp//libhal_bsp.a(alt_putstr.o) (strlen)

Allocating common symbols
Common symbol       size              file

errno               0x4               /home/erick/opt/intelFPGA_lite/18.1/nios2eds/bin/gnu/H-x86_64-pc-linux-gnu/bin/../lib/gcc/nios2-elf/5.3.0/../../../../../H-x86_64-pc-linux-gnu/nios2-elf/lib/mno-hw-mul/libsmallc.a(lib_a-int_errno.o)

Memory Configuration

Name             Origin             Length             Attributes
reset            0x0000000000001000 0x0000000000000020
memory           0x0000000000001020 0x0000000000000fe0
*default*        0x0000000000000000 0xffffffffffffffff

Linker script and memory map

LOAD ../Alarma_bsp//obj/HAL/src/crt0.o
LOAD obj/default/hello_world_small.o
LOAD /home/erick/opt/intelFPGA_lite/18.1/nios2eds/bin/gnu/H-x86_64-pc-linux-gnu/bin/../lib/gcc/nios2-elf/5.3.0/../../../../../H-x86_64-pc-linux-gnu/nios2-elf/lib/mno-hw-mul/libstdc++.a
LOAD /home/erick/opt/intelFPGA_lite/18.1/nios2eds/bin/gnu/H-x86_64-pc-linux-gnu/bin/../lib/gcc/nios2-elf/5.3.0/../../../../../H-x86_64-pc-linux-gnu/nios2-elf/lib/mno-hw-mul/libm.a
LOAD /home/erick/opt/intelFPGA_lite/18.1/nios2eds/bin/gnu/H-x86_64-pc-linux-gnu/bin/../lib/gcc/nios2-elf/5.3.0/mno-hw-mul/libgcc.a
START GROUP
LOAD /home/erick/opt/intelFPGA_lite/18.1/nios2eds/bin/gnu/H-x86_64-pc-linux-gnu/bin/../lib/gcc/nios2-elf/5.3.0/../../../../../H-x86_64-pc-linux-gnu/nios2-elf/lib/mno-hw-mul/libsmallc.a
LOAD /home/erick/opt/intelFPGA_lite/18.1/nios2eds/bin/gnu/H-x86_64-pc-linux-gnu/bin/../lib/gcc/nios2-elf/5.3.0/mno-hw-mul/libgcc.a
LOAD ../Alarma_bsp//libhal_bsp.a
LOAD /home/erick/opt/intelFPGA_lite/18.1/nios2eds/bin/gnu/H-x86_64-pc-linux-gnu/bin/../lib/gcc/nios2-elf/5.3.0/../../../../../H-x86_64-pc-linux-gnu/nios2-elf/lib/mno-hw-mul/libm.a
END GROUP
LOAD /home/erick/opt/intelFPGA_lite/18.1/nios2eds/bin/gnu/H-x86_64-pc-linux-gnu/bin/../lib/gcc/nios2-elf/5.3.0/mno-hw-mul/libgcc.a
                0x0000000000001000                __alt_mem_memory = 0x1000

.entry          0x0000000000001000       0x20
 *(.entry)
 .entry         0x0000000000001000       0x20 ../Alarma_bsp//obj/HAL/src/crt0.o
                0x0000000000001000                __reset
                0x000000000000100c                _exit

.exceptions     0x0000000000001020        0x0
                0x0000000000001020                PROVIDE (__ram_exceptions_start, ABSOLUTE (.))
                0x0000000000001020                . = ALIGN (0x20)
 *(.irq)
 *(.exceptions.entry.label)
 *(.exceptions.entry.user)
 *(.exceptions.entry.ecc_fatal)
 *(.exceptions.entry)
 *(.exceptions.irqtest.user)
 *(.exceptions.irqtest)
 *(.exceptions.irqhandler.user)
 *(.exceptions.irqhandler)
 *(.exceptions.irqreturn.user)
 *(.exceptions.irqreturn)
 *(.exceptions.notirq.label)
 *(.exceptions.notirq.user)
 *(.exceptions.notirq)
 *(.exceptions.soft.user)
 *(.exceptions.soft)
 *(.exceptions.unknown.user)
 *(.exceptions.unknown)
 *(.exceptions.exit.label)
 *(.exceptions.exit.user)
 *(.exceptions.exit)
 *(.exceptions)
                0x0000000000001020                PROVIDE (__ram_exceptions_end, ABSOLUTE (.))
                0x0000000000001020                PROVIDE (__flash_exceptions_start, LOADADDR (.exceptions))

.text           0x0000000000001020      0x26c
                [!provide]                        PROVIDE (stext, ABSOLUTE (.))
 *(.interp)
 *(.hash)
 *(.dynsym)
 *(.dynstr)
 *(.gnu.version)
 *(.gnu.version_d)
 *(.gnu.version_r)
 *(.rel.init)
 *(.rela.init)
 *(.rel.text .rel.text.* .rel.gnu.linkonce.t.*)
 *(.rela.text .rela.text.* .rela.gnu.linkonce.t.*)
 *(.rel.fini)
 *(.rela.fini)
 *(.rel.rodata .rel.rodata.* .rel.gnu.linkonce.r.*)
 *(.rela.rodata .rela.rodata.* .rela.gnu.linkonce.r.*)
 *(.rel.data .rel.data.* .rel.gnu.linkonce.d.*)
 *(.rela.data .rela.data.* .rela.gnu.linkonce.d.*)
 *(.rel.tdata .rel.tdata.* .rel.gnu.linkonce.td.*)
 *(.rela.tdata .rela.tdata.* .rela.gnu.linkonce.td.*)
 *(.rel.tbss .rel.tbss.* .rel.gnu.linkonce.tb.*)
 *(.rela.tbss .rela.tbss.* .rela.gnu.linkonce.tb.*)
 *(.rel.ctors)
 *(.rela.ctors)
 *(.rel.dtors)
 *(.rela.dtors)
 *(.rel.got)
 *(.rela.got)
 *(.rel.sdata .rel.sdata.* .rel.gnu.linkonce.s.*)
 *(.rela.sdata .rela.sdata.* .rela.gnu.linkonce.s.*)
 *(.rel.sbss .rel.sbss.* .rel.gnu.linkonce.sb.*)
 *(.rela.sbss .rela.sbss.* .rela.gnu.linkonce.sb.*)
 *(.rel.sdata2 .rel.sdata2.* .rel.gnu.linkonce.s2.*)
 *(.rela.sdata2 .rela.sdata2.* .rela.gnu.linkonce.s2.*)
 *(.rel.sbss2 .rel.sbss2.* .rel.gnu.linkonce.sb2.*)
 *(.rela.sbss2 .rela.sbss2.* .rela.gnu.linkonce.sb2.*)
 *(.rel.bss .rel.bss.* .rel.gnu.linkonce.b.*)
 *(.rela.bss .rela.bss.* .rela.gnu.linkonce.b.*)
 *(.rel.plt)
 *(.rela.plt)
 *(.rel.dyn)
 *(.init)
 *(.plt)
 *(.text .stub .text.* .gnu.linkonce.t.*)
 .text          0x0000000000001020       0x3c ../Alarma_bsp//obj/HAL/src/crt0.o
                0x0000000000001020                _start
 .text          0x000000000000105c        0x0 obj/default/hello_world_small.o
 .text.startup  0x000000000000105c       0x18 obj/default/hello_world_small.o
                0x000000000000105c                main
 .text          0x0000000000001074       0xe0 ../Alarma_bsp//libhal_bsp.a(alt_load.o)
                0x0000000000001074                alt_load
 .text          0x0000000000001154       0x2c ../Alarma_bsp//libhal_bsp.a(alt_main.o)
                0x0000000000001154                alt_main
 .text          0x0000000000001180       0x38 ../Alarma_bsp//libhal_bsp.a(alt_putstr.o)
                0x0000000000001180                alt_putstr
 .text          0x00000000000011b8       0x24 ../Alarma_bsp//libhal_bsp.a(alt_sys_init.o)
                0x00000000000011b8                alt_irq_init
                0x00000000000011d8                alt_sys_init
 .text          0x00000000000011dc       0x84 ../Alarma_bsp//libhal_bsp.a(altera_avalon_uart_write.o)
                0x00000000000011dc                altera_avalon_uart_write
 .text          0x0000000000001260        0x4 ../Alarma_bsp//libhal_bsp.a(alt_dcache_flush_all.o)
                0x0000000000001260                alt_dcache_flush_all
 .text          0x0000000000001264        0x0 ../Alarma_bsp//libhal_bsp.a(alt_errno.o)
 .text          0x0000000000001264        0x4 ../Alarma_bsp//libhal_bsp.a(alt_icache_flush_all.o)
                0x0000000000001264                alt_icache_flush_all
 .text          0x0000000000001268        0x8 ../Alarma_bsp//libhal_bsp.a(altera_nios2_gen2_irq.o)
                0x0000000000001268                altera_nios2_gen2_irq_init
 .text          0x0000000000001270        0x0 /home/erick/opt/intelFPGA_lite/18.1/nios2eds/bin/gnu/H-x86_64-pc-linux-gnu/bin/../lib/gcc/nios2-elf/5.3.0/../../../../../H-x86_64-pc-linux-gnu/nios2-elf/lib/mno-hw-mul/libsmallc.a(lib_a-int_errno.o)
 .text          0x0000000000001270        0x0 /home/erick/opt/intelFPGA_lite/18.1/nios2eds/bin/gnu/H-x86_64-pc-linux-gnu/bin/../lib/gcc/nios2-elf/5.3.0/../../../../../H-x86_64-pc-linux-gnu/nios2-elf/lib/mno-hw-mul/libsmallc.a(lib_a-strlen.o)
 .text.strlen   0x0000000000001270       0x1c /home/erick/opt/intelFPGA_lite/18.1/nios2eds/bin/gnu/H-x86_64-pc-linux-gnu/bin/../lib/gcc/nios2-elf/5.3.0/../../../../../H-x86_64-pc-linux-gnu/nios2-elf/lib/mno-hw-mul/libsmallc.a(lib_a-strlen.o)
                0x0000000000001270                strlen
 *(.gnu.warning.*)
 *(.fini)
                [!provide]                        PROVIDE (__etext, ABSOLUTE (.))
                [!provide]                        PROVIDE (_etext, ABSOLUTE (.))
                [!provide]                        PROVIDE (etext, ABSOLUTE (.))
 *(.eh_frame_hdr)
                0x000000000000128c                . = ALIGN (0x4)
                [!provide]                        PROVIDE (__preinit_array_start, ABSOLUTE (.))
 *(.preinit_array)
                [!provide]                        PROVIDE (__preinit_array_end, ABSOLUTE (.))
                [!provide]                        PROVIDE (__init_array_start, ABSOLUTE (.))
 *(.init_array)
                [!provide]                        PROVIDE (__init_array_end, ABSOLUTE (.))
                [!provide]                        PROVIDE (__fini_array_start, ABSOLUTE (.))
 *(.fini_array)
                [!provide]                        PROVIDE (__fini_array_end, ABSOLUTE (.))
 *(.eh_frame)
 *(.gcc_except_table .gcc_except_table.*)
 *(.dynamic)
                [!provide]                        PROVIDE (__CTOR_LIST__, ABSOLUTE (.))
 *(.ctors)
 *(SORT(.ctors.*))
                [!provide]                        PROVIDE (__CTOR_END__, ABSOLUTE (.))
                [!provide]                        PROVIDE (__DTOR_LIST__, ABSOLUTE (.))
 *(.dtors)
 *(SORT(.dtors.*))
                [!provide]                        PROVIDE (__DTOR_END__, ABSOLUTE (.))
 *(.jcr)
                0x000000000000128c                . = ALIGN (0x4)

.rodata         0x000000000000128c       0x18
                0x000000000000128c                PROVIDE (__ram_rodata_start, ABSOLUTE (.))
                0x000000000000128c                . = ALIGN (0x4)
 *(.rodata .rodata.* .gnu.linkonce.r.*)
 .rodata.str1.4
                0x000000000000128c       0x18 obj/default/hello_world_small.o
                                         0x15 (size before relaxing)
 *(.rodata1)
                0x00000000000012a4                . = ALIGN (0x4)
                0x00000000000012a4                PROVIDE (__ram_rodata_end, ABSOLUTE (.))
                0x000000000000128c                PROVIDE (__flash_rodata_start, LOADADDR (.rodata))

.rwdata         0x00000000000012a4        0x8 load address 0x00000000000012ac
                0x00000000000012a4                PROVIDE (__ram_rwdata_start, ABSOLUTE (.))
                0x00000000000012a4                . = ALIGN (0x4)
 *(.got.plt)
 *(.got)
 *(.data1)
 *(.data .data.* .gnu.linkonce.d.*)
 .data          0x00000000000012a4        0x0 ../Alarma_bsp//obj/HAL/src/crt0.o
 .data          0x00000000000012a4        0x0 obj/default/hello_world_small.o
 .data          0x00000000000012a4        0x0 ../Alarma_bsp//libhal_bsp.a(alt_load.o)
 .data          0x00000000000012a4        0x0 ../Alarma_bsp//libhal_bsp.a(alt_main.o)
 .data          0x00000000000012a4        0x0 ../Alarma_bsp//libhal_bsp.a(alt_putstr.o)
 .data          0x00000000000012a4        0x0 ../Alarma_bsp//libhal_bsp.a(alt_sys_init.o)
 .data          0x00000000000012a4        0x0 ../Alarma_bsp//libhal_bsp.a(altera_avalon_uart_write.o)
 .data          0x00000000000012a4        0x0 ../Alarma_bsp//libhal_bsp.a(alt_dcache_flush_all.o)
 .data          0x00000000000012a4        0x0 ../Alarma_bsp//libhal_bsp.a(alt_errno.o)
 .data          0x00000000000012a4        0x0 ../Alarma_bsp//libhal_bsp.a(alt_icache_flush_all.o)
 .data          0x00000000000012a4        0x0 ../Alarma_bsp//libhal_bsp.a(altera_nios2_gen2_irq.o)
 .data          0x00000000000012a4        0x0 /home/erick/opt/intelFPGA_lite/18.1/nios2eds/bin/gnu/H-x86_64-pc-linux-gnu/bin/../lib/gcc/nios2-elf/5.3.0/../../../../../H-x86_64-pc-linux-gnu/nios2-elf/lib/mno-hw-mul/libsmallc.a(lib_a-int_errno.o)
 .data          0x00000000000012a4        0x0 /home/erick/opt/intelFPGA_lite/18.1/nios2eds/bin/gnu/H-x86_64-pc-linux-gnu/bin/../lib/gcc/nios2-elf/5.3.0/../../../../../H-x86_64-pc-linux-gnu/nios2-elf/lib/mno-hw-mul/libsmallc.a(lib_a-strlen.o)
                0x00000000000092a4                _gp = ABSOLUTE ((. + 0x8000))
                [!provide]                        PROVIDE (gp, _gp)
 *(.rwdata .rwdata.*)
 *(.sdata .sdata.* .gnu.linkonce.s.*)
 .sdata         0x00000000000012a4        0x4 ../Alarma_bsp//libhal_bsp.a(alt_sys_init.o)
                0x00000000000012a4                UART
 .sdata         0x00000000000012a8        0x4 ../Alarma_bsp//libhal_bsp.a(alt_errno.o)
                0x00000000000012a8                alt_errno
 *(.sdata2 .sdata2.* .gnu.linkonce.s2.*)
                0x00000000000012ac                . = ALIGN (0x4)
                0x00000000000012ac                _edata = ABSOLUTE (.)
                [!provide]                        PROVIDE (edata, ABSOLUTE (.))
                0x00000000000012ac                PROVIDE (__ram_rwdata_end, ABSOLUTE (.))
                0x00000000000012ac                PROVIDE (__flash_rwdata_start, LOADADDR (.rwdata))

.bss            0x00000000000012b4       0x10
                0x00000000000012b4                __bss_start = ABSOLUTE (.)
                [!provide]                        PROVIDE (__sbss_start, ABSOLUTE (.))
                [!provide]                        PROVIDE (___sbss_start, ABSOLUTE (.))
 *(.dynsbss)
 *(.sbss .sbss.* .gnu.linkonce.sb.*)
 .sbss          0x00000000000012b4        0xc ../Alarma_bsp//libhal_bsp.a(alt_main.o)
                0x00000000000012b4                alt_envp
                0x00000000000012b8                alt_argv
                0x00000000000012bc                alt_argc
 .sbss          0x00000000000012c0        0x4 /home/erick/opt/intelFPGA_lite/18.1/nios2eds/bin/gnu/H-x86_64-pc-linux-gnu/bin/../lib/gcc/nios2-elf/5.3.0/../../../../../H-x86_64-pc-linux-gnu/nios2-elf/lib/mno-hw-mul/libsmallc.a(lib_a-int_errno.o)
                0x00000000000012c0                errno
 *(.sbss2 .sbss2.* .gnu.linkonce.sb2.*)
 *(.scommon)
                [!provide]                        PROVIDE (__sbss_end, ABSOLUTE (.))
                [!provide]                        PROVIDE (___sbss_end, ABSOLUTE (.))
 *(.dynbss)
 *(.bss .bss.* .gnu.linkonce.b.*)
 .bss           0x00000000000012c4        0x0 ../Alarma_bsp//obj/HAL/src/crt0.o
 .bss           0x00000000000012c4        0x0 obj/default/hello_world_small.o
 .bss           0x00000000000012c4        0x0 ../Alarma_bsp//libhal_bsp.a(alt_load.o)
 .bss           0x00000000000012c4        0x0 ../Alarma_bsp//libhal_bsp.a(alt_main.o)
 .bss           0x00000000000012c4        0x0 ../Alarma_bsp//libhal_bsp.a(alt_putstr.o)
 .bss           0x00000000000012c4        0x0 ../Alarma_bsp//libhal_bsp.a(alt_sys_init.o)
 .bss           0x00000000000012c4        0x0 ../Alarma_bsp//libhal_bsp.a(altera_avalon_uart_write.o)
 .bss           0x00000000000012c4        0x0 ../Alarma_bsp//libhal_bsp.a(alt_dcache_flush_all.o)
 .bss           0x00000000000012c4        0x0 ../Alarma_bsp//libhal_bsp.a(alt_errno.o)
 .bss           0x00000000000012c4        0x0 ../Alarma_bsp//libhal_bsp.a(alt_icache_flush_all.o)
 .bss           0x00000000000012c4        0x0 ../Alarma_bsp//libhal_bsp.a(altera_nios2_gen2_irq.o)
 .bss           0x00000000000012c4        0x0 /home/erick/opt/intelFPGA_lite/18.1/nios2eds/bin/gnu/H-x86_64-pc-linux-gnu/bin/../lib/gcc/nios2-elf/5.3.0/../../../../../H-x86_64-pc-linux-gnu/nios2-elf/lib/mno-hw-mul/libsmallc.a(lib_a-int_errno.o)
 .bss           0x00000000000012c4        0x0 /home/erick/opt/intelFPGA_lite/18.1/nios2eds/bin/gnu/H-x86_64-pc-linux-gnu/bin/../lib/gcc/nios2-elf/5.3.0/../../../../../H-x86_64-pc-linux-gnu/nios2-elf/lib/mno-hw-mul/libsmallc.a(lib_a-strlen.o)
 *(COMMON)
                0x00000000000012c4                . = ALIGN (0x4)
                0x00000000000012c4                __bss_end = ABSOLUTE (.)

.memory         0x00000000000012c4        0x0
                [!provide]                        PROVIDE (_alt_partition_memory_start, ABSOLUTE (.))
 *(.memory .memory. memory.*)
                0x00000000000012c4                . = ALIGN (0x4)
                [!provide]                        PROVIDE (_alt_partition_memory_end, ABSOLUTE (.))
                0x00000000000012c4                _end = ABSOLUTE (.)
                0x00000000000012c4                end = ABSOLUTE (.)
                0x00000000000012c4                __alt_stack_base = ABSOLUTE (.)
                [!provide]                        PROVIDE (_alt_partition_memory_load_addr, LOADADDR (.memory))

.stab
 *(.stab)

.stabstr
 *(.stabstr)

.stab.excl
 *(.stab.excl)

.stab.exclstr
 *(.stab.exclstr)

.stab.index
 *(.stab.index)

.stab.indexstr
 *(.stab.indexstr)

.comment        0x0000000000000000       0x23
 *(.comment)
 .comment       0x0000000000000000       0x23 obj/default/hello_world_small.o
                                         0x24 (size before relaxing)
 .comment       0x0000000000000023       0x24 ../Alarma_bsp//libhal_bsp.a(alt_load.o)
 .comment       0x0000000000000023       0x24 ../Alarma_bsp//libhal_bsp.a(alt_main.o)
 .comment       0x0000000000000023       0x24 ../Alarma_bsp//libhal_bsp.a(alt_putstr.o)
 .comment       0x0000000000000023       0x24 ../Alarma_bsp//libhal_bsp.a(alt_sys_init.o)
 .comment       0x0000000000000023       0x24 ../Alarma_bsp//libhal_bsp.a(altera_avalon_uart_write.o)
 .comment       0x0000000000000023       0x24 ../Alarma_bsp//libhal_bsp.a(alt_dcache_flush_all.o)
 .comment       0x0000000000000023       0x24 ../Alarma_bsp//libhal_bsp.a(alt_errno.o)
 .comment       0x0000000000000023       0x24 ../Alarma_bsp//libhal_bsp.a(alt_icache_flush_all.o)
 .comment       0x0000000000000023       0x24 ../Alarma_bsp//libhal_bsp.a(altera_nios2_gen2_irq.o)
 .comment       0x0000000000000023       0x24 /home/erick/opt/intelFPGA_lite/18.1/nios2eds/bin/gnu/H-x86_64-pc-linux-gnu/bin/../lib/gcc/nios2-elf/5.3.0/../../../../../H-x86_64-pc-linux-gnu/nios2-elf/lib/mno-hw-mul/libsmallc.a(lib_a-int_errno.o)
 .comment       0x0000000000000023       0x24 /home/erick/opt/intelFPGA_lite/18.1/nios2eds/bin/gnu/H-x86_64-pc-linux-gnu/bin/../lib/gcc/nios2-elf/5.3.0/../../../../../H-x86_64-pc-linux-gnu/nios2-elf/lib/mno-hw-mul/libsmallc.a(lib_a-strlen.o)

.debug
 *(.debug)

.line
 *(.line)

.debug_srcinfo
 *(.debug_srcinfo)

.debug_sfnames
 *(.debug_sfnames)

.debug_aranges  0x0000000000000000      0x198
 *(.debug_aranges)
 .debug_aranges
                0x0000000000000000       0x28 ../Alarma_bsp//obj/HAL/src/crt0.o
 .debug_aranges
                0x0000000000000028       0x20 obj/default/hello_world_small.o
 .debug_aranges
                0x0000000000000048       0x20 ../Alarma_bsp//libhal_bsp.a(alt_load.o)
 .debug_aranges
                0x0000000000000068       0x20 ../Alarma_bsp//libhal_bsp.a(alt_main.o)
 .debug_aranges
                0x0000000000000088       0x20 ../Alarma_bsp//libhal_bsp.a(alt_putstr.o)
 .debug_aranges
                0x00000000000000a8       0x20 ../Alarma_bsp//libhal_bsp.a(alt_sys_init.o)
 .debug_aranges
                0x00000000000000c8       0x20 ../Alarma_bsp//libhal_bsp.a(altera_avalon_uart_write.o)
 .debug_aranges
                0x00000000000000e8       0x20 ../Alarma_bsp//libhal_bsp.a(alt_dcache_flush_all.o)
 .debug_aranges
                0x0000000000000108       0x18 ../Alarma_bsp//libhal_bsp.a(alt_errno.o)
 .debug_aranges
                0x0000000000000120       0x20 ../Alarma_bsp//libhal_bsp.a(alt_icache_flush_all.o)
 .debug_aranges
                0x0000000000000140       0x20 ../Alarma_bsp//libhal_bsp.a(altera_nios2_gen2_irq.o)
 .debug_aranges
                0x0000000000000160       0x18 /home/erick/opt/intelFPGA_lite/18.1/nios2eds/bin/gnu/H-x86_64-pc-linux-gnu/bin/../lib/gcc/nios2-elf/5.3.0/../../../../../H-x86_64-pc-linux-gnu/nios2-elf/lib/mno-hw-mul/libsmallc.a(lib_a-int_errno.o)
 .debug_aranges
                0x0000000000000178       0x20 /home/erick/opt/intelFPGA_lite/18.1/nios2eds/bin/gnu/H-x86_64-pc-linux-gnu/bin/../lib/gcc/nios2-elf/5.3.0/../../../../../H-x86_64-pc-linux-gnu/nios2-elf/lib/mno-hw-mul/libsmallc.a(lib_a-strlen.o)

.debug_pubnames
 *(.debug_pubnames)

.debug_info     0x0000000000000000      0xc76
 *(.debug_info .gnu.linkonce.wi.*)
 .debug_info    0x0000000000000000       0x82 ../Alarma_bsp//obj/HAL/src/crt0.o
 .debug_info    0x0000000000000082       0x91 obj/default/hello_world_small.o
 .debug_info    0x0000000000000113      0x1c9 ../Alarma_bsp//libhal_bsp.a(alt_load.o)
 .debug_info    0x00000000000002dc      0x169 ../Alarma_bsp//libhal_bsp.a(alt_main.o)
 .debug_info    0x0000000000000445      0x13a ../Alarma_bsp//libhal_bsp.a(alt_putstr.o)
 .debug_info    0x000000000000057f      0x182 ../Alarma_bsp//libhal_bsp.a(alt_sys_init.o)
 .debug_info    0x0000000000000701      0x1c6 ../Alarma_bsp//libhal_bsp.a(altera_avalon_uart_write.o)
 .debug_info    0x00000000000008c7       0x92 ../Alarma_bsp//libhal_bsp.a(alt_dcache_flush_all.o)
 .debug_info    0x0000000000000959       0xa6 ../Alarma_bsp//libhal_bsp.a(alt_errno.o)
 .debug_info    0x00000000000009ff       0x92 ../Alarma_bsp//libhal_bsp.a(alt_icache_flush_all.o)
 .debug_info    0x0000000000000a91       0x92 ../Alarma_bsp//libhal_bsp.a(altera_nios2_gen2_irq.o)
 .debug_info    0x0000000000000b23       0x8a /home/erick/opt/intelFPGA_lite/18.1/nios2eds/bin/gnu/H-x86_64-pc-linux-gnu/bin/../lib/gcc/nios2-elf/5.3.0/../../../../../H-x86_64-pc-linux-gnu/nios2-elf/lib/mno-hw-mul/libsmallc.a(lib_a-int_errno.o)
 .debug_info    0x0000000000000bad       0xc9 /home/erick/opt/intelFPGA_lite/18.1/nios2eds/bin/gnu/H-x86_64-pc-linux-gnu/bin/../lib/gcc/nios2-elf/5.3.0/../../../../../H-x86_64-pc-linux-gnu/nios2-elf/lib/mno-hw-mul/libsmallc.a(lib_a-strlen.o)

.debug_abbrev   0x0000000000000000      0x6fe
 *(.debug_abbrev)
 .debug_abbrev  0x0000000000000000       0x12 ../Alarma_bsp//obj/HAL/src/crt0.o
 .debug_abbrev  0x0000000000000012       0x8e obj/default/hello_world_small.o
 .debug_abbrev  0x00000000000000a0       0xd8 ../Alarma_bsp//libhal_bsp.a(alt_load.o)
 .debug_abbrev  0x0000000000000178       0xee ../Alarma_bsp//libhal_bsp.a(alt_main.o)
 .debug_abbrev  0x0000000000000266       0xd3 ../Alarma_bsp//libhal_bsp.a(alt_putstr.o)
 .debug_abbrev  0x0000000000000339      0x107 ../Alarma_bsp//libhal_bsp.a(alt_sys_init.o)
 .debug_abbrev  0x0000000000000440       0xe8 ../Alarma_bsp//libhal_bsp.a(altera_avalon_uart_write.o)
 .debug_abbrev  0x0000000000000528       0x42 ../Alarma_bsp//libhal_bsp.a(alt_dcache_flush_all.o)
 .debug_abbrev  0x000000000000056a       0x5a ../Alarma_bsp//libhal_bsp.a(alt_errno.o)
 .debug_abbrev  0x00000000000005c4       0x42 ../Alarma_bsp//libhal_bsp.a(alt_icache_flush_all.o)
 .debug_abbrev  0x0000000000000606       0x42 ../Alarma_bsp//libhal_bsp.a(altera_nios2_gen2_irq.o)
 .debug_abbrev  0x0000000000000648       0x37 /home/erick/opt/intelFPGA_lite/18.1/nios2eds/bin/gnu/H-x86_64-pc-linux-gnu/bin/../lib/gcc/nios2-elf/5.3.0/../../../../../H-x86_64-pc-linux-gnu/nios2-elf/lib/mno-hw-mul/libsmallc.a(lib_a-int_errno.o)
 .debug_abbrev  0x000000000000067f       0x7f /home/erick/opt/intelFPGA_lite/18.1/nios2eds/bin/gnu/H-x86_64-pc-linux-gnu/bin/../lib/gcc/nios2-elf/5.3.0/../../../../../H-x86_64-pc-linux-gnu/nios2-elf/lib/mno-hw-mul/libsmallc.a(lib_a-strlen.o)

.debug_line     0x0000000000000000      0x7c7
 *(.debug_line)
 .debug_line    0x0000000000000000       0x66 ../Alarma_bsp//obj/HAL/src/crt0.o
 .debug_line    0x0000000000000066       0x73 obj/default/hello_world_small.o
 .debug_line    0x00000000000000d9       0xa4 ../Alarma_bsp//libhal_bsp.a(alt_load.o)
 .debug_line    0x000000000000017d       0xbd ../Alarma_bsp//libhal_bsp.a(alt_main.o)
 .debug_line    0x000000000000023a       0xb2 ../Alarma_bsp//libhal_bsp.a(alt_putstr.o)
 .debug_line    0x00000000000002ec       0xf7 ../Alarma_bsp//libhal_bsp.a(alt_sys_init.o)
 .debug_line    0x00000000000003e3       0xec ../Alarma_bsp//libhal_bsp.a(altera_avalon_uart_write.o)
 .debug_line    0x00000000000004cf       0x4e ../Alarma_bsp//libhal_bsp.a(alt_dcache_flush_all.o)
 .debug_line    0x000000000000051d       0x51 ../Alarma_bsp//libhal_bsp.a(alt_errno.o)
 .debug_line    0x000000000000056e       0x4e ../Alarma_bsp//libhal_bsp.a(alt_icache_flush_all.o)
 .debug_line    0x00000000000005bc       0x50 ../Alarma_bsp//libhal_bsp.a(altera_nios2_gen2_irq.o)
 .debug_line    0x000000000000060c       0x5f /home/erick/opt/intelFPGA_lite/18.1/nios2eds/bin/gnu/H-x86_64-pc-linux-gnu/bin/../lib/gcc/nios2-elf/5.3.0/../../../../../H-x86_64-pc-linux-gnu/nios2-elf/lib/mno-hw-mul/libsmallc.a(lib_a-int_errno.o)
 .debug_line    0x000000000000066b      0x15c /home/erick/opt/intelFPGA_lite/18.1/nios2eds/bin/gnu/H-x86_64-pc-linux-gnu/bin/../lib/gcc/nios2-elf/5.3.0/../../../../../H-x86_64-pc-linux-gnu/nios2-elf/lib/mno-hw-mul/libsmallc.a(lib_a-strlen.o)

.debug_frame    0x0000000000000000      0x1a4
 *(.debug_frame)
 .debug_frame   0x0000000000000000       0x28 obj/default/hello_world_small.o
 .debug_frame   0x0000000000000028       0x30 ../Alarma_bsp//libhal_bsp.a(alt_load.o)
 .debug_frame   0x0000000000000058       0x2c ../Alarma_bsp//libhal_bsp.a(alt_main.o)
 .debug_frame   0x0000000000000084       0x30 ../Alarma_bsp//libhal_bsp.a(alt_putstr.o)
 .debug_frame   0x00000000000000b4       0x3c ../Alarma_bsp//libhal_bsp.a(alt_sys_init.o)
 .debug_frame   0x00000000000000f0       0x34 ../Alarma_bsp//libhal_bsp.a(altera_avalon_uart_write.o)
 .debug_frame   0x0000000000000124       0x20 ../Alarma_bsp//libhal_bsp.a(alt_dcache_flush_all.o)
 .debug_frame   0x0000000000000144       0x20 ../Alarma_bsp//libhal_bsp.a(alt_icache_flush_all.o)
 .debug_frame   0x0000000000000164       0x20 ../Alarma_bsp//libhal_bsp.a(altera_nios2_gen2_irq.o)
 .debug_frame   0x0000000000000184       0x20 /home/erick/opt/intelFPGA_lite/18.1/nios2eds/bin/gnu/H-x86_64-pc-linux-gnu/bin/../lib/gcc/nios2-elf/5.3.0/../../../../../H-x86_64-pc-linux-gnu/nios2-elf/lib/mno-hw-mul/libsmallc.a(lib_a-strlen.o)

.debug_str      0x0000000000000000      0x6ee
 *(.debug_str)
 .debug_str     0x0000000000000000       0xd1 obj/default/hello_world_small.o
                                         0xd6 (size before relaxing)
 .debug_str     0x00000000000000d1      0x1c0 ../Alarma_bsp//libhal_bsp.a(alt_load.o)
                                        0x250 (size before relaxing)
 .debug_str     0x0000000000000291       0x8f ../Alarma_bsp//libhal_bsp.a(alt_main.o)
                                        0x1c9 (size before relaxing)
 .debug_str     0x0000000000000320       0x55 ../Alarma_bsp//libhal_bsp.a(alt_putstr.o)
                                        0x195 (size before relaxing)
 .debug_str     0x0000000000000375       0x99 ../Alarma_bsp//libhal_bsp.a(alt_sys_init.o)
                                        0x246 (size before relaxing)
 .debug_str     0x000000000000040e       0x5f ../Alarma_bsp//libhal_bsp.a(altera_avalon_uart_write.o)
                                        0x21d (size before relaxing)
 .debug_str     0x000000000000046d       0x1f ../Alarma_bsp//libhal_bsp.a(alt_dcache_flush_all.o)
                                        0x169 (size before relaxing)
 .debug_str     0x000000000000048c       0x14 ../Alarma_bsp//libhal_bsp.a(alt_errno.o)
                                        0x159 (size before relaxing)
 .debug_str     0x00000000000004a0       0x1f ../Alarma_bsp//libhal_bsp.a(alt_icache_flush_all.o)
                                        0x169 (size before relaxing)
 .debug_str     0x00000000000004bf       0x20 ../Alarma_bsp//libhal_bsp.a(altera_nios2_gen2_irq.o)
                                        0x170 (size before relaxing)
 .debug_str     0x00000000000004df      0x135 /home/erick/opt/intelFPGA_lite/18.1/nios2eds/bin/gnu/H-x86_64-pc-linux-gnu/bin/../lib/gcc/nios2-elf/5.3.0/../../../../../H-x86_64-pc-linux-gnu/nios2-elf/lib/mno-hw-mul/libsmallc.a(lib_a-int_errno.o)
                                        0x1d9 (size before relaxing)
 .debug_str     0x0000000000000614       0xda /home/erick/opt/intelFPGA_lite/18.1/nios2eds/bin/gnu/H-x86_64-pc-linux-gnu/bin/../lib/gcc/nios2-elf/5.3.0/../../../../../H-x86_64-pc-linux-gnu/nios2-elf/lib/mno-hw-mul/libsmallc.a(lib_a-strlen.o)
                                        0x1e6 (size before relaxing)

.debug_loc      0x0000000000000000      0x1d2
 *(.debug_loc)
 .debug_loc     0x0000000000000000       0x37 ../Alarma_bsp//libhal_bsp.a(alt_putstr.o)
 .debug_loc     0x0000000000000037       0x21 ../Alarma_bsp//libhal_bsp.a(alt_sys_init.o)
 .debug_loc     0x0000000000000058      0x15c ../Alarma_bsp//libhal_bsp.a(altera_avalon_uart_write.o)
 .debug_loc     0x00000000000001b4       0x1e /home/erick/opt/intelFPGA_lite/18.1/nios2eds/bin/gnu/H-x86_64-pc-linux-gnu/bin/../lib/gcc/nios2-elf/5.3.0/../../../../../H-x86_64-pc-linux-gnu/nios2-elf/lib/mno-hw-mul/libsmallc.a(lib_a-strlen.o)

.debug_macinfo
 *(.debug_macinfo)

.debug_weaknames
 *(.debug_weaknames)

.debug_funcnames
 *(.debug_funcnames)

.debug_typenames
 *(.debug_typenames)

.debug_varnames
 *(.debug_varnames)

.debug_alt_sim_info
                0x0000000000000000       0x10
 *(.debug_alt_sim_info)
 .debug_alt_sim_info
                0x0000000000000000       0x10 ../Alarma_bsp//obj/HAL/src/crt0.o
                0x0000000000002000                __alt_data_end = 0x2000
                0x0000000000002000                PROVIDE (__alt_stack_pointer, __alt_data_end)
                [!provide]                        PROVIDE (__alt_stack_limit, __alt_stack_base)
                [!provide]                        PROVIDE (__alt_heap_start, end)
                [!provide]                        PROVIDE (__alt_heap_limit, 0x2000)
OUTPUT(Alarma.elf elf32-littlenios2)

.debug_ranges   0x0000000000000000       0x88
 .debug_ranges  0x0000000000000000       0x20 ../Alarma_bsp//obj/HAL/src/crt0.o
 .debug_ranges  0x0000000000000020       0x10 obj/default/hello_world_small.o
 .debug_ranges  0x0000000000000030       0x48 ../Alarma_bsp//libhal_bsp.a(alt_load.o)
 .debug_ranges  0x0000000000000078       0x10 /home/erick/opt/intelFPGA_lite/18.1/nios2eds/bin/gnu/H-x86_64-pc-linux-gnu/bin/../lib/gcc/nios2-elf/5.3.0/../../../../../H-x86_64-pc-linux-gnu/nios2-elf/lib/mno-hw-mul/libsmallc.a(lib_a-strlen.o)
