Archive member included to satisfy reference by file (symbol)

/home/chris/intelFPGA_lite/18.1/nios2eds/bin/gnu/H-x86_64-pc-linux-gnu/bin/../lib/gcc/nios2-elf/5.3.0/../../../../../H-x86_64-pc-linux-gnu/nios2-elf/lib/mno-hw-mul/libsmallc.a(lib_a-printf.o)
                              obj/default/hello_world_small.o (printf)
/home/chris/intelFPGA_lite/18.1/nios2eds/bin/gnu/H-x86_64-pc-linux-gnu/bin/../lib/gcc/nios2-elf/5.3.0/../../../../../H-x86_64-pc-linux-gnu/nios2-elf/lib/mno-hw-mul/libsmallc.a(lib_a-vfprintf.o)
                              /home/chris/intelFPGA_lite/18.1/nios2eds/bin/gnu/H-x86_64-pc-linux-gnu/bin/../lib/gcc/nios2-elf/5.3.0/../../../../../H-x86_64-pc-linux-gnu/nios2-elf/lib/mno-hw-mul/libsmallc.a(lib_a-printf.o) (___vfprintf_internal_r)
/home/chris/intelFPGA_lite/18.1/nios2eds/bin/gnu/H-x86_64-pc-linux-gnu/bin/../lib/gcc/nios2-elf/5.3.0/../../../../../H-x86_64-pc-linux-gnu/nios2-elf/lib/mno-hw-mul/libsmallc.a(lib_a-fvwrite_small_dev.o)
                              /home/chris/intelFPGA_lite/18.1/nios2eds/bin/gnu/H-x86_64-pc-linux-gnu/bin/../lib/gcc/nios2-elf/5.3.0/../../../../../H-x86_64-pc-linux-gnu/nios2-elf/lib/mno-hw-mul/libsmallc.a(lib_a-printf.o) (__sfvwrite_small_dev)
/home/chris/intelFPGA_lite/18.1/nios2eds/bin/gnu/H-x86_64-pc-linux-gnu/bin/../lib/gcc/nios2-elf/5.3.0/../../../../../H-x86_64-pc-linux-gnu/nios2-elf/lib/mno-hw-mul/libsmallc.a(lib_a-impure.o)
                              /home/chris/intelFPGA_lite/18.1/nios2eds/bin/gnu/H-x86_64-pc-linux-gnu/bin/../lib/gcc/nios2-elf/5.3.0/../../../../../H-x86_64-pc-linux-gnu/nios2-elf/lib/mno-hw-mul/libsmallc.a(lib_a-printf.o) (_impure_ptr)
/home/chris/intelFPGA_lite/18.1/nios2eds/bin/gnu/H-x86_64-pc-linux-gnu/bin/../lib/gcc/nios2-elf/5.3.0/../../../../../H-x86_64-pc-linux-gnu/nios2-elf/lib/mno-hw-mul/libsmallc.a(lib_a-strlen.o)
                              /home/chris/intelFPGA_lite/18.1/nios2eds/bin/gnu/H-x86_64-pc-linux-gnu/bin/../lib/gcc/nios2-elf/5.3.0/../../../../../H-x86_64-pc-linux-gnu/nios2-elf/lib/mno-hw-mul/libsmallc.a(lib_a-vfprintf.o) (strlen)
/home/chris/intelFPGA_lite/18.1/nios2eds/bin/gnu/H-x86_64-pc-linux-gnu/bin/../lib/gcc/nios2-elf/5.3.0/../../../../../H-x86_64-pc-linux-gnu/nios2-elf/lib/mno-hw-mul/libsmallc.a(lib_a-writer.o)
                              /home/chris/intelFPGA_lite/18.1/nios2eds/bin/gnu/H-x86_64-pc-linux-gnu/bin/../lib/gcc/nios2-elf/5.3.0/../../../../../H-x86_64-pc-linux-gnu/nios2-elf/lib/mno-hw-mul/libsmallc.a(lib_a-fvwrite_small_dev.o) (_write_r)
/home/chris/intelFPGA_lite/18.1/nios2eds/bin/gnu/H-x86_64-pc-linux-gnu/bin/../lib/gcc/nios2-elf/5.3.0/../../../../../H-x86_64-pc-linux-gnu/nios2-elf/lib/mno-hw-mul/libsmallc.a(lib_a-int_errno.o)
                              /home/chris/intelFPGA_lite/18.1/nios2eds/bin/gnu/H-x86_64-pc-linux-gnu/bin/../lib/gcc/nios2-elf/5.3.0/../../../../../H-x86_64-pc-linux-gnu/nios2-elf/lib/mno-hw-mul/libsmallc.a(lib_a-writer.o) (errno)
/home/chris/intelFPGA_lite/18.1/nios2eds/bin/gnu/H-x86_64-pc-linux-gnu/bin/../lib/gcc/nios2-elf/5.3.0/mno-hw-mul/libgcc.a(lib2-divmod.o)
                              /home/chris/intelFPGA_lite/18.1/nios2eds/bin/gnu/H-x86_64-pc-linux-gnu/bin/../lib/gcc/nios2-elf/5.3.0/../../../../../H-x86_64-pc-linux-gnu/nios2-elf/lib/mno-hw-mul/libsmallc.a(lib_a-vfprintf.o) (__udivsi3)
/home/chris/intelFPGA_lite/18.1/nios2eds/bin/gnu/H-x86_64-pc-linux-gnu/bin/../lib/gcc/nios2-elf/5.3.0/mno-hw-mul/libgcc.a(lib2-mul.o)
                              /home/chris/intelFPGA_lite/18.1/nios2eds/bin/gnu/H-x86_64-pc-linux-gnu/bin/../lib/gcc/nios2-elf/5.3.0/../../../../../H-x86_64-pc-linux-gnu/nios2-elf/lib/mno-hw-mul/libsmallc.a(lib_a-vfprintf.o) (__mulsi3)
../Alarm_SoC_bsp//libhal_bsp.a(alt_iic.o)
                              obj/default/hello_world_small.o (alt_ic_isr_register)
../Alarm_SoC_bsp//libhal_bsp.a(alt_iic_isr_register.o)
                              ../Alarm_SoC_bsp//libhal_bsp.a(alt_iic.o) (alt_iic_isr_register)
../Alarm_SoC_bsp//libhal_bsp.a(alt_irq_entry.o)
                              ../Alarm_SoC_bsp//libhal_bsp.a(alt_iic_isr_register.o) (alt_irq_entry)
../Alarm_SoC_bsp//libhal_bsp.a(alt_irq_handler.o)
                              ../Alarm_SoC_bsp//libhal_bsp.a(alt_iic_isr_register.o) (alt_irq_handler)
../Alarm_SoC_bsp//libhal_bsp.a(alt_irq_vars.o)
                              ../Alarm_SoC_bsp//libhal_bsp.a(alt_iic.o) (alt_irq_active)
../Alarm_SoC_bsp//libhal_bsp.a(alt_load.o)
                              ../Alarm_SoC_bsp//obj/HAL/src/crt0.o (alt_load)
../Alarm_SoC_bsp//libhal_bsp.a(alt_main.o)
                              ../Alarm_SoC_bsp//obj/HAL/src/crt0.o (alt_main)
../Alarm_SoC_bsp//libhal_bsp.a(alt_usleep.o)
                              obj/default/hello_world_small.o (usleep)
../Alarm_SoC_bsp//libhal_bsp.a(alt_write.o)
                              /home/chris/intelFPGA_lite/18.1/nios2eds/bin/gnu/H-x86_64-pc-linux-gnu/bin/../lib/gcc/nios2-elf/5.3.0/../../../../../H-x86_64-pc-linux-gnu/nios2-elf/lib/mno-hw-mul/libsmallc.a(lib_a-writer.o) (write)
../Alarm_SoC_bsp//libhal_bsp.a(alt_sys_init.o)
                              ../Alarm_SoC_bsp//libhal_bsp.a(alt_main.o) (alt_irq_init)
../Alarm_SoC_bsp//libhal_bsp.a(altera_avalon_jtag_uart_write.o)
                              ../Alarm_SoC_bsp//libhal_bsp.a(alt_write.o) (altera_avalon_jtag_uart_write)
../Alarm_SoC_bsp//libhal_bsp.a(altera_up_avalon_rs232.o)
                              ../Alarm_SoC_bsp//libhal_bsp.a(alt_sys_init.o) (alt_up_rs232_read_fd)
../Alarm_SoC_bsp//libhal_bsp.a(alt_busy_sleep.o)
                              ../Alarm_SoC_bsp//libhal_bsp.a(alt_usleep.o) (alt_busy_sleep)
../Alarm_SoC_bsp//libhal_bsp.a(alt_dcache_flush_all.o)
                              ../Alarm_SoC_bsp//libhal_bsp.a(alt_load.o) (alt_dcache_flush_all)
../Alarm_SoC_bsp//libhal_bsp.a(alt_dev.o)
                              ../Alarm_SoC_bsp//libhal_bsp.a(alt_sys_init.o) (alt_dev_list)
../Alarm_SoC_bsp//libhal_bsp.a(alt_dev_llist_insert.o)
                              ../Alarm_SoC_bsp//libhal_bsp.a(alt_sys_init.o) (alt_dev_llist_insert)
../Alarm_SoC_bsp//libhal_bsp.a(alt_errno.o)
                              ../Alarm_SoC_bsp//libhal_bsp.a(alt_write.o) (alt_errno)
../Alarm_SoC_bsp//libhal_bsp.a(alt_exception_entry.o)
                              ../Alarm_SoC_bsp//libhal_bsp.a(alt_irq_entry.o) (alt_exception)
../Alarm_SoC_bsp//libhal_bsp.a(alt_find_dev.o)
                              ../Alarm_SoC_bsp//libhal_bsp.a(altera_up_avalon_rs232.o) (alt_find_dev)
../Alarm_SoC_bsp//libhal_bsp.a(alt_icache_flush_all.o)
                              ../Alarm_SoC_bsp//libhal_bsp.a(alt_load.o) (alt_icache_flush_all)
../Alarm_SoC_bsp//libhal_bsp.a(alt_instruction_exception_entry.o)
                              ../Alarm_SoC_bsp//libhal_bsp.a(alt_exception_entry.o) (alt_instruction_exception_entry)
../Alarm_SoC_bsp//libhal_bsp.a(altera_nios2_gen2_irq.o)
                              ../Alarm_SoC_bsp//libhal_bsp.a(alt_sys_init.o) (altera_nios2_gen2_irq_init)
/home/chris/intelFPGA_lite/18.1/nios2eds/bin/gnu/H-x86_64-pc-linux-gnu/bin/../lib/gcc/nios2-elf/5.3.0/../../../../../H-x86_64-pc-linux-gnu/nios2-elf/lib/mno-hw-mul/libsmallc.a(lib_a-memcmp.o)
                              ../Alarm_SoC_bsp//libhal_bsp.a(alt_find_dev.o) (memcmp)

Allocating common symbols
Common symbol       size              file

alt_irq             0x100             ../Alarm_SoC_bsp//libhal_bsp.a(alt_irq_handler.o)
alarmTime           0x1c              obj/default/hello_world_small.o
errno               0x4               /home/chris/intelFPGA_lite/18.1/nios2eds/bin/gnu/H-x86_64-pc-linux-gnu/bin/../lib/gcc/nios2-elf/5.3.0/../../../../../H-x86_64-pc-linux-gnu/nios2-elf/lib/mno-hw-mul/libsmallc.a(lib_a-int_errno.o)
actualTime          0x1c              obj/default/hello_world_small.o

Memory Configuration

Name             Origin             Length             Attributes
reset            0x0000000000020000 0x0000000000000020
ROM              0x0000000000020020 0x0000000000013fe0
RAM              0x0000000000040000 0x0000000000008000
*default*        0x0000000000000000 0xffffffffffffffff

Linker script and memory map

LOAD ../Alarm_SoC_bsp//obj/HAL/src/crt0.o
LOAD obj/default/hello_world_small.o
LOAD /home/chris/intelFPGA_lite/18.1/nios2eds/bin/gnu/H-x86_64-pc-linux-gnu/bin/../lib/gcc/nios2-elf/5.3.0/../../../../../H-x86_64-pc-linux-gnu/nios2-elf/lib/mno-hw-mul/libstdc++.a
LOAD /home/chris/intelFPGA_lite/18.1/nios2eds/bin/gnu/H-x86_64-pc-linux-gnu/bin/../lib/gcc/nios2-elf/5.3.0/../../../../../H-x86_64-pc-linux-gnu/nios2-elf/lib/mno-hw-mul/libm.a
LOAD /home/chris/intelFPGA_lite/18.1/nios2eds/bin/gnu/H-x86_64-pc-linux-gnu/bin/../lib/gcc/nios2-elf/5.3.0/mno-hw-mul/libgcc.a
START GROUP
LOAD /home/chris/intelFPGA_lite/18.1/nios2eds/bin/gnu/H-x86_64-pc-linux-gnu/bin/../lib/gcc/nios2-elf/5.3.0/../../../../../H-x86_64-pc-linux-gnu/nios2-elf/lib/mno-hw-mul/libsmallc.a
LOAD /home/chris/intelFPGA_lite/18.1/nios2eds/bin/gnu/H-x86_64-pc-linux-gnu/bin/../lib/gcc/nios2-elf/5.3.0/mno-hw-mul/libgcc.a
LOAD ../Alarm_SoC_bsp//libhal_bsp.a
LOAD /home/chris/intelFPGA_lite/18.1/nios2eds/bin/gnu/H-x86_64-pc-linux-gnu/bin/../lib/gcc/nios2-elf/5.3.0/../../../../../H-x86_64-pc-linux-gnu/nios2-elf/lib/mno-hw-mul/libm.a
END GROUP
LOAD /home/chris/intelFPGA_lite/18.1/nios2eds/bin/gnu/H-x86_64-pc-linux-gnu/bin/../lib/gcc/nios2-elf/5.3.0/mno-hw-mul/libgcc.a
                0x0000000000020000                __alt_mem_ROM = 0x20000
                0x0000000000040000                __alt_mem_RAM = 0x40000

.entry          0x0000000000020000       0x20
 *(.entry)
 .entry         0x0000000000020000       0x20 ../Alarm_SoC_bsp//obj/HAL/src/crt0.o
                0x0000000000020000                __reset
                0x000000000002000c                _exit

.exceptions     0x0000000000020020      0x160
                0x0000000000020020                PROVIDE (__ram_exceptions_start, ABSOLUTE (.))
                0x0000000000020020                . = ALIGN (0x20)
 *(.irq)
 *(.exceptions.entry.label)
 .exceptions.entry.label
                0x0000000000020020        0x0 ../Alarm_SoC_bsp//libhal_bsp.a(alt_irq_entry.o)
                0x0000000000020020                alt_irq_entry
 .exceptions.entry.label
                0x0000000000020020        0x0 ../Alarm_SoC_bsp//libhal_bsp.a(alt_exception_entry.o)
                0x0000000000020020                alt_exception
 *(.exceptions.entry.user)
 *(.exceptions.entry.ecc_fatal)
 *(.exceptions.entry)
 .exceptions.entry
                0x0000000000020020       0x54 ../Alarm_SoC_bsp//libhal_bsp.a(alt_exception_entry.o)
 *(.exceptions.irqtest.user)
 *(.exceptions.irqtest)
 .exceptions.irqtest
                0x0000000000020074       0x10 ../Alarm_SoC_bsp//libhal_bsp.a(alt_irq_entry.o)
 *(.exceptions.irqhandler.user)
 *(.exceptions.irqhandler)
 .exceptions.irqhandler
                0x0000000000020084        0x4 ../Alarm_SoC_bsp//libhal_bsp.a(alt_irq_entry.o)
 *(.exceptions.irqreturn.user)
 *(.exceptions.irqreturn)
 .exceptions.irqreturn
                0x0000000000020088        0x4 ../Alarm_SoC_bsp//libhal_bsp.a(alt_irq_entry.o)
 *(.exceptions.notirq.label)
 .exceptions.notirq.label
                0x000000000002008c        0x0 ../Alarm_SoC_bsp//libhal_bsp.a(alt_irq_entry.o)
 *(.exceptions.notirq.user)
 *(.exceptions.notirq)
 .exceptions.notirq
                0x000000000002008c        0x8 ../Alarm_SoC_bsp//libhal_bsp.a(alt_exception_entry.o)
 *(.exceptions.soft.user)
 *(.exceptions.soft)
 *(.exceptions.unknown.user)
 *(.exceptions.unknown)
 .exceptions.unknown
                0x0000000000020094       0x14 ../Alarm_SoC_bsp//libhal_bsp.a(alt_exception_entry.o)
 *(.exceptions.exit.label)
 .exceptions.exit.label
                0x00000000000200a8        0x0 ../Alarm_SoC_bsp//libhal_bsp.a(alt_irq_entry.o)
 .exceptions.exit.label
                0x00000000000200a8        0x0 ../Alarm_SoC_bsp//libhal_bsp.a(alt_exception_entry.o)
 *(.exceptions.exit.user)
 *(.exceptions.exit)
 .exceptions.exit
                0x00000000000200a8       0x54 ../Alarm_SoC_bsp//libhal_bsp.a(alt_exception_entry.o)
 *(.exceptions)
 .exceptions    0x00000000000200fc       0x60 ../Alarm_SoC_bsp//libhal_bsp.a(alt_irq_handler.o)
                0x00000000000200fc                alt_irq_handler
 .exceptions    0x000000000002015c       0x24 ../Alarm_SoC_bsp//libhal_bsp.a(alt_instruction_exception_entry.o)
                0x000000000002015c                alt_instruction_exception_entry
                0x0000000000020180                PROVIDE (__ram_exceptions_end, ABSOLUTE (.))
                0x0000000000020020                PROVIDE (__flash_exceptions_start, LOADADDR (.exceptions))

.text           0x0000000000020180     0x15b0
                [!provide]                        PROVIDE (stext, ABSOLUTE (.))
 *(.interp)
 *(.hash)
 *(.dynsym)
 *(.dynstr)
 *(.gnu.version)
 *(.gnu.version_d)
 *(.gnu.version_r)
 *(.rel.init)
 *(.rela.init)
 *(.rel.text .rel.text.* .rel.gnu.linkonce.t.*)
 *(.rela.text .rela.text.* .rela.gnu.linkonce.t.*)
 *(.rel.fini)
 *(.rela.fini)
 *(.rel.rodata .rel.rodata.* .rel.gnu.linkonce.r.*)
 *(.rela.rodata .rela.rodata.* .rela.gnu.linkonce.r.*)
 *(.rel.data .rel.data.* .rel.gnu.linkonce.d.*)
 *(.rela.data .rela.data.* .rela.gnu.linkonce.d.*)
 *(.rel.tdata .rel.tdata.* .rel.gnu.linkonce.td.*)
 *(.rela.tdata .rela.tdata.* .rela.gnu.linkonce.td.*)
 *(.rel.tbss .rel.tbss.* .rel.gnu.linkonce.tb.*)
 *(.rela.tbss .rela.tbss.* .rela.gnu.linkonce.tb.*)
 *(.rel.ctors)
 *(.rela.ctors)
 *(.rel.dtors)
 *(.rela.dtors)
 *(.rel.got)
 *(.rela.got)
 *(.rel.sdata .rel.sdata.* .rel.gnu.linkonce.s.*)
 *(.rela.sdata .rela.sdata.* .rela.gnu.linkonce.s.*)
 *(.rel.sbss .rel.sbss.* .rel.gnu.linkonce.sb.*)
 *(.rela.sbss .rela.sbss.* .rela.gnu.linkonce.sb.*)
 *(.rel.sdata2 .rel.sdata2.* .rel.gnu.linkonce.s2.*)
 *(.rela.sdata2 .rela.sdata2.* .rela.gnu.linkonce.s2.*)
 *(.rel.sbss2 .rel.sbss2.* .rel.gnu.linkonce.sb2.*)
 *(.rela.sbss2 .rela.sbss2.* .rela.gnu.linkonce.sb2.*)
 *(.rel.bss .rel.bss.* .rel.gnu.linkonce.b.*)
 *(.rela.bss .rela.bss.* .rela.gnu.linkonce.b.*)
 *(.rel.plt)
 *(.rela.plt)
 *(.rel.dyn)
 *(.init)
 *(.plt)
 *(.text .stub .text.* .gnu.linkonce.t.*)
 .text          0x0000000000020180       0x3c ../Alarm_SoC_bsp//obj/HAL/src/crt0.o
                0x0000000000020180                _start
 .text          0x00000000000201bc      0x284 obj/default/hello_world_small.o
                0x00000000000201bc                ToHexa
                0x00000000000201e4                EncodeHexa
                0x0000000000020224                UpdateTime
                0x0000000000020354                UpdateTimeDisplays
                0x0000000000020420                LedsUpdate
 .text.startup  0x0000000000020440      0x360 obj/default/hello_world_small.o
                0x0000000000020440                main
 .text          0x00000000000207a0        0x0 /home/chris/intelFPGA_lite/18.1/nios2eds/bin/gnu/H-x86_64-pc-linux-gnu/bin/../lib/gcc/nios2-elf/5.3.0/../../../../../H-x86_64-pc-linux-gnu/nios2-elf/lib/mno-hw-mul/libsmallc.a(lib_a-printf.o)
 .text._printf_r
                0x00000000000207a0       0x3c /home/chris/intelFPGA_lite/18.1/nios2eds/bin/gnu/H-x86_64-pc-linux-gnu/bin/../lib/gcc/nios2-elf/5.3.0/../../../../../H-x86_64-pc-linux-gnu/nios2-elf/lib/mno-hw-mul/libsmallc.a(lib_a-printf.o)
                0x00000000000207a0                _printf_r
 .text.printf   0x00000000000207dc       0x4c /home/chris/intelFPGA_lite/18.1/nios2eds/bin/gnu/H-x86_64-pc-linux-gnu/bin/../lib/gcc/nios2-elf/5.3.0/../../../../../H-x86_64-pc-linux-gnu/nios2-elf/lib/mno-hw-mul/libsmallc.a(lib_a-printf.o)
                0x00000000000207dc                printf
 .text          0x0000000000020828        0x0 /home/chris/intelFPGA_lite/18.1/nios2eds/bin/gnu/H-x86_64-pc-linux-gnu/bin/../lib/gcc/nios2-elf/5.3.0/../../../../../H-x86_64-pc-linux-gnu/nios2-elf/lib/mno-hw-mul/libsmallc.a(lib_a-vfprintf.o)
 .text.print_repeat
                0x0000000000020828       0x6c /home/chris/intelFPGA_lite/18.1/nios2eds/bin/gnu/H-x86_64-pc-linux-gnu/bin/../lib/gcc/nios2-elf/5.3.0/../../../../../H-x86_64-pc-linux-gnu/nios2-elf/lib/mno-hw-mul/libsmallc.a(lib_a-vfprintf.o)
 .text.___vfprintf_internal_r
                0x0000000000020894      0x52c /home/chris/intelFPGA_lite/18.1/nios2eds/bin/gnu/H-x86_64-pc-linux-gnu/bin/../lib/gcc/nios2-elf/5.3.0/../../../../../H-x86_64-pc-linux-gnu/nios2-elf/lib/mno-hw-mul/libsmallc.a(lib_a-vfprintf.o)
                0x0000000000020894                ___vfprintf_internal_r
 .text.__vfprintf_internal
                0x0000000000020dc0       0x1c /home/chris/intelFPGA_lite/18.1/nios2eds/bin/gnu/H-x86_64-pc-linux-gnu/bin/../lib/gcc/nios2-elf/5.3.0/../../../../../H-x86_64-pc-linux-gnu/nios2-elf/lib/mno-hw-mul/libsmallc.a(lib_a-vfprintf.o)
                0x0000000000020dc0                __vfprintf_internal
 .text          0x0000000000020ddc        0x0 /home/chris/intelFPGA_lite/18.1/nios2eds/bin/gnu/H-x86_64-pc-linux-gnu/bin/../lib/gcc/nios2-elf/5.3.0/../../../../../H-x86_64-pc-linux-gnu/nios2-elf/lib/mno-hw-mul/libsmallc.a(lib_a-fvwrite_small_dev.o)
 .text.__sfvwrite_small_dev
                0x0000000000020ddc       0xb8 /home/chris/intelFPGA_lite/18.1/nios2eds/bin/gnu/H-x86_64-pc-linux-gnu/bin/../lib/gcc/nios2-elf/5.3.0/../../../../../H-x86_64-pc-linux-gnu/nios2-elf/lib/mno-hw-mul/libsmallc.a(lib_a-fvwrite_small_dev.o)
                0x0000000000020ddc                __sfvwrite_small_dev
 .text          0x0000000000020e94        0x0 /home/chris/intelFPGA_lite/18.1/nios2eds/bin/gnu/H-x86_64-pc-linux-gnu/bin/../lib/gcc/nios2-elf/5.3.0/../../../../../H-x86_64-pc-linux-gnu/nios2-elf/lib/mno-hw-mul/libsmallc.a(lib_a-impure.o)
 .text          0x0000000000020e94        0x0 /home/chris/intelFPGA_lite/18.1/nios2eds/bin/gnu/H-x86_64-pc-linux-gnu/bin/../lib/gcc/nios2-elf/5.3.0/../../../../../H-x86_64-pc-linux-gnu/nios2-elf/lib/mno-hw-mul/libsmallc.a(lib_a-strlen.o)
 .text.strlen   0x0000000000020e94       0x1c /home/chris/intelFPGA_lite/18.1/nios2eds/bin/gnu/H-x86_64-pc-linux-gnu/bin/../lib/gcc/nios2-elf/5.3.0/../../../../../H-x86_64-pc-linux-gnu/nios2-elf/lib/mno-hw-mul/libsmallc.a(lib_a-strlen.o)
                0x0000000000020e94                strlen
 .text          0x0000000000020eb0        0x0 /home/chris/intelFPGA_lite/18.1/nios2eds/bin/gnu/H-x86_64-pc-linux-gnu/bin/../lib/gcc/nios2-elf/5.3.0/../../../../../H-x86_64-pc-linux-gnu/nios2-elf/lib/mno-hw-mul/libsmallc.a(lib_a-writer.o)
 .text._write_r
                0x0000000000020eb0       0x58 /home/chris/intelFPGA_lite/18.1/nios2eds/bin/gnu/H-x86_64-pc-linux-gnu/bin/../lib/gcc/nios2-elf/5.3.0/../../../../../H-x86_64-pc-linux-gnu/nios2-elf/lib/mno-hw-mul/libsmallc.a(lib_a-writer.o)
                0x0000000000020eb0                _write_r
 .text          0x0000000000020f08        0x0 /home/chris/intelFPGA_lite/18.1/nios2eds/bin/gnu/H-x86_64-pc-linux-gnu/bin/../lib/gcc/nios2-elf/5.3.0/../../../../../H-x86_64-pc-linux-gnu/nios2-elf/lib/mno-hw-mul/libsmallc.a(lib_a-int_errno.o)
 .text          0x0000000000020f08      0x1b4 /home/chris/intelFPGA_lite/18.1/nios2eds/bin/gnu/H-x86_64-pc-linux-gnu/bin/../lib/gcc/nios2-elf/5.3.0/mno-hw-mul/libgcc.a(lib2-divmod.o)
                0x0000000000020f08                __divsi3
                0x0000000000020f8c                __modsi3
                0x0000000000021000                __udivsi3
                0x0000000000021064                __umodsi3
 .text          0x00000000000210bc       0x28 /home/chris/intelFPGA_lite/18.1/nios2eds/bin/gnu/H-x86_64-pc-linux-gnu/bin/../lib/gcc/nios2-elf/5.3.0/mno-hw-mul/libgcc.a(lib2-mul.o)
                0x00000000000210bc                __mulsi3
 .text          0x00000000000210e4       0x8c ../Alarm_SoC_bsp//libhal_bsp.a(alt_iic.o)
                0x00000000000210e4                alt_ic_isr_register
                0x00000000000210e8                alt_ic_irq_enable
                0x0000000000021120                alt_ic_irq_disable
                0x0000000000021158                alt_ic_irq_enabled
 .text          0x0000000000021170       0x68 ../Alarm_SoC_bsp//libhal_bsp.a(alt_iic_isr_register.o)
                0x0000000000021170                alt_iic_isr_register
 .text          0x00000000000211d8        0x0 ../Alarm_SoC_bsp//libhal_bsp.a(alt_irq_entry.o)
 .text          0x00000000000211d8        0x0 ../Alarm_SoC_bsp//libhal_bsp.a(alt_irq_handler.o)
 .text          0x00000000000211d8        0x0 ../Alarm_SoC_bsp//libhal_bsp.a(alt_irq_vars.o)
 .text          0x00000000000211d8       0xe0 ../Alarm_SoC_bsp//libhal_bsp.a(alt_load.o)
                0x00000000000211d8                alt_load
 .text          0x00000000000212b8       0x2c ../Alarm_SoC_bsp//libhal_bsp.a(alt_main.o)
                0x00000000000212b8                alt_main
 .text          0x00000000000212e4        0x4 ../Alarm_SoC_bsp//libhal_bsp.a(alt_usleep.o)
                0x00000000000212e4                usleep
 .text          0x00000000000212e8       0x60 ../Alarm_SoC_bsp//libhal_bsp.a(alt_write.o)
                0x00000000000212e8                write
 .text          0x0000000000021348       0x30 ../Alarm_SoC_bsp//libhal_bsp.a(alt_sys_init.o)
                0x0000000000021348                alt_irq_init
                0x0000000000021368                alt_sys_init
 .text          0x0000000000021378       0x34 ../Alarm_SoC_bsp//libhal_bsp.a(altera_avalon_jtag_uart_write.o)
                0x0000000000021378                altera_avalon_jtag_uart_write
 .text          0x00000000000213ac      0x160 ../Alarm_SoC_bsp//libhal_bsp.a(altera_up_avalon_rs232.o)
                0x00000000000213ac                alt_up_rs232_enable_read_interrupt
                0x00000000000213c4                alt_up_rs232_disable_read_interrupt
                0x00000000000213e0                alt_up_rs232_get_used_space_in_read_FIFO
                0x00000000000213f0                alt_up_rs232_get_available_space_in_write_FIFO
                0x0000000000021400                alt_up_rs232_check_parity
                0x000000000002140c                alt_up_rs232_write_data
                0x0000000000021420                alt_up_rs232_read_data
                0x000000000002146c                alt_up_rs232_read_fd
                0x00000000000214dc                alt_up_rs232_write_fd
                0x0000000000021504                alt_up_rs232_open_dev
 .text          0x000000000002150c       0x88 ../Alarm_SoC_bsp//libhal_bsp.a(alt_busy_sleep.o)
                0x000000000002150c                alt_busy_sleep
 .text          0x0000000000021594        0x4 ../Alarm_SoC_bsp//libhal_bsp.a(alt_dcache_flush_all.o)
                0x0000000000021594                alt_dcache_flush_all
 .text          0x0000000000021598        0x8 ../Alarm_SoC_bsp//libhal_bsp.a(alt_dev.o)
 .text          0x00000000000215a0       0x6c ../Alarm_SoC_bsp//libhal_bsp.a(alt_dev_llist_insert.o)
                0x00000000000215a0                alt_dev_llist_insert
 .text          0x000000000002160c        0x0 ../Alarm_SoC_bsp//libhal_bsp.a(alt_errno.o)
 .text          0x000000000002160c        0x0 ../Alarm_SoC_bsp//libhal_bsp.a(alt_exception_entry.o)
 .text          0x000000000002160c       0x74 ../Alarm_SoC_bsp//libhal_bsp.a(alt_find_dev.o)
                0x000000000002160c                alt_find_dev
 .text          0x0000000000021680        0x4 ../Alarm_SoC_bsp//libhal_bsp.a(alt_icache_flush_all.o)
                0x0000000000021680                alt_icache_flush_all
 .text          0x0000000000021684       0x74 ../Alarm_SoC_bsp//libhal_bsp.a(alt_instruction_exception_entry.o)
                0x0000000000021684                alt_exception_cause_generated_bad_addr
 .text          0x00000000000216f8        0x8 ../Alarm_SoC_bsp//libhal_bsp.a(altera_nios2_gen2_irq.o)
                0x00000000000216f8                altera_nios2_gen2_irq_init
 .text          0x0000000000021700        0x0 /home/chris/intelFPGA_lite/18.1/nios2eds/bin/gnu/H-x86_64-pc-linux-gnu/bin/../lib/gcc/nios2-elf/5.3.0/../../../../../H-x86_64-pc-linux-gnu/nios2-elf/lib/mno-hw-mul/libsmallc.a(lib_a-memcmp.o)
 .text.memcmp   0x0000000000021700       0x30 /home/chris/intelFPGA_lite/18.1/nios2eds/bin/gnu/H-x86_64-pc-linux-gnu/bin/../lib/gcc/nios2-elf/5.3.0/../../../../../H-x86_64-pc-linux-gnu/nios2-elf/lib/mno-hw-mul/libsmallc.a(lib_a-memcmp.o)
                0x0000000000021700                memcmp
 *(.gnu.warning.*)
 *(.fini)
                [!provide]                        PROVIDE (__etext, ABSOLUTE (.))
                [!provide]                        PROVIDE (_etext, ABSOLUTE (.))
                [!provide]                        PROVIDE (etext, ABSOLUTE (.))
 *(.eh_frame_hdr)
                0x0000000000021730                . = ALIGN (0x4)
                [!provide]                        PROVIDE (__preinit_array_start, ABSOLUTE (.))
 *(.preinit_array)
                [!provide]                        PROVIDE (__preinit_array_end, ABSOLUTE (.))
                [!provide]                        PROVIDE (__init_array_start, ABSOLUTE (.))
 *(.init_array)
                [!provide]                        PROVIDE (__init_array_end, ABSOLUTE (.))
                [!provide]                        PROVIDE (__fini_array_start, ABSOLUTE (.))
 *(.fini_array)
                [!provide]                        PROVIDE (__fini_array_end, ABSOLUTE (.))
 *(.eh_frame)
 *(.gcc_except_table .gcc_except_table.*)
 *(.dynamic)
                [!provide]                        PROVIDE (__CTOR_LIST__, ABSOLUTE (.))
 *(.ctors)
 *(SORT(.ctors.*))
                [!provide]                        PROVIDE (__CTOR_END__, ABSOLUTE (.))
                [!provide]                        PROVIDE (__DTOR_LIST__, ABSOLUTE (.))
 *(.dtors)
 *(SORT(.dtors.*))
                [!provide]                        PROVIDE (__DTOR_END__, ABSOLUTE (.))
 *(.jcr)
                0x0000000000021730                . = ALIGN (0x4)

.rodata         0x0000000000040000       0x34 load address 0x0000000000021730
                0x0000000000040000                PROVIDE (__ram_rodata_start, ABSOLUTE (.))
                0x0000000000040000                . = ALIGN (0x4)
 *(.rodata .rodata.* .gnu.linkonce.r.*)
 .rodata.str1.4
                0x0000000000040000        0xe obj/default/hello_world_small.o
 .rodata        0x000000000004000e        0xc obj/default/hello_world_small.o
 *fill*         0x000000000004001a        0x2 
 .rodata.str1.4
                0x000000000004001c        0xa ../Alarm_SoC_bsp//libhal_bsp.a(alt_sys_init.o)
 *fill*         0x0000000000040026        0x2 
 .rodata.str1.4
                0x0000000000040028        0xc ../Alarm_SoC_bsp//libhal_bsp.a(alt_dev.o)
                                          0xa (size before relaxing)
 *(.rodata1)
                0x0000000000040034                . = ALIGN (0x4)
                0x0000000000040034                PROVIDE (__ram_rodata_end, ABSOLUTE (.))
                0x0000000000021730                PROVIDE (__flash_rodata_start, LOADADDR (.rodata))

.rwdata         0x0000000000040034      0x1b8 load address 0x0000000000021764
                0x0000000000040034                PROVIDE (__ram_rwdata_start, ABSOLUTE (.))
                0x0000000000040034                . = ALIGN (0x4)
 *(.got.plt)
 *(.got)
 *(.data1)
 *(.data .data.* .gnu.linkonce.d.*)
 .data          0x0000000000040034        0x0 ../Alarm_SoC_bsp//obj/HAL/src/crt0.o
 .data          0x0000000000040034        0x0 obj/default/hello_world_small.o
 .data          0x0000000000040034        0x0 /home/chris/intelFPGA_lite/18.1/nios2eds/bin/gnu/H-x86_64-pc-linux-gnu/bin/../lib/gcc/nios2-elf/5.3.0/../../../../../H-x86_64-pc-linux-gnu/nios2-elf/lib/mno-hw-mul/libsmallc.a(lib_a-printf.o)
 .data          0x0000000000040034        0x0 /home/chris/intelFPGA_lite/18.1/nios2eds/bin/gnu/H-x86_64-pc-linux-gnu/bin/../lib/gcc/nios2-elf/5.3.0/../../../../../H-x86_64-pc-linux-gnu/nios2-elf/lib/mno-hw-mul/libsmallc.a(lib_a-vfprintf.o)
 .data          0x0000000000040034        0x0 /home/chris/intelFPGA_lite/18.1/nios2eds/bin/gnu/H-x86_64-pc-linux-gnu/bin/../lib/gcc/nios2-elf/5.3.0/../../../../../H-x86_64-pc-linux-gnu/nios2-elf/lib/mno-hw-mul/libsmallc.a(lib_a-fvwrite_small_dev.o)
 .data          0x0000000000040034        0x0 /home/chris/intelFPGA_lite/18.1/nios2eds/bin/gnu/H-x86_64-pc-linux-gnu/bin/../lib/gcc/nios2-elf/5.3.0/../../../../../H-x86_64-pc-linux-gnu/nios2-elf/lib/mno-hw-mul/libsmallc.a(lib_a-impure.o)
 .data.impure_data
                0x0000000000040034       0xe0 /home/chris/intelFPGA_lite/18.1/nios2eds/bin/gnu/H-x86_64-pc-linux-gnu/bin/../lib/gcc/nios2-elf/5.3.0/../../../../../H-x86_64-pc-linux-gnu/nios2-elf/lib/mno-hw-mul/libsmallc.a(lib_a-impure.o)
 .data          0x0000000000040114        0x0 /home/chris/intelFPGA_lite/18.1/nios2eds/bin/gnu/H-x86_64-pc-linux-gnu/bin/../lib/gcc/nios2-elf/5.3.0/../../../../../H-x86_64-pc-linux-gnu/nios2-elf/lib/mno-hw-mul/libsmallc.a(lib_a-strlen.o)
 .data          0x0000000000040114        0x0 /home/chris/intelFPGA_lite/18.1/nios2eds/bin/gnu/H-x86_64-pc-linux-gnu/bin/../lib/gcc/nios2-elf/5.3.0/../../../../../H-x86_64-pc-linux-gnu/nios2-elf/lib/mno-hw-mul/libsmallc.a(lib_a-writer.o)
 .data          0x0000000000040114        0x0 /home/chris/intelFPGA_lite/18.1/nios2eds/bin/gnu/H-x86_64-pc-linux-gnu/bin/../lib/gcc/nios2-elf/5.3.0/../../../../../H-x86_64-pc-linux-gnu/nios2-elf/lib/mno-hw-mul/libsmallc.a(lib_a-int_errno.o)
 .data          0x0000000000040114        0x0 /home/chris/intelFPGA_lite/18.1/nios2eds/bin/gnu/H-x86_64-pc-linux-gnu/bin/../lib/gcc/nios2-elf/5.3.0/mno-hw-mul/libgcc.a(lib2-divmod.o)
 .data          0x0000000000040114        0x0 /home/chris/intelFPGA_lite/18.1/nios2eds/bin/gnu/H-x86_64-pc-linux-gnu/bin/../lib/gcc/nios2-elf/5.3.0/mno-hw-mul/libgcc.a(lib2-mul.o)
 .data          0x0000000000040114        0x0 ../Alarm_SoC_bsp//libhal_bsp.a(alt_iic.o)
 .data          0x0000000000040114        0x0 ../Alarm_SoC_bsp//libhal_bsp.a(alt_iic_isr_register.o)
 .data          0x0000000000040114        0x0 ../Alarm_SoC_bsp//libhal_bsp.a(alt_irq_entry.o)
 .data          0x0000000000040114        0x0 ../Alarm_SoC_bsp//libhal_bsp.a(alt_irq_handler.o)
 .data          0x0000000000040114        0x0 ../Alarm_SoC_bsp//libhal_bsp.a(alt_irq_vars.o)
 .data          0x0000000000040114        0x0 ../Alarm_SoC_bsp//libhal_bsp.a(alt_load.o)
 .data          0x0000000000040114        0x0 ../Alarm_SoC_bsp//libhal_bsp.a(alt_main.o)
 .data          0x0000000000040114        0x0 ../Alarm_SoC_bsp//libhal_bsp.a(alt_usleep.o)
 .data          0x0000000000040114        0x0 ../Alarm_SoC_bsp//libhal_bsp.a(alt_write.o)
 .data          0x0000000000040114       0x2c ../Alarm_SoC_bsp//libhal_bsp.a(alt_sys_init.o)
 .data          0x0000000000040140        0x0 ../Alarm_SoC_bsp//libhal_bsp.a(altera_avalon_jtag_uart_write.o)
 .data          0x0000000000040140        0x0 ../Alarm_SoC_bsp//libhal_bsp.a(altera_up_avalon_rs232.o)
 .data          0x0000000000040140        0x0 ../Alarm_SoC_bsp//libhal_bsp.a(alt_busy_sleep.o)
 .data          0x0000000000040140        0x0 ../Alarm_SoC_bsp//libhal_bsp.a(alt_dcache_flush_all.o)
 .data          0x0000000000040140       0x58 ../Alarm_SoC_bsp//libhal_bsp.a(alt_dev.o)
                0x0000000000040140                alt_fd_list
                0x0000000000040170                alt_dev_null
 .data          0x0000000000040198        0x0 ../Alarm_SoC_bsp//libhal_bsp.a(alt_dev_llist_insert.o)
 .data          0x0000000000040198        0x0 ../Alarm_SoC_bsp//libhal_bsp.a(alt_errno.o)
 .data          0x0000000000040198        0x0 ../Alarm_SoC_bsp//libhal_bsp.a(alt_exception_entry.o)
 .data          0x0000000000040198        0x0 ../Alarm_SoC_bsp//libhal_bsp.a(alt_find_dev.o)
 .data          0x0000000000040198        0x0 ../Alarm_SoC_bsp//libhal_bsp.a(alt_icache_flush_all.o)
 .data          0x0000000000040198        0x0 ../Alarm_SoC_bsp//libhal_bsp.a(alt_instruction_exception_entry.o)
 .data          0x0000000000040198        0x0 ../Alarm_SoC_bsp//libhal_bsp.a(altera_nios2_gen2_irq.o)
 .data          0x0000000000040198        0x0 /home/chris/intelFPGA_lite/18.1/nios2eds/bin/gnu/H-x86_64-pc-linux-gnu/bin/../lib/gcc/nios2-elf/5.3.0/../../../../../H-x86_64-pc-linux-gnu/nios2-elf/lib/mno-hw-mul/libsmallc.a(lib_a-memcmp.o)
                0x0000000000048198                _gp = ABSOLUTE ((. + 0x8000))
                [!provide]                        PROVIDE (gp, _gp)
 *(.rwdata .rwdata.*)
 *(.sdata .sdata.* .gnu.linkonce.s.*)
 .sdata         0x0000000000040198       0x2c obj/default/hello_world_small.o
                0x0000000000040198                ledsOn
                0x000000000004019c                ledsValue
                0x00000000000401a0                uart
                0x00000000000401a4                timerCoreStatus
                0x00000000000401a8                leds
                0x00000000000401ac                gpioOut
                0x00000000000401b0                buttons
                0x00000000000401b4                switches
                0x00000000000401b8                hours
                0x00000000000401bc                minutes
                0x00000000000401c0                seconds
 .sdata._global_impure_ptr
                0x00000000000401c4        0x4 /home/chris/intelFPGA_lite/18.1/nios2eds/bin/gnu/H-x86_64-pc-linux-gnu/bin/../lib/gcc/nios2-elf/5.3.0/../../../../../H-x86_64-pc-linux-gnu/nios2-elf/lib/mno-hw-mul/libsmallc.a(lib_a-impure.o)
                0x00000000000401c4                _global_impure_ptr
 .sdata._impure_ptr
                0x00000000000401c8        0x4 /home/chris/intelFPGA_lite/18.1/nios2eds/bin/gnu/H-x86_64-pc-linux-gnu/bin/../lib/gcc/nios2-elf/5.3.0/../../../../../H-x86_64-pc-linux-gnu/nios2-elf/lib/mno-hw-mul/libsmallc.a(lib_a-impure.o)
                0x00000000000401c8                _impure_ptr
 .sdata         0x00000000000401cc        0x4 ../Alarm_SoC_bsp//libhal_bsp.a(alt_irq_vars.o)
                0x00000000000401cc                alt_priority_mask
 .sdata         0x00000000000401d0        0x4 ../Alarm_SoC_bsp//libhal_bsp.a(alt_sys_init.o)
                0x00000000000401d0                JTAG
 .sdata         0x00000000000401d4       0x14 ../Alarm_SoC_bsp//libhal_bsp.a(alt_dev.o)
                0x00000000000401d4                alt_max_fd
                0x00000000000401d8                alt_dev_list
                0x00000000000401e0                alt_fs_list
 .sdata         0x00000000000401e8        0x4 ../Alarm_SoC_bsp//libhal_bsp.a(alt_errno.o)
                0x00000000000401e8                alt_errno
 *(.sdata2 .sdata2.* .gnu.linkonce.s2.*)
                0x00000000000401ec                . = ALIGN (0x4)
                0x00000000000401ec                _edata = ABSOLUTE (.)
                [!provide]                        PROVIDE (edata, ABSOLUTE (.))
                0x00000000000401ec                PROVIDE (__ram_rwdata_end, ABSOLUTE (.))
                0x0000000000021764                PROVIDE (__flash_rwdata_start, LOADADDR (.rwdata))

.bss            0x00000000000401ec      0x158 load address 0x000000000002191c
                0x00000000000401ec                __bss_start = ABSOLUTE (.)
                [!provide]                        PROVIDE (__sbss_start, ABSOLUTE (.))
                [!provide]                        PROVIDE (___sbss_start, ABSOLUTE (.))
 *(.dynsbss)
 *(.sbss .sbss.* .gnu.linkonce.sb.*)
 .sbss          0x00000000000401ec        0x7 obj/default/hello_world_small.o
                0x00000000000401ec                counter
                0x00000000000401f0                alarmStatus
                0x00000000000401f1                settingAlarm
                0x00000000000401f2                switchingAlarm
 *fill*         0x00000000000401f3        0x1 
 .sbss          0x00000000000401f4        0x4 /home/chris/intelFPGA_lite/18.1/nios2eds/bin/gnu/H-x86_64-pc-linux-gnu/bin/../lib/gcc/nios2-elf/5.3.0/../../../../../H-x86_64-pc-linux-gnu/nios2-elf/lib/mno-hw-mul/libsmallc.a(lib_a-int_errno.o)
                0x00000000000401f4                errno
 .sbss          0x00000000000401f8        0x4 ../Alarm_SoC_bsp//libhal_bsp.a(alt_irq_vars.o)
                0x00000000000401f8                alt_irq_active
 .sbss          0x00000000000401fc        0xc ../Alarm_SoC_bsp//libhal_bsp.a(alt_main.o)
                0x00000000000401fc                alt_envp
                0x0000000000040200                alt_argv
                0x0000000000040204                alt_argc
 .sbss          0x0000000000040208        0x4 ../Alarm_SoC_bsp//libhal_bsp.a(alt_instruction_exception_entry.o)
                0x0000000000040208                alt_instruction_exception_handler
 *(.sbss2 .sbss2.* .gnu.linkonce.sb2.*)
 *(.scommon)
                [!provide]                        PROVIDE (__sbss_end, ABSOLUTE (.))
                [!provide]                        PROVIDE (___sbss_end, ABSOLUTE (.))
 *(.dynbss)
 *(.bss .bss.* .gnu.linkonce.b.*)
 .bss           0x000000000004020c        0x0 ../Alarm_SoC_bsp//obj/HAL/src/crt0.o
 .bss           0x000000000004020c        0x0 obj/default/hello_world_small.o
 .bss           0x000000000004020c        0x0 /home/chris/intelFPGA_lite/18.1/nios2eds/bin/gnu/H-x86_64-pc-linux-gnu/bin/../lib/gcc/nios2-elf/5.3.0/../../../../../H-x86_64-pc-linux-gnu/nios2-elf/lib/mno-hw-mul/libsmallc.a(lib_a-printf.o)
 .bss           0x000000000004020c        0x0 /home/chris/intelFPGA_lite/18.1/nios2eds/bin/gnu/H-x86_64-pc-linux-gnu/bin/../lib/gcc/nios2-elf/5.3.0/../../../../../H-x86_64-pc-linux-gnu/nios2-elf/lib/mno-hw-mul/libsmallc.a(lib_a-vfprintf.o)
 .bss           0x000000000004020c        0x0 /home/chris/intelFPGA_lite/18.1/nios2eds/bin/gnu/H-x86_64-pc-linux-gnu/bin/../lib/gcc/nios2-elf/5.3.0/../../../../../H-x86_64-pc-linux-gnu/nios2-elf/lib/mno-hw-mul/libsmallc.a(lib_a-fvwrite_small_dev.o)
 .bss           0x000000000004020c        0x0 /home/chris/intelFPGA_lite/18.1/nios2eds/bin/gnu/H-x86_64-pc-linux-gnu/bin/../lib/gcc/nios2-elf/5.3.0/../../../../../H-x86_64-pc-linux-gnu/nios2-elf/lib/mno-hw-mul/libsmallc.a(lib_a-impure.o)
 .bss           0x000000000004020c        0x0 /home/chris/intelFPGA_lite/18.1/nios2eds/bin/gnu/H-x86_64-pc-linux-gnu/bin/../lib/gcc/nios2-elf/5.3.0/../../../../../H-x86_64-pc-linux-gnu/nios2-elf/lib/mno-hw-mul/libsmallc.a(lib_a-strlen.o)
 .bss           0x000000000004020c        0x0 /home/chris/intelFPGA_lite/18.1/nios2eds/bin/gnu/H-x86_64-pc-linux-gnu/bin/../lib/gcc/nios2-elf/5.3.0/../../../../../H-x86_64-pc-linux-gnu/nios2-elf/lib/mno-hw-mul/libsmallc.a(lib_a-writer.o)
 .bss           0x000000000004020c        0x0 /home/chris/intelFPGA_lite/18.1/nios2eds/bin/gnu/H-x86_64-pc-linux-gnu/bin/../lib/gcc/nios2-elf/5.3.0/../../../../../H-x86_64-pc-linux-gnu/nios2-elf/lib/mno-hw-mul/libsmallc.a(lib_a-int_errno.o)
 .bss           0x000000000004020c        0x0 /home/chris/intelFPGA_lite/18.1/nios2eds/bin/gnu/H-x86_64-pc-linux-gnu/bin/../lib/gcc/nios2-elf/5.3.0/mno-hw-mul/libgcc.a(lib2-divmod.o)
 .bss           0x000000000004020c        0x0 /home/chris/intelFPGA_lite/18.1/nios2eds/bin/gnu/H-x86_64-pc-linux-gnu/bin/../lib/gcc/nios2-elf/5.3.0/mno-hw-mul/libgcc.a(lib2-mul.o)
 .bss           0x000000000004020c        0x0 ../Alarm_SoC_bsp//libhal_bsp.a(alt_iic.o)
 .bss           0x000000000004020c        0x0 ../Alarm_SoC_bsp//libhal_bsp.a(alt_iic_isr_register.o)
 .bss           0x000000000004020c        0x0 ../Alarm_SoC_bsp//libhal_bsp.a(alt_irq_entry.o)
 .bss           0x000000000004020c        0x0 ../Alarm_SoC_bsp//libhal_bsp.a(alt_irq_handler.o)
 .bss           0x000000000004020c        0x0 ../Alarm_SoC_bsp//libhal_bsp.a(alt_irq_vars.o)
 .bss           0x000000000004020c        0x0 ../Alarm_SoC_bsp//libhal_bsp.a(alt_load.o)
 .bss           0x000000000004020c        0x0 ../Alarm_SoC_bsp//libhal_bsp.a(alt_main.o)
 .bss           0x000000000004020c        0x0 ../Alarm_SoC_bsp//libhal_bsp.a(alt_usleep.o)
 .bss           0x000000000004020c        0x0 ../Alarm_SoC_bsp//libhal_bsp.a(alt_write.o)
 .bss           0x000000000004020c        0x0 ../Alarm_SoC_bsp//libhal_bsp.a(alt_sys_init.o)
 .bss           0x000000000004020c        0x0 ../Alarm_SoC_bsp//libhal_bsp.a(altera_avalon_jtag_uart_write.o)
 .bss           0x000000000004020c        0x0 ../Alarm_SoC_bsp//libhal_bsp.a(altera_up_avalon_rs232.o)
 .bss           0x000000000004020c        0x0 ../Alarm_SoC_bsp//libhal_bsp.a(alt_busy_sleep.o)
 .bss           0x000000000004020c        0x0 ../Alarm_SoC_bsp//libhal_bsp.a(alt_dcache_flush_all.o)
 .bss           0x000000000004020c        0x0 ../Alarm_SoC_bsp//libhal_bsp.a(alt_dev.o)
 .bss           0x000000000004020c        0x0 ../Alarm_SoC_bsp//libhal_bsp.a(alt_dev_llist_insert.o)
 .bss           0x000000000004020c        0x0 ../Alarm_SoC_bsp//libhal_bsp.a(alt_errno.o)
 .bss           0x000000000004020c        0x0 ../Alarm_SoC_bsp//libhal_bsp.a(alt_exception_entry.o)
 .bss           0x000000000004020c        0x0 ../Alarm_SoC_bsp//libhal_bsp.a(alt_find_dev.o)
 .bss           0x000000000004020c        0x0 ../Alarm_SoC_bsp//libhal_bsp.a(alt_icache_flush_all.o)
 .bss           0x000000000004020c        0x0 ../Alarm_SoC_bsp//libhal_bsp.a(alt_instruction_exception_entry.o)
 .bss           0x000000000004020c        0x0 ../Alarm_SoC_bsp//libhal_bsp.a(altera_nios2_gen2_irq.o)
 .bss           0x000000000004020c        0x0 /home/chris/intelFPGA_lite/18.1/nios2eds/bin/gnu/H-x86_64-pc-linux-gnu/bin/../lib/gcc/nios2-elf/5.3.0/../../../../../H-x86_64-pc-linux-gnu/nios2-elf/lib/mno-hw-mul/libsmallc.a(lib_a-memcmp.o)
 *(COMMON)
 COMMON         0x000000000004020c       0x38 obj/default/hello_world_small.o
                0x000000000004020c                alarmTime
                0x0000000000040228                actualTime
 COMMON         0x0000000000040244      0x100 ../Alarm_SoC_bsp//libhal_bsp.a(alt_irq_handler.o)
                0x0000000000040244                alt_irq
                0x0000000000040344                . = ALIGN (0x4)
                0x0000000000040344                __bss_end = ABSOLUTE (.)

.ROM            0x000000000002191c        0x0
                [!provide]                        PROVIDE (_alt_partition_ROM_start, ABSOLUTE (.))
 *(.ROM .ROM. ROM.*)
                0x000000000002191c                . = ALIGN (0x4)
                [!provide]                        PROVIDE (_alt_partition_ROM_end, ABSOLUTE (.))
                [!provide]                        PROVIDE (_alt_partition_ROM_load_addr, LOADADDR (.ROM))

.RAM            0x0000000000040344        0x0 load address 0x000000000002191c
                [!provide]                        PROVIDE (_alt_partition_RAM_start, ABSOLUTE (.))
 *(.RAM .RAM. RAM.*)
                0x0000000000040344                . = ALIGN (0x4)
                [!provide]                        PROVIDE (_alt_partition_RAM_end, ABSOLUTE (.))
                0x0000000000040344                _end = ABSOLUTE (.)
                0x0000000000040344                end = ABSOLUTE (.)
                0x0000000000040344                __alt_stack_base = ABSOLUTE (.)
                [!provide]                        PROVIDE (_alt_partition_RAM_load_addr, LOADADDR (.RAM))

.stab
 *(.stab)

.stabstr
 *(.stabstr)

.stab.excl
 *(.stab.excl)

.stab.exclstr
 *(.stab.exclstr)

.stab.index
 *(.stab.index)

.stab.indexstr
 *(.stab.indexstr)

.comment        0x0000000000000000       0x23
 *(.comment)
 .comment       0x0000000000000000       0x23 obj/default/hello_world_small.o
                                         0x24 (size before relaxing)
 .comment       0x0000000000000023       0x24 /home/chris/intelFPGA_lite/18.1/nios2eds/bin/gnu/H-x86_64-pc-linux-gnu/bin/../lib/gcc/nios2-elf/5.3.0/../../../../../H-x86_64-pc-linux-gnu/nios2-elf/lib/mno-hw-mul/libsmallc.a(lib_a-printf.o)
 .comment       0x0000000000000023       0x24 /home/chris/intelFPGA_lite/18.1/nios2eds/bin/gnu/H-x86_64-pc-linux-gnu/bin/../lib/gcc/nios2-elf/5.3.0/../../../../../H-x86_64-pc-linux-gnu/nios2-elf/lib/mno-hw-mul/libsmallc.a(lib_a-vfprintf.o)
 .comment       0x0000000000000023       0x24 /home/chris/intelFPGA_lite/18.1/nios2eds/bin/gnu/H-x86_64-pc-linux-gnu/bin/../lib/gcc/nios2-elf/5.3.0/../../../../../H-x86_64-pc-linux-gnu/nios2-elf/lib/mno-hw-mul/libsmallc.a(lib_a-fvwrite_small_dev.o)
 .comment       0x0000000000000023       0x24 /home/chris/intelFPGA_lite/18.1/nios2eds/bin/gnu/H-x86_64-pc-linux-gnu/bin/../lib/gcc/nios2-elf/5.3.0/../../../../../H-x86_64-pc-linux-gnu/nios2-elf/lib/mno-hw-mul/libsmallc.a(lib_a-impure.o)
 .comment       0x0000000000000023       0x24 /home/chris/intelFPGA_lite/18.1/nios2eds/bin/gnu/H-x86_64-pc-linux-gnu/bin/../lib/gcc/nios2-elf/5.3.0/../../../../../H-x86_64-pc-linux-gnu/nios2-elf/lib/mno-hw-mul/libsmallc.a(lib_a-strlen.o)
 .comment       0x0000000000000023       0x24 /home/chris/intelFPGA_lite/18.1/nios2eds/bin/gnu/H-x86_64-pc-linux-gnu/bin/../lib/gcc/nios2-elf/5.3.0/../../../../../H-x86_64-pc-linux-gnu/nios2-elf/lib/mno-hw-mul/libsmallc.a(lib_a-writer.o)
 .comment       0x0000000000000023       0x24 /home/chris/intelFPGA_lite/18.1/nios2eds/bin/gnu/H-x86_64-pc-linux-gnu/bin/../lib/gcc/nios2-elf/5.3.0/../../../../../H-x86_64-pc-linux-gnu/nios2-elf/lib/mno-hw-mul/libsmallc.a(lib_a-int_errno.o)
 .comment       0x0000000000000023       0x24 /home/chris/intelFPGA_lite/18.1/nios2eds/bin/gnu/H-x86_64-pc-linux-gnu/bin/../lib/gcc/nios2-elf/5.3.0/mno-hw-mul/libgcc.a(lib2-divmod.o)
 .comment       0x0000000000000023       0x24 /home/chris/intelFPGA_lite/18.1/nios2eds/bin/gnu/H-x86_64-pc-linux-gnu/bin/../lib/gcc/nios2-elf/5.3.0/mno-hw-mul/libgcc.a(lib2-mul.o)
 .comment       0x0000000000000023       0x24 ../Alarm_SoC_bsp//libhal_bsp.a(alt_iic.o)
 .comment       0x0000000000000023       0x24 ../Alarm_SoC_bsp//libhal_bsp.a(alt_iic_isr_register.o)
 .comment       0x0000000000000023       0x24 ../Alarm_SoC_bsp//libhal_bsp.a(alt_irq_handler.o)
 .comment       0x0000000000000023       0x24 ../Alarm_SoC_bsp//libhal_bsp.a(alt_irq_vars.o)
 .comment       0x0000000000000023       0x24 ../Alarm_SoC_bsp//libhal_bsp.a(alt_load.o)
 .comment       0x0000000000000023       0x24 ../Alarm_SoC_bsp//libhal_bsp.a(alt_main.o)
 .comment       0x0000000000000023       0x24 ../Alarm_SoC_bsp//libhal_bsp.a(alt_usleep.o)
 .comment       0x0000000000000023       0x24 ../Alarm_SoC_bsp//libhal_bsp.a(alt_write.o)
 .comment       0x0000000000000023       0x24 ../Alarm_SoC_bsp//libhal_bsp.a(alt_sys_init.o)
 .comment       0x0000000000000023       0x24 ../Alarm_SoC_bsp//libhal_bsp.a(altera_avalon_jtag_uart_write.o)
 .comment       0x0000000000000023       0x24 ../Alarm_SoC_bsp//libhal_bsp.a(altera_up_avalon_rs232.o)
 .comment       0x0000000000000023       0x24 ../Alarm_SoC_bsp//libhal_bsp.a(alt_busy_sleep.o)
 .comment       0x0000000000000023       0x24 ../Alarm_SoC_bsp//libhal_bsp.a(alt_dcache_flush_all.o)
 .comment       0x0000000000000023       0x24 ../Alarm_SoC_bsp//libhal_bsp.a(alt_dev.o)
 .comment       0x0000000000000023       0x24 ../Alarm_SoC_bsp//libhal_bsp.a(alt_dev_llist_insert.o)
 .comment       0x0000000000000023       0x24 ../Alarm_SoC_bsp//libhal_bsp.a(alt_errno.o)
 .comment       0x0000000000000023       0x24 ../Alarm_SoC_bsp//libhal_bsp.a(alt_find_dev.o)
 .comment       0x0000000000000023       0x24 ../Alarm_SoC_bsp//libhal_bsp.a(alt_icache_flush_all.o)
 .comment       0x0000000000000023       0x24 ../Alarm_SoC_bsp//libhal_bsp.a(alt_instruction_exception_entry.o)
 .comment       0x0000000000000023       0x24 ../Alarm_SoC_bsp//libhal_bsp.a(altera_nios2_gen2_irq.o)
 .comment       0x0000000000000023       0x24 /home/chris/intelFPGA_lite/18.1/nios2eds/bin/gnu/H-x86_64-pc-linux-gnu/bin/../lib/gcc/nios2-elf/5.3.0/../../../../../H-x86_64-pc-linux-gnu/nios2-elf/lib/mno-hw-mul/libsmallc.a(lib_a-memcmp.o)

.debug
 *(.debug)

.line
 *(.line)

.debug_srcinfo
 *(.debug_srcinfo)

.debug_sfnames
 *(.debug_sfnames)

.debug_aranges  0x0000000000000000      0x478
 *(.debug_aranges)
 .debug_aranges
                0x0000000000000000       0x28 ../Alarm_SoC_bsp//obj/HAL/src/crt0.o
 .debug_aranges
                0x0000000000000028       0x28 obj/default/hello_world_small.o
 .debug_aranges
                0x0000000000000050       0x28 /home/chris/intelFPGA_lite/18.1/nios2eds/bin/gnu/H-x86_64-pc-linux-gnu/bin/../lib/gcc/nios2-elf/5.3.0/../../../../../H-x86_64-pc-linux-gnu/nios2-elf/lib/mno-hw-mul/libsmallc.a(lib_a-printf.o)
 .debug_aranges
                0x0000000000000078       0x30 /home/chris/intelFPGA_lite/18.1/nios2eds/bin/gnu/H-x86_64-pc-linux-gnu/bin/../lib/gcc/nios2-elf/5.3.0/../../../../../H-x86_64-pc-linux-gnu/nios2-elf/lib/mno-hw-mul/libsmallc.a(lib_a-vfprintf.o)
 .debug_aranges
                0x00000000000000a8       0x20 /home/chris/intelFPGA_lite/18.1/nios2eds/bin/gnu/H-x86_64-pc-linux-gnu/bin/../lib/gcc/nios2-elf/5.3.0/../../../../../H-x86_64-pc-linux-gnu/nios2-elf/lib/mno-hw-mul/libsmallc.a(lib_a-fvwrite_small_dev.o)
 .debug_aranges
                0x00000000000000c8       0x18 /home/chris/intelFPGA_lite/18.1/nios2eds/bin/gnu/H-x86_64-pc-linux-gnu/bin/../lib/gcc/nios2-elf/5.3.0/../../../../../H-x86_64-pc-linux-gnu/nios2-elf/lib/mno-hw-mul/libsmallc.a(lib_a-impure.o)
 .debug_aranges
                0x00000000000000e0       0x20 /home/chris/intelFPGA_lite/18.1/nios2eds/bin/gnu/H-x86_64-pc-linux-gnu/bin/../lib/gcc/nios2-elf/5.3.0/../../../../../H-x86_64-pc-linux-gnu/nios2-elf/lib/mno-hw-mul/libsmallc.a(lib_a-strlen.o)
 .debug_aranges
                0x0000000000000100       0x20 /home/chris/intelFPGA_lite/18.1/nios2eds/bin/gnu/H-x86_64-pc-linux-gnu/bin/../lib/gcc/nios2-elf/5.3.0/../../../../../H-x86_64-pc-linux-gnu/nios2-elf/lib/mno-hw-mul/libsmallc.a(lib_a-writer.o)
 .debug_aranges
                0x0000000000000120       0x18 /home/chris/intelFPGA_lite/18.1/nios2eds/bin/gnu/H-x86_64-pc-linux-gnu/bin/../lib/gcc/nios2-elf/5.3.0/../../../../../H-x86_64-pc-linux-gnu/nios2-elf/lib/mno-hw-mul/libsmallc.a(lib_a-int_errno.o)
 .debug_aranges
                0x0000000000000138       0x20 /home/chris/intelFPGA_lite/18.1/nios2eds/bin/gnu/H-x86_64-pc-linux-gnu/bin/../lib/gcc/nios2-elf/5.3.0/mno-hw-mul/libgcc.a(lib2-divmod.o)
 .debug_aranges
                0x0000000000000158       0x20 /home/chris/intelFPGA_lite/18.1/nios2eds/bin/gnu/H-x86_64-pc-linux-gnu/bin/../lib/gcc/nios2-elf/5.3.0/mno-hw-mul/libgcc.a(lib2-mul.o)
 .debug_aranges
                0x0000000000000178       0x20 ../Alarm_SoC_bsp//libhal_bsp.a(alt_iic.o)
 .debug_aranges
                0x0000000000000198       0x20 ../Alarm_SoC_bsp//libhal_bsp.a(alt_iic_isr_register.o)
 .debug_aranges
                0x00000000000001b8       0x30 ../Alarm_SoC_bsp//libhal_bsp.a(alt_irq_entry.o)
 .debug_aranges
                0x00000000000001e8       0x20 ../Alarm_SoC_bsp//libhal_bsp.a(alt_irq_handler.o)
 .debug_aranges
                0x0000000000000208       0x18 ../Alarm_SoC_bsp//libhal_bsp.a(alt_irq_vars.o)
 .debug_aranges
                0x0000000000000220       0x20 ../Alarm_SoC_bsp//libhal_bsp.a(alt_load.o)
 .debug_aranges
                0x0000000000000240       0x20 ../Alarm_SoC_bsp//libhal_bsp.a(alt_main.o)
 .debug_aranges
                0x0000000000000260       0x20 ../Alarm_SoC_bsp//libhal_bsp.a(alt_usleep.o)
 .debug_aranges
                0x0000000000000280       0x20 ../Alarm_SoC_bsp//libhal_bsp.a(alt_write.o)
 .debug_aranges
                0x00000000000002a0       0x20 ../Alarm_SoC_bsp//libhal_bsp.a(alt_sys_init.o)
 .debug_aranges
                0x00000000000002c0       0x20 ../Alarm_SoC_bsp//libhal_bsp.a(altera_avalon_jtag_uart_write.o)
 .debug_aranges
                0x00000000000002e0       0x20 ../Alarm_SoC_bsp//libhal_bsp.a(altera_up_avalon_rs232.o)
 .debug_aranges
                0x0000000000000300       0x20 ../Alarm_SoC_bsp//libhal_bsp.a(alt_busy_sleep.o)
 .debug_aranges
                0x0000000000000320       0x20 ../Alarm_SoC_bsp//libhal_bsp.a(alt_dcache_flush_all.o)
 .debug_aranges
                0x0000000000000340       0x20 ../Alarm_SoC_bsp//libhal_bsp.a(alt_dev.o)
 .debug_aranges
                0x0000000000000360       0x20 ../Alarm_SoC_bsp//libhal_bsp.a(alt_dev_llist_insert.o)
 .debug_aranges
                0x0000000000000380       0x18 ../Alarm_SoC_bsp//libhal_bsp.a(alt_errno.o)
 .debug_aranges
                0x0000000000000398       0x38 ../Alarm_SoC_bsp//libhal_bsp.a(alt_exception_entry.o)
 .debug_aranges
                0x00000000000003d0       0x20 ../Alarm_SoC_bsp//libhal_bsp.a(alt_find_dev.o)
 .debug_aranges
                0x00000000000003f0       0x20 ../Alarm_SoC_bsp//libhal_bsp.a(alt_icache_flush_all.o)
 .debug_aranges
                0x0000000000000410       0x28 ../Alarm_SoC_bsp//libhal_bsp.a(alt_instruction_exception_entry.o)
 .debug_aranges
                0x0000000000000438       0x20 ../Alarm_SoC_bsp//libhal_bsp.a(altera_nios2_gen2_irq.o)
 .debug_aranges
                0x0000000000000458       0x20 /home/chris/intelFPGA_lite/18.1/nios2eds/bin/gnu/H-x86_64-pc-linux-gnu/bin/../lib/gcc/nios2-elf/5.3.0/../../../../../H-x86_64-pc-linux-gnu/nios2-elf/lib/mno-hw-mul/libsmallc.a(lib_a-memcmp.o)

.debug_pubnames
 *(.debug_pubnames)

.debug_info     0x0000000000000000     0x58c8
 *(.debug_info .gnu.linkonce.wi.*)
 .debug_info    0x0000000000000000       0x97 ../Alarm_SoC_bsp//obj/HAL/src/crt0.o
 .debug_info    0x0000000000000097      0x555 obj/default/hello_world_small.o
 .debug_info    0x00000000000005ec      0x699 /home/chris/intelFPGA_lite/18.1/nios2eds/bin/gnu/H-x86_64-pc-linux-gnu/bin/../lib/gcc/nios2-elf/5.3.0/../../../../../H-x86_64-pc-linux-gnu/nios2-elf/lib/mno-hw-mul/libsmallc.a(lib_a-printf.o)
 .debug_info    0x0000000000000c85      0xb2b /home/chris/intelFPGA_lite/18.1/nios2eds/bin/gnu/H-x86_64-pc-linux-gnu/bin/../lib/gcc/nios2-elf/5.3.0/../../../../../H-x86_64-pc-linux-gnu/nios2-elf/lib/mno-hw-mul/libsmallc.a(lib_a-vfprintf.o)
 .debug_info    0x00000000000017b0      0x62b /home/chris/intelFPGA_lite/18.1/nios2eds/bin/gnu/H-x86_64-pc-linux-gnu/bin/../lib/gcc/nios2-elf/5.3.0/../../../../../H-x86_64-pc-linux-gnu/nios2-elf/lib/mno-hw-mul/libsmallc.a(lib_a-fvwrite_small_dev.o)
 .debug_info    0x0000000000001ddb      0x5a9 /home/chris/intelFPGA_lite/18.1/nios2eds/bin/gnu/H-x86_64-pc-linux-gnu/bin/../lib/gcc/nios2-elf/5.3.0/../../../../../H-x86_64-pc-linux-gnu/nios2-elf/lib/mno-hw-mul/libsmallc.a(lib_a-impure.o)
 .debug_info    0x0000000000002384       0xc9 /home/chris/intelFPGA_lite/18.1/nios2eds/bin/gnu/H-x86_64-pc-linux-gnu/bin/../lib/gcc/nios2-elf/5.3.0/../../../../../H-x86_64-pc-linux-gnu/nios2-elf/lib/mno-hw-mul/libsmallc.a(lib_a-strlen.o)
 .debug_info    0x000000000000244d      0x630 /home/chris/intelFPGA_lite/18.1/nios2eds/bin/gnu/H-x86_64-pc-linux-gnu/bin/../lib/gcc/nios2-elf/5.3.0/../../../../../H-x86_64-pc-linux-gnu/nios2-elf/lib/mno-hw-mul/libsmallc.a(lib_a-writer.o)
 .debug_info    0x0000000000002a7d       0x8a /home/chris/intelFPGA_lite/18.1/nios2eds/bin/gnu/H-x86_64-pc-linux-gnu/bin/../lib/gcc/nios2-elf/5.3.0/../../../../../H-x86_64-pc-linux-gnu/nios2-elf/lib/mno-hw-mul/libsmallc.a(lib_a-int_errno.o)
 .debug_info    0x0000000000002b07      0x2c6 /home/chris/intelFPGA_lite/18.1/nios2eds/bin/gnu/H-x86_64-pc-linux-gnu/bin/../lib/gcc/nios2-elf/5.3.0/mno-hw-mul/libgcc.a(lib2-divmod.o)
 .debug_info    0x0000000000002dcd       0xb4 /home/chris/intelFPGA_lite/18.1/nios2eds/bin/gnu/H-x86_64-pc-linux-gnu/bin/../lib/gcc/nios2-elf/5.3.0/mno-hw-mul/libgcc.a(lib2-mul.o)
 .debug_info    0x0000000000002e81      0x38a ../Alarm_SoC_bsp//libhal_bsp.a(alt_iic.o)
 .debug_info    0x000000000000320b      0x232 ../Alarm_SoC_bsp//libhal_bsp.a(alt_iic_isr_register.o)
 .debug_info    0x000000000000343d       0xa0 ../Alarm_SoC_bsp//libhal_bsp.a(alt_irq_entry.o)
 .debug_info    0x00000000000034dd      0x184 ../Alarm_SoC_bsp//libhal_bsp.a(alt_irq_handler.o)
 .debug_info    0x0000000000003661       0x88 ../Alarm_SoC_bsp//libhal_bsp.a(alt_irq_vars.o)
 .debug_info    0x00000000000036e9      0x1c9 ../Alarm_SoC_bsp//libhal_bsp.a(alt_load.o)
 .debug_info    0x00000000000038b2      0x169 ../Alarm_SoC_bsp//libhal_bsp.a(alt_main.o)
 .debug_info    0x0000000000003a1b       0xd1 ../Alarm_SoC_bsp//libhal_bsp.a(alt_usleep.o)
 .debug_info    0x0000000000003aec      0x1c7 ../Alarm_SoC_bsp//libhal_bsp.a(alt_write.o)
 .debug_info    0x0000000000003cb3      0x443 ../Alarm_SoC_bsp//libhal_bsp.a(alt_sys_init.o)
 .debug_info    0x00000000000040f6      0x197 ../Alarm_SoC_bsp//libhal_bsp.a(altera_avalon_jtag_uart_write.o)
 .debug_info    0x000000000000428d      0x5f7 ../Alarm_SoC_bsp//libhal_bsp.a(altera_up_avalon_rs232.o)
 .debug_info    0x0000000000004884       0xd8 ../Alarm_SoC_bsp//libhal_bsp.a(alt_busy_sleep.o)
 .debug_info    0x000000000000495c       0x92 ../Alarm_SoC_bsp//libhal_bsp.a(alt_dcache_flush_all.o)
 .debug_info    0x00000000000049ee      0x499 ../Alarm_SoC_bsp//libhal_bsp.a(alt_dev.o)
 .debug_info    0x0000000000004e87      0x1b3 ../Alarm_SoC_bsp//libhal_bsp.a(alt_dev_llist_insert.o)
 .debug_info    0x000000000000503a       0xa6 ../Alarm_SoC_bsp//libhal_bsp.a(alt_errno.o)
 .debug_info    0x00000000000050e0       0xa6 ../Alarm_SoC_bsp//libhal_bsp.a(alt_exception_entry.o)
 .debug_info    0x0000000000005186      0x32d ../Alarm_SoC_bsp//libhal_bsp.a(alt_find_dev.o)
 .debug_info    0x00000000000054b3       0x92 ../Alarm_SoC_bsp//libhal_bsp.a(alt_icache_flush_all.o)
 .debug_info    0x0000000000005545      0x1fd ../Alarm_SoC_bsp//libhal_bsp.a(alt_instruction_exception_entry.o)
 .debug_info    0x0000000000005742       0x92 ../Alarm_SoC_bsp//libhal_bsp.a(altera_nios2_gen2_irq.o)
 .debug_info    0x00000000000057d4       0xf4 /home/chris/intelFPGA_lite/18.1/nios2eds/bin/gnu/H-x86_64-pc-linux-gnu/bin/../lib/gcc/nios2-elf/5.3.0/../../../../../H-x86_64-pc-linux-gnu/nios2-elf/lib/mno-hw-mul/libsmallc.a(lib_a-memcmp.o)

.debug_abbrev   0x0000000000000000     0x1fde
 *(.debug_abbrev)
 .debug_abbrev  0x0000000000000000       0x12 ../Alarm_SoC_bsp//obj/HAL/src/crt0.o
 .debug_abbrev  0x0000000000000012      0x1b6 obj/default/hello_world_small.o
 .debug_abbrev  0x00000000000001c8      0x1ee /home/chris/intelFPGA_lite/18.1/nios2eds/bin/gnu/H-x86_64-pc-linux-gnu/bin/../lib/gcc/nios2-elf/5.3.0/../../../../../H-x86_64-pc-linux-gnu/nios2-elf/lib/mno-hw-mul/libsmallc.a(lib_a-printf.o)
 .debug_abbrev  0x00000000000003b6      0x2a1 /home/chris/intelFPGA_lite/18.1/nios2eds/bin/gnu/H-x86_64-pc-linux-gnu/bin/../lib/gcc/nios2-elf/5.3.0/../../../../../H-x86_64-pc-linux-gnu/nios2-elf/lib/mno-hw-mul/libsmallc.a(lib_a-vfprintf.o)
 .debug_abbrev  0x0000000000000657      0x1bc /home/chris/intelFPGA_lite/18.1/nios2eds/bin/gnu/H-x86_64-pc-linux-gnu/bin/../lib/gcc/nios2-elf/5.3.0/../../../../../H-x86_64-pc-linux-gnu/nios2-elf/lib/mno-hw-mul/libsmallc.a(lib_a-fvwrite_small_dev.o)
 .debug_abbrev  0x0000000000000813      0x14a /home/chris/intelFPGA_lite/18.1/nios2eds/bin/gnu/H-x86_64-pc-linux-gnu/bin/../lib/gcc/nios2-elf/5.3.0/../../../../../H-x86_64-pc-linux-gnu/nios2-elf/lib/mno-hw-mul/libsmallc.a(lib_a-impure.o)
 .debug_abbrev  0x000000000000095d       0x7f /home/chris/intelFPGA_lite/18.1/nios2eds/bin/gnu/H-x86_64-pc-linux-gnu/bin/../lib/gcc/nios2-elf/5.3.0/../../../../../H-x86_64-pc-linux-gnu/nios2-elf/lib/mno-hw-mul/libsmallc.a(lib_a-strlen.o)
 .debug_abbrev  0x00000000000009dc      0x1a6 /home/chris/intelFPGA_lite/18.1/nios2eds/bin/gnu/H-x86_64-pc-linux-gnu/bin/../lib/gcc/nios2-elf/5.3.0/../../../../../H-x86_64-pc-linux-gnu/nios2-elf/lib/mno-hw-mul/libsmallc.a(lib_a-writer.o)
 .debug_abbrev  0x0000000000000b82       0x37 /home/chris/intelFPGA_lite/18.1/nios2eds/bin/gnu/H-x86_64-pc-linux-gnu/bin/../lib/gcc/nios2-elf/5.3.0/../../../../../H-x86_64-pc-linux-gnu/nios2-elf/lib/mno-hw-mul/libsmallc.a(lib_a-int_errno.o)
 .debug_abbrev  0x0000000000000bb9      0x10e /home/chris/intelFPGA_lite/18.1/nios2eds/bin/gnu/H-x86_64-pc-linux-gnu/bin/../lib/gcc/nios2-elf/5.3.0/mno-hw-mul/libgcc.a(lib2-divmod.o)
 .debug_abbrev  0x0000000000000cc7       0x6f /home/chris/intelFPGA_lite/18.1/nios2eds/bin/gnu/H-x86_64-pc-linux-gnu/bin/../lib/gcc/nios2-elf/5.3.0/mno-hw-mul/libgcc.a(lib2-mul.o)
 .debug_abbrev  0x0000000000000d36      0x1a0 ../Alarm_SoC_bsp//libhal_bsp.a(alt_iic.o)
 .debug_abbrev  0x0000000000000ed6      0x19c ../Alarm_SoC_bsp//libhal_bsp.a(alt_iic_isr_register.o)
 .debug_abbrev  0x0000000000001072       0x12 ../Alarm_SoC_bsp//libhal_bsp.a(alt_irq_entry.o)
 .debug_abbrev  0x0000000000001084      0x120 ../Alarm_SoC_bsp//libhal_bsp.a(alt_irq_handler.o)
 .debug_abbrev  0x00000000000011a4       0x40 ../Alarm_SoC_bsp//libhal_bsp.a(alt_irq_vars.o)
 .debug_abbrev  0x00000000000011e4       0xd8 ../Alarm_SoC_bsp//libhal_bsp.a(alt_load.o)
 .debug_abbrev  0x00000000000012bc       0xee ../Alarm_SoC_bsp//libhal_bsp.a(alt_main.o)
 .debug_abbrev  0x00000000000013aa       0x8d ../Alarm_SoC_bsp//libhal_bsp.a(alt_usleep.o)
 .debug_abbrev  0x0000000000001437      0x12e ../Alarm_SoC_bsp//libhal_bsp.a(alt_write.o)
 .debug_abbrev  0x0000000000001565      0x1a5 ../Alarm_SoC_bsp//libhal_bsp.a(alt_sys_init.o)
 .debug_abbrev  0x000000000000170a       0xd5 ../Alarm_SoC_bsp//libhal_bsp.a(altera_avalon_jtag_uart_write.o)
 .debug_abbrev  0x00000000000017df      0x1c0 ../Alarm_SoC_bsp//libhal_bsp.a(altera_up_avalon_rs232.o)
 .debug_abbrev  0x000000000000199f       0x8d ../Alarm_SoC_bsp//libhal_bsp.a(alt_busy_sleep.o)
 .debug_abbrev  0x0000000000001a2c       0x42 ../Alarm_SoC_bsp//libhal_bsp.a(alt_dcache_flush_all.o)
 .debug_abbrev  0x0000000000001a6e       0xd9 ../Alarm_SoC_bsp//libhal_bsp.a(alt_dev.o)
 .debug_abbrev  0x0000000000001b47      0x11c ../Alarm_SoC_bsp//libhal_bsp.a(alt_dev_llist_insert.o)
 .debug_abbrev  0x0000000000001c63       0x5a ../Alarm_SoC_bsp//libhal_bsp.a(alt_errno.o)
 .debug_abbrev  0x0000000000001cbd       0x12 ../Alarm_SoC_bsp//libhal_bsp.a(alt_exception_entry.o)
 .debug_abbrev  0x0000000000001ccf      0x125 ../Alarm_SoC_bsp//libhal_bsp.a(alt_find_dev.o)
 .debug_abbrev  0x0000000000001df4       0x42 ../Alarm_SoC_bsp//libhal_bsp.a(alt_icache_flush_all.o)
 .debug_abbrev  0x0000000000001e36       0xe7 ../Alarm_SoC_bsp//libhal_bsp.a(alt_instruction_exception_entry.o)
 .debug_abbrev  0x0000000000001f1d       0x42 ../Alarm_SoC_bsp//libhal_bsp.a(altera_nios2_gen2_irq.o)
 .debug_abbrev  0x0000000000001f5f       0x7f /home/chris/intelFPGA_lite/18.1/nios2eds/bin/gnu/H-x86_64-pc-linux-gnu/bin/../lib/gcc/nios2-elf/5.3.0/../../../../../H-x86_64-pc-linux-gnu/nios2-elf/lib/mno-hw-mul/libsmallc.a(lib_a-memcmp.o)

.debug_line     0x0000000000000000     0x22b5
 *(.debug_line)
 .debug_line    0x0000000000000000       0x66 ../Alarm_SoC_bsp//obj/HAL/src/crt0.o
 .debug_line    0x0000000000000066      0x28f obj/default/hello_world_small.o
 .debug_line    0x00000000000002f5      0x203 /home/chris/intelFPGA_lite/18.1/nios2eds/bin/gnu/H-x86_64-pc-linux-gnu/bin/../lib/gcc/nios2-elf/5.3.0/../../../../../H-x86_64-pc-linux-gnu/nios2-elf/lib/mno-hw-mul/libsmallc.a(lib_a-printf.o)
 .debug_line    0x00000000000004f8      0x351 /home/chris/intelFPGA_lite/18.1/nios2eds/bin/gnu/H-x86_64-pc-linux-gnu/bin/../lib/gcc/nios2-elf/5.3.0/../../../../../H-x86_64-pc-linux-gnu/nios2-elf/lib/mno-hw-mul/libsmallc.a(lib_a-vfprintf.o)
 .debug_line    0x0000000000000849      0x1f0 /home/chris/intelFPGA_lite/18.1/nios2eds/bin/gnu/H-x86_64-pc-linux-gnu/bin/../lib/gcc/nios2-elf/5.3.0/../../../../../H-x86_64-pc-linux-gnu/nios2-elf/lib/mno-hw-mul/libsmallc.a(lib_a-fvwrite_small_dev.o)
 .debug_line    0x0000000000000a39      0x156 /home/chris/intelFPGA_lite/18.1/nios2eds/bin/gnu/H-x86_64-pc-linux-gnu/bin/../lib/gcc/nios2-elf/5.3.0/../../../../../H-x86_64-pc-linux-gnu/nios2-elf/lib/mno-hw-mul/libsmallc.a(lib_a-impure.o)
 .debug_line    0x0000000000000b8f      0x15c /home/chris/intelFPGA_lite/18.1/nios2eds/bin/gnu/H-x86_64-pc-linux-gnu/bin/../lib/gcc/nios2-elf/5.3.0/../../../../../H-x86_64-pc-linux-gnu/nios2-elf/lib/mno-hw-mul/libsmallc.a(lib_a-strlen.o)
 .debug_line    0x0000000000000ceb      0x1ed /home/chris/intelFPGA_lite/18.1/nios2eds/bin/gnu/H-x86_64-pc-linux-gnu/bin/../lib/gcc/nios2-elf/5.3.0/../../../../../H-x86_64-pc-linux-gnu/nios2-elf/lib/mno-hw-mul/libsmallc.a(lib_a-writer.o)
 .debug_line    0x0000000000000ed8       0x5f /home/chris/intelFPGA_lite/18.1/nios2eds/bin/gnu/H-x86_64-pc-linux-gnu/bin/../lib/gcc/nios2-elf/5.3.0/../../../../../H-x86_64-pc-linux-gnu/nios2-elf/lib/mno-hw-mul/libsmallc.a(lib_a-int_errno.o)
 .debug_line    0x0000000000000f37      0x105 /home/chris/intelFPGA_lite/18.1/nios2eds/bin/gnu/H-x86_64-pc-linux-gnu/bin/../lib/gcc/nios2-elf/5.3.0/mno-hw-mul/libgcc.a(lib2-divmod.o)
 .debug_line    0x000000000000103c       0x80 /home/chris/intelFPGA_lite/18.1/nios2eds/bin/gnu/H-x86_64-pc-linux-gnu/bin/../lib/gcc/nios2-elf/5.3.0/mno-hw-mul/libgcc.a(lib2-mul.o)
 .debug_line    0x00000000000010bc       0xf1 ../Alarm_SoC_bsp//libhal_bsp.a(alt_iic.o)
 .debug_line    0x00000000000011ad       0xd6 ../Alarm_SoC_bsp//libhal_bsp.a(alt_iic_isr_register.o)
 .debug_line    0x0000000000001283       0x6b ../Alarm_SoC_bsp//libhal_bsp.a(alt_irq_entry.o)
 .debug_line    0x00000000000012ee       0xa5 ../Alarm_SoC_bsp//libhal_bsp.a(alt_irq_handler.o)
 .debug_line    0x0000000000001393       0x50 ../Alarm_SoC_bsp//libhal_bsp.a(alt_irq_vars.o)
 .debug_line    0x00000000000013e3       0xa4 ../Alarm_SoC_bsp//libhal_bsp.a(alt_load.o)
 .debug_line    0x0000000000001487       0xbd ../Alarm_SoC_bsp//libhal_bsp.a(alt_main.o)
 .debug_line    0x0000000000001544       0xdd ../Alarm_SoC_bsp//libhal_bsp.a(alt_usleep.o)
 .debug_line    0x0000000000001621      0x186 ../Alarm_SoC_bsp//libhal_bsp.a(alt_write.o)
 .debug_line    0x00000000000017a7      0x156 ../Alarm_SoC_bsp//libhal_bsp.a(alt_sys_init.o)
 .debug_line    0x00000000000018fd       0xf0 ../Alarm_SoC_bsp//libhal_bsp.a(altera_avalon_jtag_uart_write.o)
 .debug_line    0x00000000000019ed      0x113 ../Alarm_SoC_bsp//libhal_bsp.a(altera_up_avalon_rs232.o)
 .debug_line    0x0000000000001b00       0xb5 ../Alarm_SoC_bsp//libhal_bsp.a(alt_busy_sleep.o)
 .debug_line    0x0000000000001bb5       0x4e ../Alarm_SoC_bsp//libhal_bsp.a(alt_dcache_flush_all.o)
 .debug_line    0x0000000000001c03      0x104 ../Alarm_SoC_bsp//libhal_bsp.a(alt_dev.o)
 .debug_line    0x0000000000001d07       0xd8 ../Alarm_SoC_bsp//libhal_bsp.a(alt_dev_llist_insert.o)
 .debug_line    0x0000000000001ddf       0x51 ../Alarm_SoC_bsp//libhal_bsp.a(alt_errno.o)
 .debug_line    0x0000000000001e30       0xb3 ../Alarm_SoC_bsp//libhal_bsp.a(alt_exception_entry.o)
 .debug_line    0x0000000000001ee3      0x115 ../Alarm_SoC_bsp//libhal_bsp.a(alt_find_dev.o)
 .debug_line    0x0000000000001ff8       0x4e ../Alarm_SoC_bsp//libhal_bsp.a(alt_icache_flush_all.o)
 .debug_line    0x0000000000002046       0xbf ../Alarm_SoC_bsp//libhal_bsp.a(alt_instruction_exception_entry.o)
 .debug_line    0x0000000000002105       0x50 ../Alarm_SoC_bsp//libhal_bsp.a(altera_nios2_gen2_irq.o)
 .debug_line    0x0000000000002155      0x160 /home/chris/intelFPGA_lite/18.1/nios2eds/bin/gnu/H-x86_64-pc-linux-gnu/bin/../lib/gcc/nios2-elf/5.3.0/../../../../../H-x86_64-pc-linux-gnu/nios2-elf/lib/mno-hw-mul/libsmallc.a(lib_a-memcmp.o)

.debug_frame    0x0000000000000000      0x6b8
 *(.debug_frame)
 .debug_frame   0x0000000000000000       0xc0 obj/default/hello_world_small.o
 .debug_frame   0x00000000000000c0       0x48 /home/chris/intelFPGA_lite/18.1/nios2eds/bin/gnu/H-x86_64-pc-linux-gnu/bin/../lib/gcc/nios2-elf/5.3.0/../../../../../H-x86_64-pc-linux-gnu/nios2-elf/lib/mno-hw-mul/libsmallc.a(lib_a-printf.o)
 .debug_frame   0x0000000000000108       0x8c /home/chris/intelFPGA_lite/18.1/nios2eds/bin/gnu/H-x86_64-pc-linux-gnu/bin/../lib/gcc/nios2-elf/5.3.0/../../../../../H-x86_64-pc-linux-gnu/nios2-elf/lib/mno-hw-mul/libsmallc.a(lib_a-vfprintf.o)
 .debug_frame   0x0000000000000194       0x58 /home/chris/intelFPGA_lite/18.1/nios2eds/bin/gnu/H-x86_64-pc-linux-gnu/bin/../lib/gcc/nios2-elf/5.3.0/../../../../../H-x86_64-pc-linux-gnu/nios2-elf/lib/mno-hw-mul/libsmallc.a(lib_a-fvwrite_small_dev.o)
 .debug_frame   0x00000000000001ec       0x20 /home/chris/intelFPGA_lite/18.1/nios2eds/bin/gnu/H-x86_64-pc-linux-gnu/bin/../lib/gcc/nios2-elf/5.3.0/../../../../../H-x86_64-pc-linux-gnu/nios2-elf/lib/mno-hw-mul/libsmallc.a(lib_a-strlen.o)
 .debug_frame   0x000000000000020c       0x38 /home/chris/intelFPGA_lite/18.1/nios2eds/bin/gnu/H-x86_64-pc-linux-gnu/bin/../lib/gcc/nios2-elf/5.3.0/../../../../../H-x86_64-pc-linux-gnu/nios2-elf/lib/mno-hw-mul/libsmallc.a(lib_a-writer.o)
 .debug_frame   0x0000000000000244       0x50 /home/chris/intelFPGA_lite/18.1/nios2eds/bin/gnu/H-x86_64-pc-linux-gnu/bin/../lib/gcc/nios2-elf/5.3.0/mno-hw-mul/libgcc.a(lib2-divmod.o)
 .debug_frame   0x0000000000000294       0x20 /home/chris/intelFPGA_lite/18.1/nios2eds/bin/gnu/H-x86_64-pc-linux-gnu/bin/../lib/gcc/nios2-elf/5.3.0/mno-hw-mul/libgcc.a(lib2-mul.o)
 .debug_frame   0x00000000000002b4       0x50 ../Alarm_SoC_bsp//libhal_bsp.a(alt_iic.o)
 .debug_frame   0x0000000000000304       0x30 ../Alarm_SoC_bsp//libhal_bsp.a(alt_iic_isr_register.o)
 .debug_frame   0x0000000000000334       0x34 ../Alarm_SoC_bsp//libhal_bsp.a(alt_irq_handler.o)
 .debug_frame   0x0000000000000368       0x30 ../Alarm_SoC_bsp//libhal_bsp.a(alt_load.o)
 .debug_frame   0x0000000000000398       0x2c ../Alarm_SoC_bsp//libhal_bsp.a(alt_main.o)
 .debug_frame   0x00000000000003c4       0x20 ../Alarm_SoC_bsp//libhal_bsp.a(alt_usleep.o)
 .debug_frame   0x00000000000003e4       0x2c ../Alarm_SoC_bsp//libhal_bsp.a(alt_write.o)
 .debug_frame   0x0000000000000410       0x3c ../Alarm_SoC_bsp//libhal_bsp.a(alt_sys_init.o)
 .debug_frame   0x000000000000044c       0x20 ../Alarm_SoC_bsp//libhal_bsp.a(altera_avalon_jtag_uart_write.o)
 .debug_frame   0x000000000000046c       0xe4 ../Alarm_SoC_bsp//libhal_bsp.a(altera_up_avalon_rs232.o)
 .debug_frame   0x0000000000000550       0x30 ../Alarm_SoC_bsp//libhal_bsp.a(alt_busy_sleep.o)
 .debug_frame   0x0000000000000580       0x20 ../Alarm_SoC_bsp//libhal_bsp.a(alt_dcache_flush_all.o)
 .debug_frame   0x00000000000005a0       0x20 ../Alarm_SoC_bsp//libhal_bsp.a(alt_dev.o)
 .debug_frame   0x00000000000005c0       0x2c ../Alarm_SoC_bsp//libhal_bsp.a(alt_dev_llist_insert.o)
 .debug_frame   0x00000000000005ec       0x3c ../Alarm_SoC_bsp//libhal_bsp.a(alt_find_dev.o)
 .debug_frame   0x0000000000000628       0x20 ../Alarm_SoC_bsp//libhal_bsp.a(alt_icache_flush_all.o)
 .debug_frame   0x0000000000000648       0x30 ../Alarm_SoC_bsp//libhal_bsp.a(alt_instruction_exception_entry.o)
 .debug_frame   0x0000000000000678       0x20 ../Alarm_SoC_bsp//libhal_bsp.a(altera_nios2_gen2_irq.o)
 .debug_frame   0x0000000000000698       0x20 /home/chris/intelFPGA_lite/18.1/nios2eds/bin/gnu/H-x86_64-pc-linux-gnu/bin/../lib/gcc/nios2-elf/5.3.0/../../../../../H-x86_64-pc-linux-gnu/nios2-elf/lib/mno-hw-mul/libsmallc.a(lib_a-memcmp.o)

.debug_str      0x0000000000000000     0x1b9d
 *(.debug_str)
 .debug_str     0x0000000000000000      0x2f5 obj/default/hello_world_small.o
                                        0x346 (size before relaxing)
 .debug_str     0x00000000000002f5      0x423 /home/chris/intelFPGA_lite/18.1/nios2eds/bin/gnu/H-x86_64-pc-linux-gnu/bin/../lib/gcc/nios2-elf/5.3.0/../../../../../H-x86_64-pc-linux-gnu/nios2-elf/lib/mno-hw-mul/libsmallc.a(lib_a-printf.o)
                                        0x505 (size before relaxing)
 .debug_str     0x0000000000000718      0x1ff /home/chris/intelFPGA_lite/18.1/nios2eds/bin/gnu/H-x86_64-pc-linux-gnu/bin/../lib/gcc/nios2-elf/5.3.0/../../../../../H-x86_64-pc-linux-gnu/nios2-elf/lib/mno-hw-mul/libsmallc.a(lib_a-vfprintf.o)
                                        0x680 (size before relaxing)
 .debug_str     0x0000000000000917       0x78 /home/chris/intelFPGA_lite/18.1/nios2eds/bin/gnu/H-x86_64-pc-linux-gnu/bin/../lib/gcc/nios2-elf/5.3.0/../../../../../H-x86_64-pc-linux-gnu/nios2-elf/lib/mno-hw-mul/libsmallc.a(lib_a-fvwrite_small_dev.o)
                                        0x4d5 (size before relaxing)
 .debug_str     0x000000000000098f       0xf0 /home/chris/intelFPGA_lite/18.1/nios2eds/bin/gnu/H-x86_64-pc-linux-gnu/bin/../lib/gcc/nios2-elf/5.3.0/../../../../../H-x86_64-pc-linux-gnu/nios2-elf/lib/mno-hw-mul/libsmallc.a(lib_a-impure.o)
                                        0x4bf (size before relaxing)
 .debug_str     0x0000000000000a7f       0xd3 /home/chris/intelFPGA_lite/18.1/nios2eds/bin/gnu/H-x86_64-pc-linux-gnu/bin/../lib/gcc/nios2-elf/5.3.0/../../../../../H-x86_64-pc-linux-gnu/nios2-elf/lib/mno-hw-mul/libsmallc.a(lib_a-strlen.o)
                                        0x1e6 (size before relaxing)
 .debug_str     0x0000000000000b52       0x45 /home/chris/intelFPGA_lite/18.1/nios2eds/bin/gnu/H-x86_64-pc-linux-gnu/bin/../lib/gcc/nios2-elf/5.3.0/../../../../../H-x86_64-pc-linux-gnu/nios2-elf/lib/mno-hw-mul/libsmallc.a(lib_a-writer.o)
                                        0x4b9 (size before relaxing)
 .debug_str     0x0000000000000b97       0x3f /home/chris/intelFPGA_lite/18.1/nios2eds/bin/gnu/H-x86_64-pc-linux-gnu/bin/../lib/gcc/nios2-elf/5.3.0/../../../../../H-x86_64-pc-linux-gnu/nios2-elf/lib/mno-hw-mul/libsmallc.a(lib_a-int_errno.o)
                                        0x1d9 (size before relaxing)
 .debug_str     0x0000000000000bd6      0x188 /home/chris/intelFPGA_lite/18.1/nios2eds/bin/gnu/H-x86_64-pc-linux-gnu/bin/../lib/gcc/nios2-elf/5.3.0/mno-hw-mul/libgcc.a(lib2-divmod.o)
                                        0x1d3 (size before relaxing)
 .debug_str     0x0000000000000d5e       0x40 /home/chris/intelFPGA_lite/18.1/nios2eds/bin/gnu/H-x86_64-pc-linux-gnu/bin/../lib/gcc/nios2-elf/5.3.0/mno-hw-mul/libgcc.a(lib2-mul.o)
                                        0x194 (size before relaxing)
 .debug_str     0x0000000000000d9e      0x13e ../Alarm_SoC_bsp//libhal_bsp.a(alt_iic.o)
                                        0x27c (size before relaxing)
 .debug_str     0x0000000000000edc       0x37 ../Alarm_SoC_bsp//libhal_bsp.a(alt_iic_isr_register.o)
                                        0x236 (size before relaxing)
 .debug_str     0x0000000000000f13       0x3a ../Alarm_SoC_bsp//libhal_bsp.a(alt_irq_handler.o)
                                        0x1c0 (size before relaxing)
 .debug_str     0x0000000000000f4d       0x17 ../Alarm_SoC_bsp//libhal_bsp.a(alt_irq_vars.o)
                                        0x163 (size before relaxing)
 .debug_str     0x0000000000000f64      0x113 ../Alarm_SoC_bsp//libhal_bsp.a(alt_load.o)
                                        0x265 (size before relaxing)
 .debug_str     0x0000000000001077       0x8a ../Alarm_SoC_bsp//libhal_bsp.a(alt_main.o)
                                        0x1de (size before relaxing)
 .debug_str     0x0000000000001101       0x2f ../Alarm_SoC_bsp//libhal_bsp.a(alt_usleep.o)
                                        0x180 (size before relaxing)
 .debug_str     0x0000000000001130       0x6f ../Alarm_SoC_bsp//libhal_bsp.a(alt_write.o)
                                        0x202 (size before relaxing)
 .debug_str     0x000000000000119f      0x15c ../Alarm_SoC_bsp//libhal_bsp.a(alt_sys_init.o)
                                        0x334 (size before relaxing)
 .debug_str     0x00000000000012fb       0x2c ../Alarm_SoC_bsp//libhal_bsp.a(altera_avalon_jtag_uart_write.o)
                                        0x23e (size before relaxing)
 .debug_str     0x0000000000001327      0x18f ../Alarm_SoC_bsp//libhal_bsp.a(altera_up_avalon_rs232.o)
                                        0x3a2 (size before relaxing)
 .debug_str     0x00000000000014b6       0x33 ../Alarm_SoC_bsp//libhal_bsp.a(alt_busy_sleep.o)
                                        0x194 (size before relaxing)
 .debug_str     0x00000000000014e9       0x1f ../Alarm_SoC_bsp//libhal_bsp.a(alt_dcache_flush_all.o)
                                        0x17e (size before relaxing)
 .debug_str     0x0000000000001508      0x12c ../Alarm_SoC_bsp//libhal_bsp.a(alt_dev.o)
                                        0x32e (size before relaxing)
 .debug_str     0x0000000000001634       0x30 ../Alarm_SoC_bsp//libhal_bsp.a(alt_dev_llist_insert.o)
                                        0x1f5 (size before relaxing)
 .debug_str     0x0000000000001664       0x14 ../Alarm_SoC_bsp//libhal_bsp.a(alt_errno.o)
                                        0x16e (size before relaxing)
 .debug_str     0x0000000000001678       0x1e ../Alarm_SoC_bsp//libhal_bsp.a(alt_find_dev.o)
                                        0x223 (size before relaxing)
 .debug_str     0x0000000000001696       0x1f ../Alarm_SoC_bsp//libhal_bsp.a(alt_icache_flush_all.o)
                                        0x17e (size before relaxing)
 .debug_str     0x00000000000016b5      0x48b ../Alarm_SoC_bsp//libhal_bsp.a(alt_instruction_exception_entry.o)
                                        0x5c9 (size before relaxing)
 .debug_str     0x0000000000001b40       0x20 ../Alarm_SoC_bsp//libhal_bsp.a(altera_nios2_gen2_irq.o)
                                        0x185 (size before relaxing)
 .debug_str     0x0000000000001b60       0x3d /home/chris/intelFPGA_lite/18.1/nios2eds/bin/gnu/H-x86_64-pc-linux-gnu/bin/../lib/gcc/nios2-elf/5.3.0/../../../../../H-x86_64-pc-linux-gnu/nios2-elf/lib/mno-hw-mul/libsmallc.a(lib_a-memcmp.o)
                                        0x1e0 (size before relaxing)

.debug_loc      0x0000000000000000     0x1c2a
 *(.debug_loc)
 .debug_loc     0x0000000000000000       0x9c obj/default/hello_world_small.o
 .debug_loc     0x000000000000009c       0xc6 /home/chris/intelFPGA_lite/18.1/nios2eds/bin/gnu/H-x86_64-pc-linux-gnu/bin/../lib/gcc/nios2-elf/5.3.0/../../../../../H-x86_64-pc-linux-gnu/nios2-elf/lib/mno-hw-mul/libsmallc.a(lib_a-printf.o)
 .debug_loc     0x0000000000000162      0x954 /home/chris/intelFPGA_lite/18.1/nios2eds/bin/gnu/H-x86_64-pc-linux-gnu/bin/../lib/gcc/nios2-elf/5.3.0/../../../../../H-x86_64-pc-linux-gnu/nios2-elf/lib/mno-hw-mul/libsmallc.a(lib_a-vfprintf.o)
 .debug_loc     0x0000000000000ab6      0x110 /home/chris/intelFPGA_lite/18.1/nios2eds/bin/gnu/H-x86_64-pc-linux-gnu/bin/../lib/gcc/nios2-elf/5.3.0/../../../../../H-x86_64-pc-linux-gnu/nios2-elf/lib/mno-hw-mul/libsmallc.a(lib_a-fvwrite_small_dev.o)
 .debug_loc     0x0000000000000bc6       0x1e /home/chris/intelFPGA_lite/18.1/nios2eds/bin/gnu/H-x86_64-pc-linux-gnu/bin/../lib/gcc/nios2-elf/5.3.0/../../../../../H-x86_64-pc-linux-gnu/nios2-elf/lib/mno-hw-mul/libsmallc.a(lib_a-strlen.o)
 .debug_loc     0x0000000000000be4       0xa5 /home/chris/intelFPGA_lite/18.1/nios2eds/bin/gnu/H-x86_64-pc-linux-gnu/bin/../lib/gcc/nios2-elf/5.3.0/../../../../../H-x86_64-pc-linux-gnu/nios2-elf/lib/mno-hw-mul/libsmallc.a(lib_a-writer.o)
 .debug_loc     0x0000000000000c89      0x4ce /home/chris/intelFPGA_lite/18.1/nios2eds/bin/gnu/H-x86_64-pc-linux-gnu/bin/../lib/gcc/nios2-elf/5.3.0/mno-hw-mul/libgcc.a(lib2-divmod.o)
 .debug_loc     0x0000000000001157       0x93 /home/chris/intelFPGA_lite/18.1/nios2eds/bin/gnu/H-x86_64-pc-linux-gnu/bin/../lib/gcc/nios2-elf/5.3.0/mno-hw-mul/libgcc.a(lib2-mul.o)
 .debug_loc     0x00000000000011ea      0x170 ../Alarm_SoC_bsp//libhal_bsp.a(alt_iic.o)
 .debug_loc     0x000000000000135a      0x193 ../Alarm_SoC_bsp//libhal_bsp.a(alt_iic_isr_register.o)
 .debug_loc     0x00000000000014ed       0x72 ../Alarm_SoC_bsp//libhal_bsp.a(alt_irq_handler.o)
 .debug_loc     0x000000000000155f       0x21 ../Alarm_SoC_bsp//libhal_bsp.a(alt_usleep.o)
 .debug_loc     0x0000000000001580       0xcf ../Alarm_SoC_bsp//libhal_bsp.a(alt_write.o)
 .debug_loc     0x000000000000164f       0x21 ../Alarm_SoC_bsp//libhal_bsp.a(alt_sys_init.o)
 .debug_loc     0x0000000000001670       0x8b ../Alarm_SoC_bsp//libhal_bsp.a(altera_avalon_jtag_uart_write.o)
 .debug_loc     0x00000000000016fb      0x2d3 ../Alarm_SoC_bsp//libhal_bsp.a(altera_up_avalon_rs232.o)
 .debug_loc     0x00000000000019ce       0x67 ../Alarm_SoC_bsp//libhal_bsp.a(alt_busy_sleep.o)
 .debug_loc     0x0000000000001a35       0x7e ../Alarm_SoC_bsp//libhal_bsp.a(alt_dev_llist_insert.o)
 .debug_loc     0x0000000000001ab3       0x7e ../Alarm_SoC_bsp//libhal_bsp.a(alt_find_dev.o)
 .debug_loc     0x0000000000001b31       0x65 ../Alarm_SoC_bsp//libhal_bsp.a(alt_instruction_exception_entry.o)
 .debug_loc     0x0000000000001b96       0x94 /home/chris/intelFPGA_lite/18.1/nios2eds/bin/gnu/H-x86_64-pc-linux-gnu/bin/../lib/gcc/nios2-elf/5.3.0/../../../../../H-x86_64-pc-linux-gnu/nios2-elf/lib/mno-hw-mul/libsmallc.a(lib_a-memcmp.o)

.debug_macinfo
 *(.debug_macinfo)

.debug_weaknames
 *(.debug_weaknames)

.debug_funcnames
 *(.debug_funcnames)

.debug_typenames
 *(.debug_typenames)

.debug_varnames
 *(.debug_varnames)

.debug_alt_sim_info
                0x0000000000000000       0x40
 *(.debug_alt_sim_info)
 .debug_alt_sim_info
                0x0000000000000000       0x10 ../Alarm_SoC_bsp//obj/HAL/src/crt0.o
 .debug_alt_sim_info
                0x0000000000000010       0x30 ../Alarm_SoC_bsp//libhal_bsp.a(alt_busy_sleep.o)
                0x0000000000048000                __alt_data_end = 0x48000
                0x0000000000048000                PROVIDE (__alt_stack_pointer, __alt_data_end)
                [!provide]                        PROVIDE (__alt_stack_limit, __alt_stack_base)
                [!provide]                        PROVIDE (__alt_heap_start, end)
                [!provide]                        PROVIDE (__alt_heap_limit, 0x48000)
OUTPUT(Alarm_SoC.elf elf32-littlenios2)

.debug_ranges   0x0000000000000000      0x308
 .debug_ranges  0x0000000000000000       0x20 ../Alarm_SoC_bsp//obj/HAL/src/crt0.o
 .debug_ranges  0x0000000000000020       0x30 obj/default/hello_world_small.o
 .debug_ranges  0x0000000000000050       0x18 /home/chris/intelFPGA_lite/18.1/nios2eds/bin/gnu/H-x86_64-pc-linux-gnu/bin/../lib/gcc/nios2-elf/5.3.0/../../../../../H-x86_64-pc-linux-gnu/nios2-elf/lib/mno-hw-mul/libsmallc.a(lib_a-printf.o)
 .debug_ranges  0x0000000000000068       0xc8 /home/chris/intelFPGA_lite/18.1/nios2eds/bin/gnu/H-x86_64-pc-linux-gnu/bin/../lib/gcc/nios2-elf/5.3.0/../../../../../H-x86_64-pc-linux-gnu/nios2-elf/lib/mno-hw-mul/libsmallc.a(lib_a-vfprintf.o)
 .debug_ranges  0x0000000000000130       0x28 /home/chris/intelFPGA_lite/18.1/nios2eds/bin/gnu/H-x86_64-pc-linux-gnu/bin/../lib/gcc/nios2-elf/5.3.0/../../../../../H-x86_64-pc-linux-gnu/nios2-elf/lib/mno-hw-mul/libsmallc.a(lib_a-fvwrite_small_dev.o)
 .debug_ranges  0x0000000000000158       0x10 /home/chris/intelFPGA_lite/18.1/nios2eds/bin/gnu/H-x86_64-pc-linux-gnu/bin/../lib/gcc/nios2-elf/5.3.0/../../../../../H-x86_64-pc-linux-gnu/nios2-elf/lib/mno-hw-mul/libsmallc.a(lib_a-strlen.o)
 .debug_ranges  0x0000000000000168       0x10 /home/chris/intelFPGA_lite/18.1/nios2eds/bin/gnu/H-x86_64-pc-linux-gnu/bin/../lib/gcc/nios2-elf/5.3.0/../../../../../H-x86_64-pc-linux-gnu/nios2-elf/lib/mno-hw-mul/libsmallc.a(lib_a-writer.o)
 .debug_ranges  0x0000000000000178       0x60 /home/chris/intelFPGA_lite/18.1/nios2eds/bin/gnu/H-x86_64-pc-linux-gnu/bin/../lib/gcc/nios2-elf/5.3.0/mno-hw-mul/libgcc.a(lib2-divmod.o)
 .debug_ranges  0x00000000000001d8       0x28 ../Alarm_SoC_bsp//libhal_bsp.a(alt_irq_entry.o)
 .debug_ranges  0x0000000000000200       0x10 ../Alarm_SoC_bsp//libhal_bsp.a(alt_irq_handler.o)
 .debug_ranges  0x0000000000000210       0x48 ../Alarm_SoC_bsp//libhal_bsp.a(alt_load.o)
 .debug_ranges  0x0000000000000258       0x20 ../Alarm_SoC_bsp//libhal_bsp.a(alt_write.o)
 .debug_ranges  0x0000000000000278       0x18 ../Alarm_SoC_bsp//libhal_bsp.a(alt_sys_init.o)
 .debug_ranges  0x0000000000000290       0x20 ../Alarm_SoC_bsp//libhal_bsp.a(alt_dev_llist_insert.o)
 .debug_ranges  0x00000000000002b0       0x30 ../Alarm_SoC_bsp//libhal_bsp.a(alt_exception_entry.o)
 .debug_ranges  0x00000000000002e0       0x18 ../Alarm_SoC_bsp//libhal_bsp.a(alt_instruction_exception_entry.o)
 .debug_ranges  0x00000000000002f8       0x10 /home/chris/intelFPGA_lite/18.1/nios2eds/bin/gnu/H-x86_64-pc-linux-gnu/bin/../lib/gcc/nios2-elf/5.3.0/../../../../../H-x86_64-pc-linux-gnu/nios2-elf/lib/mno-hw-mul/libsmallc.a(lib_a-memcmp.o)
